Archive member included to satisfy reference by file (symbol)

c:/progra~1/raspbe~1/picosd~1.1/gcc-ar~1/bin/../lib/gcc/arm-none-eabi/10.3.1/thumb/v6-m/nofp\libgcc.a(_dvmd_tls.o)
                              CMakeFiles/MQTT_CONTROL.dir/C_/Program_Files/Raspberry_Pi/Pico_SDK_v1.5.1/pico-sdk/src/rp2_common/pico_divider/divider.S.obj (__aeabi_idiv0)
c:/progra~1/raspbe~1/picosd~1.1/gcc-ar~1/bin/../lib/gcc/arm-none-eabi/10.3.1/../../../../arm-none-eabi/lib/thumb/v6-m/nofp\libc.a(lib_a-atoi.o)
                              CMakeFiles/MQTT_CONTROL.dir/main.c.obj (atoi)
c:/progra~1/raspbe~1/picosd~1.1/gcc-ar~1/bin/../lib/gcc/arm-none-eabi/10.3.1/../../../../arm-none-eabi/lib/thumb/v6-m/nofp\libc.a(lib_a-calloc.o)
                              CMakeFiles/MQTT_CONTROL.dir/C_/Program_Files/Raspberry_Pi/Pico_SDK_v1.5.1/pico-sdk/src/rp2_common/pico_malloc/pico_malloc.c.obj (calloc)
c:/progra~1/raspbe~1/picosd~1.1/gcc-ar~1/bin/../lib/gcc/arm-none-eabi/10.3.1/../../../../arm-none-eabi/lib/thumb/v6-m/nofp\libc.a(lib_a-callocr.o)
                              c:/progra~1/raspbe~1/picosd~1.1/gcc-ar~1/bin/../lib/gcc/arm-none-eabi/10.3.1/../../../../arm-none-eabi/lib/thumb/v6-m/nofp\libc.a(lib_a-calloc.o) (_calloc_r)
c:/progra~1/raspbe~1/picosd~1.1/gcc-ar~1/bin/../lib/gcc/arm-none-eabi/10.3.1/../../../../arm-none-eabi/lib/thumb/v6-m/nofp\libc.a(lib_a-ctype_.o)
                              CMakeFiles/MQTT_CONTROL.dir/C_/Program_Files/Raspberry_Pi/Pico_SDK_v1.5.1/pico-sdk/lib/lwip/src/core/dns.c.obj (_ctype_)
c:/progra~1/raspbe~1/picosd~1.1/gcc-ar~1/bin/../lib/gcc/arm-none-eabi/10.3.1/../../../../arm-none-eabi/lib/thumb/v6-m/nofp\libc.a(lib_a-errno.o)
                              c:/progra~1/raspbe~1/picosd~1.1/gcc-ar~1/bin/../lib/gcc/arm-none-eabi/10.3.1/../../../../arm-none-eabi/lib/thumb/v6-m/nofp\libc.a(lib_a-callocr.o) (__errno)
c:/progra~1/raspbe~1/picosd~1.1/gcc-ar~1/bin/../lib/gcc/arm-none-eabi/10.3.1/../../../../arm-none-eabi/lib/thumb/v6-m/nofp\libc.a(lib_a-impure.o)
                              c:/progra~1/raspbe~1/picosd~1.1/gcc-ar~1/bin/../lib/gcc/arm-none-eabi/10.3.1/../../../../arm-none-eabi/lib/thumb/v6-m/nofp\libc.a(lib_a-calloc.o) (_impure_ptr)
c:/progra~1/raspbe~1/picosd~1.1/gcc-ar~1/bin/../lib/gcc/arm-none-eabi/10.3.1/../../../../arm-none-eabi/lib/thumb/v6-m/nofp\libc.a(lib_a-init.o)
                              c:/progra~1/raspbe~1/picosd~1.1/gcc-ar~1/bin/../lib/gcc/arm-none-eabi/10.3.1/../../../../arm-none-eabi/lib/thumb/v6-m/nofp/crt0.o (__libc_init_array)
c:/progra~1/raspbe~1/picosd~1.1/gcc-ar~1/bin/../lib/gcc/arm-none-eabi/10.3.1/../../../../arm-none-eabi/lib/thumb/v6-m/nofp\libc.a(lib_a-malloc.o)
                              CMakeFiles/MQTT_CONTROL.dir/C_/Program_Files/Raspberry_Pi/Pico_SDK_v1.5.1/pico-sdk/src/rp2_common/pico_malloc/pico_malloc.c.obj (malloc)
c:/progra~1/raspbe~1/picosd~1.1/gcc-ar~1/bin/../lib/gcc/arm-none-eabi/10.3.1/../../../../arm-none-eabi/lib/thumb/v6-m/nofp\libc.a(lib_a-mallocr.o)
                              c:/progra~1/raspbe~1/picosd~1.1/gcc-ar~1/bin/../lib/gcc/arm-none-eabi/10.3.1/../../../../arm-none-eabi/lib/thumb/v6-m/nofp\libc.a(lib_a-callocr.o) (_malloc_r)
c:/progra~1/raspbe~1/picosd~1.1/gcc-ar~1/bin/../lib/gcc/arm-none-eabi/10.3.1/../../../../arm-none-eabi/lib/thumb/v6-m/nofp\libc.a(lib_a-memcmp.o)
                              CMakeFiles/MQTT_CONTROL.dir/C_/Program_Files/Raspberry_Pi/Pico_SDK_v1.5.1/pico-sdk/lib/lwip/src/netif/ethernet.c.obj (memcmp)
c:/progra~1/raspbe~1/picosd~1.1/gcc-ar~1/bin/../lib/gcc/arm-none-eabi/10.3.1/../../../../arm-none-eabi/lib/thumb/v6-m/nofp\libc.a(lib_a-memmove.o)
                              CMakeFiles/MQTT_CONTROL.dir/C_/Program_Files/Raspberry_Pi/Pico_SDK_v1.5.1/pico-sdk/lib/lwip/src/core/def.c.obj (memmove)
c:/progra~1/raspbe~1/picosd~1.1/gcc-ar~1/bin/../lib/gcc/arm-none-eabi/10.3.1/../../../../arm-none-eabi/lib/thumb/v6-m/nofp\libc.a(lib_a-mlock.o)
                              c:/progra~1/raspbe~1/picosd~1.1/gcc-ar~1/bin/../lib/gcc/arm-none-eabi/10.3.1/../../../../arm-none-eabi/lib/thumb/v6-m/nofp\libc.a(lib_a-mallocr.o) (__malloc_lock)
c:/progra~1/raspbe~1/picosd~1.1/gcc-ar~1/bin/../lib/gcc/arm-none-eabi/10.3.1/../../../../arm-none-eabi/lib/thumb/v6-m/nofp\libc.a(lib_a-realloc.o)
                              CMakeFiles/MQTT_CONTROL.dir/C_/Program_Files/Raspberry_Pi/Pico_SDK_v1.5.1/pico-sdk/src/rp2_common/pico_malloc/pico_malloc.c.obj (realloc)
c:/progra~1/raspbe~1/picosd~1.1/gcc-ar~1/bin/../lib/gcc/arm-none-eabi/10.3.1/../../../../arm-none-eabi/lib/thumb/v6-m/nofp\libc.a(lib_a-reallocr.o)
                              c:/progra~1/raspbe~1/picosd~1.1/gcc-ar~1/bin/../lib/gcc/arm-none-eabi/10.3.1/../../../../arm-none-eabi/lib/thumb/v6-m/nofp\libc.a(lib_a-realloc.o) (_realloc_r)
c:/progra~1/raspbe~1/picosd~1.1/gcc-ar~1/bin/../lib/gcc/arm-none-eabi/10.3.1/../../../../arm-none-eabi/lib/thumb/v6-m/nofp\libc.a(lib_a-sbrkr.o)
[...]
Memory Configuration

Name             Origin             Length             Attributes
FLASH            0x10000000         0x00200000         xr
RAM              0x20000000         0x00040000         xrw
SCRATCH_X        0x20040000         0x00001000         xrw
SCRATCH_Y        0x20041000         0x00001000         xrw
*default*        0x00000000         0xffffffff

Linker script and memory map

LOAD c:/progra~1/raspbe~1/picosd~1.1/gcc-ar~1/bin/../lib/gcc/arm-none-eabi/10.3.1/thumb/v6-m/nofp/crti.o
LOAD c:/progra~1/raspbe~1/picosd~1.1/gcc-ar~1/bin/../lib/gcc/arm-none-eabi/10.3.1/thumb/v6-m/nofp/crtbegin.o
LOAD c:/progra~1/raspbe~1/picosd~1.1/gcc-ar~1/bin/../lib/gcc/arm-none-eabi/10.3.1/../../../../arm-none-eabi/lib/thumb/v6-m/nofp/crt0.o

.flash_begin    0x10000000        0x0
                0x10000000                __flash_binary_start = .

.boot2          0x10000000      0x100
                0x10000000                __boot2_start__ = .
 *(.boot2)
 .boot2         0x10000000      0x100 C:\Users\Antonio\AppData\Local\Temp\cc0OEN2M.o
                0x10000100                __boot2_end__ = .
                0x00000001                ASSERT (((__boot2_end__ - __boot2_start__) == 0x100), ERROR: Pico second stage bootloader must be 256 bytes in size)

.text           0x10000100    0x19b68
                0x10000100                __logical_binary_start = .
 *(.vectors)
 .vectors       0x10000100       0xd4 CMakeFiles/MQTT_CONTROL.dir/C_/Program_Files/Raspberry_Pi/Pico_SDK_v1.5.1/pico-sdk/src/rp2_common/pico_standard_link/crt0.S.obj
                0x10000100                __VECTOR_TABLE
                0x10000100                __vectors
                0x100001c0                isr_invalid
                0x100001c0                __default_isrs_start
                0x100001c2                isr_nmi
                0x100001c4                isr_hardfault
                0x100001c6                isr_svcall
                0x100001c8                isr_pendsv
                0x100001ca                isr_systick
                0x100001cc                isr_irq23
                0x100001cc                isr_irq18
                0x100001cc                isr_irq11
                0x100001cc                isr_irq28
                0x100001cc                isr_irq19
                0x100001cc                isr_irq0
                0x100001cc                isr_irq6
                0x100001cc                isr_irq5
                0x100001cc                isr_irq12
                0x100001cc                isr_irq22
                0x100001cc                isr_irq31
                0x100001cc                isr_irq17
                0x100001cc                isr_irq27
                0x100001cc                isr_irq30
                0x100001cc                isr_irq2
                0x100001cc                isr_irq10
                0x100001cc                isr_irq8
                0x100001cc                isr_irq24
                0x100001cc                isr_irq1
                0x100001cc                isr_irq7
                0x100001cc                isr_irq21
                0x100001cc                isr_irq20
                0x100001cc                isr_irq15
                0x100001cc                isr_irq25
                0x100001cc                isr_irq13
                0x100001cc                __unhandled_user_irq
                0x100001cc                isr_irq4
                0x100001cc                isr_irq16
                0x100001cc                isr_irq29
                0x100001cc                isr_irq26
                0x100001cc                __default_isrs_end
                0x100001cc                isr_irq3
                0x100001cc                isr_irq14
                0x100001cc                isr_irq9
                0x100001d2                unhandled_user_irq_num_in_r0
 *(.binary_info_header)
 .binary_info_header
                0x100001d4       0x14 CMakeFiles/MQTT_CONTROL.dir/C_/Program_Files/Raspberry_Pi/Pico_SDK_v1.5.1/pico-sdk/src/rp2_common/pico_standard_link/crt0.S.obj
                0x100001e8                __binary_info_header_end = .
 *(.reset)
 .reset         0x100001e8       0xa0 CMakeFiles/MQTT_CONTROL.dir/C_/Program_Files/Raspberry_Pi/Pico_SDK_v1.5.1/pico-sdk/src/rp2_common/pico_standard_link/crt0.S.obj
                0x100001e8                _entry_point
 .reset         0x10000288       0x30 CMakeFiles/MQTT_CONTROL.dir/C_/Program_Files/Raspberry_Pi/Pico_SDK_v1.5.1/pico-sdk/src/rp2_common/pico_standard_link/binary_info.c.obj
 *(.init)
 .init          0x100002b8        0x4 c:/progra~1/raspbe~1/picosd~1.1/gcc-ar~1/bin/../lib/gcc/arm-none-eabi/10.3.1/thumb/v6-m/nofp/crti.o
                0x100002b8                _init
 *(EXCLUDE_FILE(*libm.a: *libc.a:*lib_a-mem*.o *libgcc.a:) .text*)
 .text          0x100002bc       0x48 c:/progra~1/raspbe~1/picosd~1.1/gcc-ar~1/bin/../lib/gcc/arm-none-eabi/10.3.1/thumb/v6-m/nofp/crtbegin.o
 .text.mqtt_request_cb
                0x10000304        0xc CMakeFiles/MQTT_CONTROL.dir/main.c.obj
 .text.mqtt_incoming_publish_cb
                0x10000310       0x10 CMakeFiles/MQTT_CONTROL.dir/main.c.obj
 .text.mqtt_connection_cb
                0x10000320       0x58 CMakeFiles/MQTT_CONTROL.dir/main.c.obj
 .text.rampaDutyCycle
                0x10000378       0xc4 CMakeFiles/MQTT_CONTROL.dir/main.c.obj
 .text.parseJSON
                0x1000043c       0x88 CMakeFiles/MQTT_CONTROL.dir/main.c.obj
                0x1000043c                parseJSON
 .text.mqtt_incoming_data_cb
                0x100004c4      0x16c CMakeFiles/MQTT_CONTROL.dir/main.c.obj
 .text.startup.main
                0x10000630      0x150 CMakeFiles/MQTT_CONTROL.dir/main.c.obj
                0x10000630                main
 .text.lwip_timeout_reached
                0x10000780        0x8 CMakeFiles/MQTT_CONTROL.dir/C_/Program_Files/Raspberry_Pi/Pico_SDK_v1.5.1/pico-sdk/src/rp2_common/pico_lwip/lwip_nosys.c.obj
 .text.update_next_timeout
                0x10000788       0x6c CMakeFiles/MQTT_CONTROL.dir/C_/Program_Files/Raspberry_Pi/Pico_SDK_v1.5.1/pico-sdk/src/rp2_common/pico_lwip/lwip_nosys.c.obj
 .text.lwip_nosys_init
                0x100007f4       0x30 CMakeFiles/MQTT_CONTROL.dir/C_/Program_Files/Raspberry_Pi/Pico_SDK_v1.5.1/pico-sdk/src/rp2_common/pico_lwip/lwip_nosys.c.obj
                0x100007f4                lwip_nosys_init
 .text.lwip_nosys_deinit
                0x10000824       0x20 CMakeFiles/MQTT_CONTROL.dir/C_/Program_Files/Raspberry_Pi/Pico_SDK_v1.5.1/pico-sdk/src/rp2_common/pico_lwip/lwip_nosys.c.obj
                0x10000824                lwip_nosys_deinit
 .text.sys_arch_protect
                0x10000844        0x4 CMakeFiles/MQTT_CONTROL.dir/C_/Program_Files/Raspberry_Pi/Pico_SDK_v1.5.1/pico-sdk/src/rp2_common/pico_lwip/lwip_nosys.c.obj
                0x10000844                sys_arch_protect
 .text.sys_arch_unprotect
                0x10000848        0x4 CMakeFiles/MQTT_CONTROL.dir/C_/Program_Files/Raspberry_Pi/Pico_SDK_v1.5.1/pico-sdk/src/rp2_common/pico_lwip/lwip_nosys.c.obj
                0x10000848                sys_arch_unprotect
 .text.sys_now  0x1000084c       0x20 CMakeFiles/MQTT_CONTROL.dir/C_/Program_Files/Raspberry_Pi/Pico_SDK_v1.5.1/pico-sdk/src/rp2_common/pico_lwip/lwip_nosys.c.obj
                0x1000084c                sys_now
 .text.async_context_base_add_at_time_worker
                0x1000086c       0x28 CMakeFiles/MQTT_CONTROL.dir/C_/Program_Files/Raspberry_Pi/Pico_SDK_v1.5.1/pico-sdk/src/rp2_common/pico_async_context/async_context_base.c.obj
                0x1000086c                async_context_base_add_at_time_worker
 .text.async_context_base_remove_at_time_worker
                0x10000894       0x28 CMakeFiles/MQTT_CONTROL.dir/C_/Program_Files/Raspberry_Pi/Pico_SDK_v1.5.1/pico-sdk/src/rp2_common/pico_async_context/async_context_base.c.obj
                0x10000894                async_context_base_remove_at_time_worker
 .text.async_context_base_add_when_pending_worker
                0x100008bc       0x24 CMakeFiles/MQTT_CONTROL.dir/C_/Program_Files/Raspberry_Pi/Pico_SDK_v1.5.1/pico-sdk/src/rp2_common/pico_async_context/async_context_base.c.obj
                0x100008bc                async_context_base_add_when_pending_worker
 .text.async_context_base_remove_when_pending_worker
                0x100008e0       0x28 CMakeFiles/MQTT_CONTROL.dir/C_/Program_Files/Raspberry_Pi/Pico_SDK_v1.5.1/pico-sdk/src/rp2_common/pico_async_context/async_context_base.c.obj
                0x100008e0                async_context_base_remove_when_pending_worker
 .text.async_context_base_execute_once
                0x10000908       0xe8 CMakeFiles/MQTT_CONTROL.dir/C_/Program_Files/Raspberry_Pi/Pico_SDK_v1.5.1/pico-sdk/src/rp2_common/pico_async_context/async_context_base.c.obj
                0x10000908                async_context_base_execute_once
 .text.running_on_fpga
                0x100009f0       0x10 CMakeFiles/MQTT_CONTROL.dir/C_/Program_Files/Raspberry_Pi/Pico_SDK_v1.5.1/pico-sdk/src/rp2_common/pico_platform/platform.c.obj
                0x100009f0                running_on_fpga
 .text.splitmix64
                0x10000a00       0x5c CMakeFiles/MQTT_CONTROL.dir/C_/Program_Files/Raspberry_Pi/Pico_SDK_v1.5.1/pico-sdk/src/rp2_common/pico_rand/rand.c.obj
 .text.xoroshiro128ss
                0x10000a5c       0x90 CMakeFiles/MQTT_CONTROL.dir/C_/Program_Files/Raspberry_Pi/Pico_SDK_v1.5.1/pico-sdk/src/rp2_common/pico_rand/rand.c.obj
 .text.get_rand_64
                0x10000aec      0x484 CMakeFiles/MQTT_CONTROL.dir/C_/Program_Files/Raspberry_Pi/Pico_SDK_v1.5.1/pico-sdk/src/rp2_common/pico_rand/rand.c.obj
                0x10000aec                get_rand_64
 .text.get_rand_32
                0x10000f70        0x8 CMakeFiles/MQTT_CONTROL.dir/C_/Program_Files/Raspberry_Pi/Pico_SDK_v1.5.1/pico-sdk/src/rp2_common/pico_rand/rand.c.obj
                0x10000f70                get_rand_32
 .text.startup._retrieve_unique_id_on_boot
                0x10000f78       0x10 CMakeFiles/MQTT_CONTROL.dir/C_/Program_Files/Raspberry_Pi/Pico_SDK_v1.5.1/pico-sdk/src/rp2_common/pico_unique_id/unique_id.c.obj
 .text.pico_get_unique_board_id
                0x10000f88       0x10 CMakeFiles/MQTT_CONTROL.dir/C_/Program_Files/Raspberry_Pi/Pico_SDK_v1.5.1/pico-sdk/src/rp2_common/pico_unique_id/unique_id.c.obj
                0x10000f88                pico_get_unique_board_id
 .text.pico_get_unique_board_id_string
                0x10000f98      0x1a8 CMakeFiles/MQTT_CONTROL.dir/C_/Program_Files/Raspberry_Pi/Pico_SDK_v1.5.1/pico-sdk/src/rp2_common/pico_unique_id/unique_id.c.obj
                0x10000f98                pico_get_unique_board_id_string
 .text.flash_get_unique_id
                0x10001140       0x40 CMakeFiles/MQTT_CONTROL.dir/C_/Program_Files/Raspberry_Pi/Pico_SDK_v1.5.1/pico-sdk/src/rp2_common/hardware_flash/flash.c.obj
                0x10001140                flash_get_unique_id
 .text.hw_claim_lock
                0x10001180       0x18 CMakeFiles/MQTT_CONTROL.dir/C_/Program_Files/Raspberry_Pi/Pico_SDK_v1.5.1/pico-sdk/src/rp2_common/hardware_claim/claim.c.obj
                0x10001180                hw_claim_lock
 .text.hw_claim_unlock
                0x10001198       0x14 CMakeFiles/MQTT_CONTROL.dir/C_/Program_Files/Raspberry_Pi/Pico_SDK_v1.5.1/pico-sdk/src/rp2_common/hardware_claim/claim.c.obj
                0x10001198                hw_claim_unlock
 .text.hw_claim_or_assert
                0x100011ac       0x44 CMakeFiles/MQTT_CONTROL.dir/C_/Program_Files/Raspberry_Pi/Pico_SDK_v1.5.1/pico-sdk/src/rp2_common/hardware_claim/claim.c.obj
                0x100011ac                hw_claim_or_assert
 .text.hw_claim_unused_from_range
                0x100011f0       0x9c CMakeFiles/MQTT_CONTROL.dir/C_/Program_Files/Raspberry_Pi/Pico_SDK_v1.5.1/pico-sdk/src/rp2_common/hardware_claim/claim.c.obj
                0x100011f0                hw_claim_unused_from_range
 .text.hw_claim_clear
                0x1000128c       0x38 CMakeFiles/MQTT_CONTROL.dir/C_/Program_Files/Raspberry_Pi/Pico_SDK_v1.5.1/pico-sdk/src/rp2_common/hardware_claim/claim.c.obj
                0x1000128c                hw_claim_clear
 .text.spin_locks_reset
                0x100012c4       0x1c CMakeFiles/MQTT_CONTROL.dir/C_/Program_Files/Raspberry_Pi/Pico_SDK_v1.5.1/pico-sdk/src/rp2_common/hardware_sync/sync.c.obj
                0x100012c4                spin_locks_reset
 .text.next_striped_spin_lock_num
                0x100012e0       0x18 CMakeFiles/MQTT_CONTROL.dir/C_/Program_Files/Raspberry_Pi/Pico_SDK_v1.5.1/pico-sdk/src/rp2_common/hardware_sync/sync.c.obj
                0x100012e0                next_striped_spin_lock_num
 .text.spin_lock_claim_unused
                0x100012f8       0x20 CMakeFiles/MQTT_CONTROL.dir/C_/Program_Files/Raspberry_Pi/Pico_SDK_v1.5.1/pico-sdk/src/rp2_common/hardware_sync/sync.c.obj
                0x100012f8                spin_lock_claim_unused
 .text.rom_func_lookup
                0x10001318       0x10 CMakeFiles/MQTT_CONTROL.dir/C_/Program_Files/Raspberry_Pi/Pico_SDK_v1.5.1/pico-sdk/src/rp2_common/pico_bootrom/bootrom.c.obj
                0x10001318                rom_func_lookup
 .text.rom_data_lookup
                0x10001328       0x10 CMakeFiles/MQTT_CONTROL.dir/C_/Program_Files/Raspberry_Pi/Pico_SDK_v1.5.1/pico-sdk/src/rp2_common/pico_bootrom/bootrom.c.obj
                0x10001328                rom_data_lookup
 .text.rom_funcs_lookup
                0x10001338       0x44 CMakeFiles/MQTT_CONTROL.dir/C_/Program_Files/Raspberry_Pi/Pico_SDK_v1.5.1/pico-sdk/src/rp2_common/pico_bootrom/bootrom.c.obj
                0x10001338                rom_funcs_lookup
 .text.clocks_init
                0x1000137c      0x2d0 CMakeFiles/MQTT_CONTROL.dir/C_/Program_Files/Raspberry_Pi/Pico_SDK_v1.5.1/pico-sdk/src/rp2_common/hardware_clocks/clocks.c.obj
                0x1000137c                clocks_init
 .text.clock_get_hz
                0x1000164c        0xc CMakeFiles/MQTT_CONTROL.dir/C_/Program_Files/Raspberry_Pi/Pico_SDK_v1.5.1/pico-sdk/src/rp2_common/hardware_clocks/clocks.c.obj
                0x1000164c                clock_get_hz
 .text.gpio_set_function
                0x10001658       0x30 CMakeFiles/MQTT_CONTROL.dir/C_/Program_Files/Raspberry_Pi/Pico_SDK_v1.5.1/pico-sdk/src/rp2_common/hardware_gpio/gpio.c.obj
                0x10001658                gpio_set_function
 .text.gpio_set_pulls
                0x10001688       0x30 CMakeFiles/MQTT_CONTROL.dir/C_/Program_Files/Raspberry_Pi/Pico_SDK_v1.5.1/pico-sdk/src/rp2_common/hardware_gpio/gpio.c.obj
                0x10001688                gpio_set_pulls
 .text.gpio_set_input_hysteresis_enabled
                0x100016b8       0x28 CMakeFiles/MQTT_CONTROL.dir/C_/Program_Files/Raspberry_Pi/Pico_SDK_v1.5.1/pico-sdk/src/rp2_common/hardware_gpio/gpio.c.obj
                0x100016b8                gpio_set_input_hysteresis_enabled
 .text.gpio_set_irq_enabled
                0x100016e0       0x54 CMakeFiles/MQTT_CONTROL.dir/C_/Program_Files/Raspberry_Pi/Pico_SDK_v1.5.1/pico-sdk/src/rp2_common/hardware_gpio/gpio.c.obj
                0x100016e0                gpio_set_irq_enabled
 .text.gpio_add_raw_irq_handler_with_order_priority_masked
                0x10001734       0x44 CMakeFiles/MQTT_CONTROL.dir/C_/Program_Files/Raspberry_Pi/Pico_SDK_v1.5.1/pico-sdk/src/rp2_common/hardware_gpio/gpio.c.obj
                0x10001734                gpio_add_raw_irq_handler_with_order_priority_masked
 .text.gpio_remove_raw_irq_handler_masked
                0x10001778       0x20 CMakeFiles/MQTT_CONTROL.dir/C_/Program_Files/Raspberry_Pi/Pico_SDK_v1.5.1/pico-sdk/src/rp2_common/hardware_gpio/gpio.c.obj
                0x10001778                gpio_remove_raw_irq_handler_masked
 .text.gpio_init
                0x10001798       0x3c CMakeFiles/MQTT_CONTROL.dir/C_/Program_Files/Raspberry_Pi/Pico_SDK_v1.5.1/pico-sdk/src/rp2_common/hardware_gpio/gpio.c.obj
                0x10001798                gpio_init
 .text.irq_set_enabled
                0x100017d4       0x24 CMakeFiles/MQTT_CONTROL.dir/C_/Program_Files/Raspberry_Pi/Pico_SDK_v1.5.1/pico-sdk/src/rp2_common/hardware_irq/irq.c.obj
                0x100017d4                irq_set_enabled
 .text.irq_set_pending
                0x100017f8       0x10 CMakeFiles/MQTT_CONTROL.dir/C_/Program_Files/Raspberry_Pi/Pico_SDK_v1.5.1/pico-sdk/src/rp2_common/hardware_irq/irq.c.obj
                0x100017f8                irq_set_pending
 .text.irq_has_shared_handler
                0x10001808       0x2c CMakeFiles/MQTT_CONTROL.dir/C_/Program_Files/Raspberry_Pi/Pico_SDK_v1.5.1/pico-sdk/src/rp2_common/hardware_irq/irq.c.obj
                0x10001808                irq_has_shared_handler
 .text.irq_get_vtable_handler
                0x10001834       0x10 CMakeFiles/MQTT_CONTROL.dir/C_/Program_Files/Raspberry_Pi/Pico_SDK_v1.5.1/pico-sdk/src/rp2_common/hardware_irq/irq.c.obj
                0x10001834                irq_get_vtable_handler
 .text.irq_set_exclusive_handler
                0x10001844       0x54 CMakeFiles/MQTT_CONTROL.dir/C_/Program_Files/Raspberry_Pi/Pico_SDK_v1.5.1/pico-sdk/src/rp2_common/hardware_irq/irq.c.obj
                0x10001844                irq_set_exclusive_handler
 .text.irq_add_shared_handler
                0x10001898      0x1e8 CMakeFiles/MQTT_CONTROL.dir/C_/Program_Files/Raspberry_Pi/Pico_SDK_v1.5.1/pico-sdk/src/rp2_common/hardware_irq/irq.c.obj
                0x10001898                irq_add_shared_handler
 .text.irq_remove_handler
                0x10001a80      0x1b0 CMakeFiles/MQTT_CONTROL.dir/C_/Program_Files/Raspberry_Pi/Pico_SDK_v1.5.1/pico-sdk/src/rp2_common/hardware_irq/irq.c.obj
                0x10001a80                irq_remove_handler
 .text.irq_set_priority
                0x10001c30       0x28 CMakeFiles/MQTT_CONTROL.dir/C_/Program_Files/Raspberry_Pi/Pico_SDK_v1.5.1/pico-sdk/src/rp2_common/hardware_irq/irq.c.obj
                0x10001c30                irq_set_priority
 .text.irq_add_tail_to_free_list
                0x10001c58       0xb4 CMakeFiles/MQTT_CONTROL.dir/C_/Program_Files/Raspberry_Pi/Pico_SDK_v1.5.1/pico-sdk/src/rp2_common/hardware_irq/irq.c.obj
                0x10001c58                irq_add_tail_to_free_list
 .text.irq_init_priorities
                0x10001d0c       0x24 CMakeFiles/MQTT_CONTROL.dir/C_/Program_Files/Raspberry_Pi/Pico_SDK_v1.5.1/pico-sdk/src/rp2_common/hardware_irq/irq.c.obj
                0x10001d0c                irq_init_priorities
 .text.user_irq_unclaim
                0x10001d30       0x14 CMakeFiles/MQTT_CONTROL.dir/C_/Program_Files/Raspberry_Pi/Pico_SDK_v1.5.1/pico-sdk/src/rp2_common/hardware_irq/irq.c.obj
                0x10001d30                user_irq_unclaim
 .text.user_irq_claim_unused
                0x10001d44       0x28 CMakeFiles/MQTT_CONTROL.dir/C_/Program_Files/Raspberry_Pi/Pico_SDK_v1.5.1/pico-sdk/src/rp2_common/hardware_irq/irq.c.obj
                0x10001d44                user_irq_claim_unused
 .text.sem_init
                0x10001d6c       0x20 CMakeFiles/MQTT_CONTROL.dir/C_/Program_Files/Raspberry_Pi/Pico_SDK_v1.5.1/pico-sdk/src/common/pico_sync/sem.c.obj
                0x10001d6c                sem_init
 .text.lock_init
                0x10001d8c       0x10 CMakeFiles/MQTT_CONTROL.dir/C_/Program_Files/Raspberry_Pi/Pico_SDK_v1.5.1/pico-sdk/src/common/pico_sync/lock_core.c.obj
                0x10001d8c                lock_init
 .text.mutex_init
                0x10001d9c       0x1c CMakeFiles/MQTT_CONTROL.dir/C_/Program_Files/Raspberry_Pi/Pico_SDK_v1.5.1/pico-sdk/src/common/pico_sync/mutex.c.obj
                0x10001d9c                mutex_init
 .text.recursive_mutex_init
                0x10001db8       0x1c CMakeFiles/MQTT_CONTROL.dir/C_/Program_Files/Raspberry_Pi/Pico_SDK_v1.5.1/pico-sdk/src/common/pico_sync/mutex.c.obj
                0x10001db8                recursive_mutex_init
 .text.critical_section_init
                0x10001dd4       0x20 CMakeFiles/MQTT_CONTROL.dir/C_/Program_Files/Raspberry_Pi/Pico_SDK_v1.5.1/pico-sdk/src/common/pico_sync/critical_section.c.obj
                0x10001dd4                critical_section_init
 .text.critical_section_init_with_lock_num
                0x10001df4       0x14 CMakeFiles/MQTT_CONTROL.dir/C_/Program_Files/Raspberry_Pi/Pico_SDK_v1.5.1/pico-sdk/src/common/pico_sync/critical_section.c.obj
                0x10001df4                critical_section_init_with_lock_num
 .text.timer_pool_entry_comparator
                0x10001e08       0x34 CMakeFiles/MQTT_CONTROL.dir/C_/Program_Files/Raspberry_Pi/Pico_SDK_v1.5.1/pico-sdk/src/common/pico_time/time.c.obj
                0x10001e08                timer_pool_entry_comparator
 .text.sleep_until_callback
                0x10001e3c       0x30 CMakeFiles/MQTT_CONTROL.dir/C_/Program_Files/Raspberry_Pi/Pico_SDK_v1.5.1/pico-sdk/src/common/pico_time/time.c.obj
 .text.add_alarm_under_lock.isra.0
                0x10001e6c      0x100 CMakeFiles/MQTT_CONTROL.dir/C_/Program_Files/Raspberry_Pi/Pico_SDK_v1.5.1/pico-sdk/src/common/pico_time/time.c.obj
 .text.alarm_pool_alarm_callback
                0x10001f6c      0x1bc CMakeFiles/MQTT_CONTROL.dir/C_/Program_Files/Raspberry_Pi/Pico_SDK_v1.5.1/pico-sdk/src/common/pico_time/time.c.obj
 .text.alarm_pool_init_default
                0x10002128       0x6c CMakeFiles/MQTT_CONTROL.dir/C_/Program_Files/Raspberry_Pi/Pico_SDK_v1.5.1/pico-sdk/src/common/pico_time/time.c.obj
                0x10002128                alarm_pool_init_default
 .text.alarm_pool_get_default
                0x10002194        0x8 CMakeFiles/MQTT_CONTROL.dir/C_/Program_Files/Raspberry_Pi/Pico_SDK_v1.5.1/pico-sdk/src/common/pico_time/time.c.obj
                0x10002194                alarm_pool_get_default
 .text.alarm_pool_add_alarm_at
                0x1000219c      0x178 CMakeFiles/MQTT_CONTROL.dir/C_/Program_Files/Raspberry_Pi/Pico_SDK_v1.5.1/pico-sdk/src/common/pico_time/time.c.obj
                0x1000219c                alarm_pool_add_alarm_at
 .text.alarm_pool_cancel_alarm
                0x10002314       0x78 CMakeFiles/MQTT_CONTROL.dir/C_/Program_Files/Raspberry_Pi/Pico_SDK_v1.5.1/pico-sdk/src/common/pico_time/time.c.obj
                0x10002314                alarm_pool_cancel_alarm
 .text.alarm_pool_core_num
                0x1000238c        0x4 CMakeFiles/MQTT_CONTROL.dir/C_/Program_Files/Raspberry_Pi/Pico_SDK_v1.5.1/pico-sdk/src/common/pico_time/time.c.obj
                0x1000238c                alarm_pool_core_num
 .text.sleep_until
                0x10002390       0xc4 CMakeFiles/MQTT_CONTROL.dir/C_/Program_Files/Raspberry_Pi/Pico_SDK_v1.5.1/pico-sdk/src/common/pico_time/time.c.obj
                0x10002390                sleep_until
 .text.sleep_ms
                0x10002454       0x34 CMakeFiles/MQTT_CONTROL.dir/C_/Program_Files/Raspberry_Pi/Pico_SDK_v1.5.1/pico-sdk/src/common/pico_time/time.c.obj
                0x10002454                sleep_ms
 .text.best_effort_wfe_or_timeout
                0x10002488       0xd4 CMakeFiles/MQTT_CONTROL.dir/C_/Program_Files/Raspberry_Pi/Pico_SDK_v1.5.1/pico-sdk/src/common/pico_time/time.c.obj
                0x10002488                best_effort_wfe_or_timeout
 .text.hardware_alarm_irq_handler
                0x1000255c       0xbc CMakeFiles/MQTT_CONTROL.dir/C_/Program_Files/Raspberry_Pi/Pico_SDK_v1.5.1/pico-sdk/src/rp2_common/hardware_timer/timer.c.obj
 .text.hardware_alarm_claim
                0x10002618       0x18 CMakeFiles/MQTT_CONTROL.dir/C_/Program_Files/Raspberry_Pi/Pico_SDK_v1.5.1/pico-sdk/src/rp2_common/hardware_timer/timer.c.obj
                0x10002618                hardware_alarm_claim
 .text.time_us_64
                0x10002630       0x14 CMakeFiles/MQTT_CONTROL.dir/C_/Program_Files/Raspberry_Pi/Pico_SDK_v1.5.1/pico-sdk/src/rp2_common/hardware_timer/timer.c.obj
                0x10002630                time_us_64
 .text.busy_wait_until
                0x10002644       0x20 CMakeFiles/MQTT_CONTROL.dir/C_/Program_Files/Raspberry_Pi/Pico_SDK_v1.5.1/pico-sdk/src/rp2_common/hardware_timer/timer.c.obj
                0x10002644                busy_wait_until
 .text.hardware_alarm_set_callback
                0x10002664       0x8c CMakeFiles/MQTT_CONTROL.dir/C_/Program_Files/Raspberry_Pi/Pico_SDK_v1.5.1/pico-sdk/src/rp2_common/hardware_timer/timer.c.obj
                0x10002664                hardware_alarm_set_callback
 .text.hardware_alarm_set_target
                0x100026f0       0xd4 CMakeFiles/MQTT_CONTROL.dir/C_/Program_Files/Raspberry_Pi/Pico_SDK_v1.5.1/pico-sdk/src/rp2_common/hardware_timer/timer.c.obj
                0x100026f0                hardware_alarm_set_target
 .text.hardware_alarm_cancel
                0x100027c4       0x3c CMakeFiles/MQTT_CONTROL.dir/C_/Program_Files/Raspberry_Pi/Pico_SDK_v1.5.1/pico-sdk/src/rp2_common/hardware_timer/timer.c.obj
                0x100027c4                hardware_alarm_cancel
 .text.ph_merge_nodes
                0x10002800       0x68 CMakeFiles/MQTT_CONTROL.dir/C_/Program_Files/Raspberry_Pi/Pico_SDK_v1.5.1/pico-sdk/src/common/pico_util/pheap.c.obj
 .text.ph_post_alloc_init
                0x10002868       0x3c CMakeFiles/MQTT_CONTROL.dir/C_/Program_Files/Raspberry_Pi/Pico_SDK_v1.5.1/pico-sdk/src/common/pico_util/pheap.c.obj
                0x10002868                ph_post_alloc_init
 .text.ph_merge_two_pass
                0x100028a4       0x90 CMakeFiles/MQTT_CONTROL.dir/C_/Program_Files/Raspberry_Pi/Pico_SDK_v1.5.1/pico-sdk/src/common/pico_util/pheap.c.obj
                0x100028a4                ph_merge_two_pass
 .text.ph_remove_any_head
                0x10002934      0x100 CMakeFiles/MQTT_CONTROL.dir/C_/Program_Files/Raspberry_Pi/Pico_SDK_v1.5.1/pico-sdk/src/common/pico_util/pheap.c.obj
 .text.ph_remove_head
                0x10002a34      0x104 CMakeFiles/MQTT_CONTROL.dir/C_/Program_Files/Raspberry_Pi/Pico_SDK_v1.5.1/pico-sdk/src/common/pico_util/pheap.c.obj
                0x10002a34                ph_remove_head
 .text.ph_remove_and_free_node
                0x10002b38       0x7c CMakeFiles/MQTT_CONTROL.dir/C_/Program_Files/Raspberry_Pi/Pico_SDK_v1.5.1/pico-sdk/src/common/pico_util/pheap.c.obj
                0x10002b38                ph_remove_and_free_node
 .text.pll_init
                0x10002bb4       0xa0 CMakeFiles/MQTT_CONTROL.dir/C_/Program_Files/Raspberry_Pi/Pico_SDK_v1.5.1/pico-sdk/src/rp2_common/hardware_pll/pll.c.obj
                0x10002bb4                pll_init
 .text.watchdog_start_tick
                0x10002c54       0x10 CMakeFiles/MQTT_CONTROL.dir/C_/Program_Files/Raspberry_Pi/Pico_SDK_v1.5.1/pico-sdk/src/rp2_common/hardware_watchdog/watchdog.c.obj
                0x10002c54                watchdog_start_tick
 .text.watchdog_reboot
                0x10002c64       0x98 CMakeFiles/MQTT_CONTROL.dir/C_/Program_Files/Raspberry_Pi/Pico_SDK_v1.5.1/pico-sdk/src/rp2_common/hardware_watchdog/watchdog.c.obj
                0x10002c64                watchdog_reboot
 .text.xosc_init
                0x10002cfc       0x28 CMakeFiles/MQTT_CONTROL.dir/C_/Program_Files/Raspberry_Pi/Pico_SDK_v1.5.1/pico-sdk/src/rp2_common/hardware_xosc/xosc.c.obj
                0x10002cfc                xosc_init
 .text.lwip_init
                0x10002d24       0x24 CMakeFiles/MQTT_CONTROL.dir/C_/Program_Files/Raspberry_Pi/Pico_SDK_v1.5.1/pico-sdk/lib/lwip/src/core/init.c.obj
                0x10002d24                lwip_init
 .text.lwip_htons
                0x10002d48        0x8 CMakeFiles/MQTT_CONTROL.dir/C_/Program_Files/Raspberry_Pi/Pico_SDK_v1.5.1/pico-sdk/lib/lwip/src/core/def.c.obj
                0x10002d48                lwip_htons
 .text.lwip_htonl
                0x10002d50        0x4 CMakeFiles/MQTT_CONTROL.dir/C_/Program_Files/Raspberry_Pi/Pico_SDK_v1.5.1/pico-sdk/lib/lwip/src/core/def.c.obj
                0x10002d50                lwip_htonl
 .text.dns_call_found
                0x10002d54      0x134 CMakeFiles/MQTT_CONTROL.dir/C_/Program_Files/Raspberry_Pi/Pico_SDK_v1.5.1/pico-sdk/lib/lwip/src/core/dns.c.obj
 .text.dns_send.isra.0
                0x10002e88      0x168 CMakeFiles/MQTT_CONTROL.dir/C_/Program_Files/Raspberry_Pi/Pico_SDK_v1.5.1/pico-sdk/lib/lwip/src/core/dns.c.obj
 .text.dns_init
                0x10002ff0        0x4 CMakeFiles/MQTT_CONTROL.dir/C_/Program_Files/Raspberry_Pi/Pico_SDK_v1.5.1/pico-sdk/lib/lwip/src/core/dns.c.obj
                0x10002ff0                dns_init
 .text.dns_setserver
                0x10002ff4       0x2c CMakeFiles/MQTT_CONTROL.dir/C_/Program_Files/Raspberry_Pi/Pico_SDK_v1.5.1/pico-sdk/lib/lwip/src/core/dns.c.obj
                0x10002ff4                dns_setserver
 .text.dns_tmr  0x10003020      0x138 CMakeFiles/MQTT_CONTROL.dir/C_/Program_Files/Raspberry_Pi/Pico_SDK_v1.5.1/pico-sdk/lib/lwip/src/core/dns.c.obj
                0x10003020                dns_tmr
 .text.lwip_standard_chksum
                0x10003158       0xd8 CMakeFiles/MQTT_CONTROL.dir/C_/Program_Files/Raspberry_Pi/Pico_SDK_v1.5.1/pico-sdk/lib/lwip/src/core/inet_chksum.c.obj
                0x10003158                lwip_standard_chksum
 .text.inet_chksum_pseudo
                0x10003230       0xb4 CMakeFiles/MQTT_CONTROL.dir/C_/Program_Files/Raspberry_Pi/Pico_SDK_v1.5.1/pico-sdk/lib/lwip/src/core/inet_chksum.c.obj
                0x10003230                inet_chksum_pseudo
 .text.ip_chksum_pseudo
                0x100032e4       0x10 CMakeFiles/MQTT_CONTROL.dir/C_/Program_Files/Raspberry_Pi/Pico_SDK_v1.5.1/pico-sdk/lib/lwip/src/core/inet_chksum.c.obj
                0x100032e4                ip_chksum_pseudo
 .text.inet_chksum
                0x100032f4        0xc CMakeFiles/MQTT_CONTROL.dir/C_/Program_Files/Raspberry_Pi/Pico_SDK_v1.5.1/pico-sdk/lib/lwip/src/core/inet_chksum.c.obj
                0x100032f4                inet_chksum
 .text.inet_chksum_pbuf
                0x10003300       0x6c CMakeFiles/MQTT_CONTROL.dir/C_/Program_Files/Raspberry_Pi/Pico_SDK_v1.5.1/pico-sdk/lib/lwip/src/core/inet_chksum.c.obj
                0x10003300                inet_chksum_pbuf
 .text.mem_init
                0x1000336c       0x40 CMakeFiles/MQTT_CONTROL.dir/C_/Program_Files/Raspberry_Pi/Pico_SDK_v1.5.1/pico-sdk/lib/lwip/src/core/mem.c.obj
                0x1000336c                mem_init
 .text.mem_free
                0x100033ac      0x11c CMakeFiles/MQTT_CONTROL.dir/C_/Program_Files/Raspberry_Pi/Pico_SDK_v1.5.1/pico-sdk/lib/lwip/src/core/mem.c.obj
                0x100033ac                mem_free
 .text.mem_trim
                0x100034c8      0x110 CMakeFiles/MQTT_CONTROL.dir/C_/Program_Files/Raspberry_Pi/Pico_SDK_v1.5.1/pico-sdk/lib/lwip/src/core/mem.c.obj
                0x100034c8                mem_trim
 .text.mem_malloc
                0x100035d8      0x120 CMakeFiles/MQTT_CONTROL.dir/C_/Program_Files/Raspberry_Pi/Pico_SDK_v1.5.1/pico-sdk/lib/lwip/src/core/mem.c.obj
                0x100035d8                mem_malloc
 .text.mem_calloc
                0x100036f8       0x28 CMakeFiles/MQTT_CONTROL.dir/C_/Program_Files/Raspberry_Pi/Pico_SDK_v1.5.1/pico-sdk/lib/lwip/src/core/mem.c.obj
                0x100036f8                mem_calloc
 .text.memp_init
                0x10003720       0x6c CMakeFiles/MQTT_CONTROL.dir/C_/Program_Files/Raspberry_Pi/Pico_SDK_v1.5.1/pico-sdk/lib/lwip/src/core/memp.c.obj
                0x10003720                memp_init
 .text.memp_malloc
                0x1000378c       0x3c CMakeFiles/MQTT_CONTROL.dir/C_/Program_Files/Raspberry_Pi/Pico_SDK_v1.5.1/pico-sdk/lib/lwip/src/core/memp.c.obj
                0x1000378c                memp_malloc
 .text.memp_free
                0x100037c8       0x38 CMakeFiles/MQTT_CONTROL.dir/C_/Program_Files/Raspberry_Pi/Pico_SDK_v1.5.1/pico-sdk/lib/lwip/src/core/memp.c.obj
                0x100037c8                memp_free
 .text.netif_null_output_ip4
                0x10003800        0x8 CMakeFiles/MQTT_CONTROL.dir/C_/Program_Files/Raspberry_Pi/Pico_SDK_v1.5.1/pico-sdk/lib/lwip/src/core/netif.c.obj
 .text.netif_do_set_ipaddr.isra.0
                0x10003808       0x70 CMakeFiles/MQTT_CONTROL.dir/C_/Program_Files/Raspberry_Pi/Pico_SDK_v1.5.1/pico-sdk/lib/lwip/src/core/netif.c.obj
 .text.netif_init
                0x10003878        0x4 CMakeFiles/MQTT_CONTROL.dir/C_/Program_Files/Raspberry_Pi/Pico_SDK_v1.5.1/pico-sdk/lib/lwip/src/core/netif.c.obj
                0x10003878                netif_init
 .text.netif_add
                0x1000387c      0x144 CMakeFiles/MQTT_CONTROL.dir/C_/Program_Files/Raspberry_Pi/Pico_SDK_v1.5.1/pico-sdk/lib/lwip/src/core/netif.c.obj
                0x1000387c                netif_add
 .text.netif_set_addr
                0x100039c0       0xb8 CMakeFiles/MQTT_CONTROL.dir/C_/Program_Files/Raspberry_Pi/Pico_SDK_v1.5.1/pico-sdk/lib/lwip/src/core/netif.c.obj
                0x100039c0                netif_set_addr
 .text.netif_remove
                0x10003a78       0x94 CMakeFiles/MQTT_CONTROL.dir/C_/Program_Files/Raspberry_Pi/Pico_SDK_v1.5.1/pico-sdk/lib/lwip/src/core/netif.c.obj
                0x10003a78                netif_remove
 .text.netif_set_default
                0x10003b0c        0xc CMakeFiles/MQTT_CONTROL.dir/C_/Program_Files/Raspberry_Pi/Pico_SDK_v1.5.1/pico-sdk/lib/lwip/src/core/netif.c.obj
                0x10003b0c                netif_set_default
 .text.netif_set_up
                0x10003b18       0x40 CMakeFiles/MQTT_CONTROL.dir/C_/Program_Files/Raspberry_Pi/Pico_SDK_v1.5.1/pico-sdk/lib/lwip/src/core/netif.c.obj
                0x10003b18                netif_set_up
 .text.netif_set_link_up
                0x10003b58       0x44 CMakeFiles/MQTT_CONTROL.dir/C_/Program_Files/Raspberry_Pi/Pico_SDK_v1.5.1/pico-sdk/lib/lwip/src/core/netif.c.obj
                0x10003b58                netif_set_link_up
 .text.netif_set_link_down
                0x10003b9c       0x20 CMakeFiles/MQTT_CONTROL.dir/C_/Program_Files/Raspberry_Pi/Pico_SDK_v1.5.1/pico-sdk/lib/lwip/src/core/netif.c.obj
                0x10003b9c                netif_set_link_down
 .text.netif_get_by_index
                0x10003bbc       0x2c CMakeFiles/MQTT_CONTROL.dir/C_/Program_Files/Raspberry_Pi/Pico_SDK_v1.5.1/pico-sdk/lib/lwip/src/core/netif.c.obj
                0x10003bbc                netif_get_by_index
 .text.pbuf_free.part.0
                0x10003be8       0x7c CMakeFiles/MQTT_CONTROL.dir/C_/Program_Files/Raspberry_Pi/Pico_SDK_v1.5.1/pico-sdk/lib/lwip/src/core/pbuf.c.obj
 .text.pbuf_free_ooseq
                0x10003c64       0x34 CMakeFiles/MQTT_CONTROL.dir/C_/Program_Files/Raspberry_Pi/Pico_SDK_v1.5.1/pico-sdk/lib/lwip/src/core/pbuf.c.obj
                0x10003c64                pbuf_free_ooseq
 .text.pbuf_alloc
                0x10003c98      0x130 CMakeFiles/MQTT_CONTROL.dir/C_/Program_Files/Raspberry_Pi/Pico_SDK_v1.5.1/pico-sdk/lib/lwip/src/core/pbuf.c.obj
                0x10003c98                pbuf_alloc
 .text.pbuf_realloc
                0x10003dc8       0x88 CMakeFiles/MQTT_CONTROL.dir/C_/Program_Files/Raspberry_Pi/Pico_SDK_v1.5.1/pico-sdk/lib/lwip/src/core/pbuf.c.obj
                0x10003dc8                pbuf_realloc
 .text.pbuf_add_header
                0x10003e50       0x54 CMakeFiles/MQTT_CONTROL.dir/C_/Program_Files/Raspberry_Pi/Pico_SDK_v1.5.1/pico-sdk/lib/lwip/src/core/pbuf.c.obj
                0x10003e50                pbuf_add_header
 .text.pbuf_remove_header
                0x10003ea4       0x44 CMakeFiles/MQTT_CONTROL.dir/C_/Program_Files/Raspberry_Pi/Pico_SDK_v1.5.1/pico-sdk/lib/lwip/src/core/pbuf.c.obj
                0x10003ea4                pbuf_remove_header
 .text.pbuf_header_force
                0x10003ee8       0x74 CMakeFiles/MQTT_CONTROL.dir/C_/Program_Files/Raspberry_Pi/Pico_SDK_v1.5.1/pico-sdk/lib/lwip/src/core/pbuf.c.obj
                0x10003ee8                pbuf_header_force
 .text.pbuf_free
                0x10003f5c       0x18 CMakeFiles/MQTT_CONTROL.dir/C_/Program_Files/Raspberry_Pi/Pico_SDK_v1.5.1/pico-sdk/lib/lwip/src/core/pbuf.c.obj
                0x10003f5c                pbuf_free
 .text.pbuf_clen
                0x10003f74       0x14 CMakeFiles/MQTT_CONTROL.dir/C_/Program_Files/Raspberry_Pi/Pico_SDK_v1.5.1/pico-sdk/lib/lwip/src/core/pbuf.c.obj
                0x10003f74                pbuf_clen
 .text.pbuf_ref
                0x10003f88       0x28 CMakeFiles/MQTT_CONTROL.dir/C_/Program_Files/Raspberry_Pi/Pico_SDK_v1.5.1/pico-sdk/lib/lwip/src/core/pbuf.c.obj
                0x10003f88                pbuf_ref
 .text.pbuf_cat
                0x10003fb0       0x3c CMakeFiles/MQTT_CONTROL.dir/C_/Program_Files/Raspberry_Pi/Pico_SDK_v1.5.1/pico-sdk/lib/lwip/src/core/pbuf.c.obj
                0x10003fb0                pbuf_cat
 .text.pbuf_chain
                0x10003fec       0x64 CMakeFiles/MQTT_CONTROL.dir/C_/Program_Files/Raspberry_Pi/Pico_SDK_v1.5.1/pico-sdk/lib/lwip/src/core/pbuf.c.obj
                0x10003fec                pbuf_chain
 .text.pbuf_copy_partial_pbuf
                0x10004050      0x13c CMakeFiles/MQTT_CONTROL.dir/C_/Program_Files/Raspberry_Pi/Pico_SDK_v1.5.1/pico-sdk/lib/lwip/src/core/pbuf.c.obj
                0x10004050                pbuf_copy_partial_pbuf
 .text.pbuf_copy
                0x1000418c       0x18 CMakeFiles/MQTT_CONTROL.dir/C_/Program_Files/Raspberry_Pi/Pico_SDK_v1.5.1/pico-sdk/lib/lwip/src/core/pbuf.c.obj
                0x1000418c                pbuf_copy
 .text.pbuf_copy_partial
                0x100041a4       0x70 CMakeFiles/MQTT_CONTROL.dir/C_/Program_Files/Raspberry_Pi/Pico_SDK_v1.5.1/pico-sdk/lib/lwip/src/core/pbuf.c.obj
                0x100041a4                pbuf_copy_partial
 .text.pbuf_get_contiguous
                0x10004214       0xa0 CMakeFiles/MQTT_CONTROL.dir/C_/Program_Files/Raspberry_Pi/Pico_SDK_v1.5.1/pico-sdk/lib/lwip/src/core/pbuf.c.obj
                0x10004214                pbuf_get_contiguous
 .text.pbuf_take
                0x100042b4       0x78 CMakeFiles/MQTT_CONTROL.dir/C_/Program_Files/Raspberry_Pi/Pico_SDK_v1.5.1/pico-sdk/lib/lwip/src/core/pbuf.c.obj
                0x100042b4                pbuf_take
 .text.pbuf_take_at
                0x1000432c       0xc0 CMakeFiles/MQTT_CONTROL.dir/C_/Program_Files/Raspberry_Pi/Pico_SDK_v1.5.1/pico-sdk/lib/lwip/src/core/pbuf.c.obj
                0x1000432c                pbuf_take_at
 .text.pbuf_clone
                0x100043ec       0x30 CMakeFiles/MQTT_CONTROL.dir/C_/Program_Files/Raspberry_Pi/Pico_SDK_v1.5.1/pico-sdk/lib/lwip/src/core/pbuf.c.obj
                0x100043ec                pbuf_clone
 .text.pbuf_get_at
                0x1000441c       0x20 CMakeFiles/MQTT_CONTROL.dir/C_/Program_Files/Raspberry_Pi/Pico_SDK_v1.5.1/pico-sdk/lib/lwip/src/core/pbuf.c.obj
                0x1000441c                pbuf_get_at
 .text.pbuf_put_at
                0x1000443c       0x1c CMakeFiles/MQTT_CONTROL.dir/C_/Program_Files/Raspberry_Pi/Pico_SDK_v1.5.1/pico-sdk/lib/lwip/src/core/pbuf.c.obj
                0x1000443c                pbuf_put_at
 .text.raw_input
                0x10004458       0xf0 CMakeFiles/MQTT_CONTROL.dir/C_/Program_Files/Raspberry_Pi/Pico_SDK_v1.5.1/pico-sdk/lib/lwip/src/core/raw.c.obj
                0x10004458                raw_input
 .text.raw_netif_ip_addr_changed
                0x10004548       0x40 CMakeFiles/MQTT_CONTROL.dir/C_/Program_Files/Raspberry_Pi/Pico_SDK_v1.5.1/pico-sdk/lib/lwip/src/core/raw.c.obj
                0x10004548                raw_netif_ip_addr_changed
 .text.stats_init
                0x10004588        0x4 CMakeFiles/MQTT_CONTROL.dir/C_/Program_Files/Raspberry_Pi/Pico_SDK_v1.5.1/pico-sdk/lib/lwip/src/core/stats.c.obj
                0x10004588                stats_init
 .text.tcp_close_shutdown_fin
                0x1000458c       0x58 CMakeFiles/MQTT_CONTROL.dir/C_/Program_Files/Raspberry_Pi/Pico_SDK_v1.5.1/pico-sdk/lib/lwip/src/core/tcp.c.obj
 .text.tcp_pcb_purge.part.0
                0x100045e4       0xc4 CMakeFiles/MQTT_CONTROL.dir/C_/Program_Files/Raspberry_Pi/Pico_SDK_v1.5.1/pico-sdk/lib/lwip/src/core/tcp.c.obj
 .text.tcp_init
                0x100046a8       0x20 CMakeFiles/MQTT_CONTROL.dir/C_/Program_Files/Raspberry_Pi/Pico_SDK_v1.5.1/pico-sdk/lib/lwip/src/core/tcp.c.obj
                0x100046a8                tcp_init
 .text.tcp_free
                0x100046c8       0x1c CMakeFiles/MQTT_CONTROL.dir/C_/Program_Files/Raspberry_Pi/Pico_SDK_v1.5.1/pico-sdk/lib/lwip/src/core/tcp.c.obj
                0x100046c8                tcp_free
 .text.tcp_bind
                0x100046e4       0xf8 CMakeFiles/MQTT_CONTROL.dir/C_/Program_Files/Raspberry_Pi/Pico_SDK_v1.5.1/pico-sdk/lib/lwip/src/core/tcp.c.obj
                0x100046e4                tcp_bind
 .text.tcp_update_rcv_ann_wnd
                0x100047dc       0x60 CMakeFiles/MQTT_CONTROL.dir/C_/Program_Files/Raspberry_Pi/Pico_SDK_v1.5.1/pico-sdk/lib/lwip/src/core/tcp.c.obj
                0x100047dc                tcp_update_rcv_ann_wnd
 .text.tcp_recved
                0x1000483c       0x98 CMakeFiles/MQTT_CONTROL.dir/C_/Program_Files/Raspberry_Pi/Pico_SDK_v1.5.1/pico-sdk/lib/lwip/src/core/tcp.c.obj
                0x1000483c                tcp_recved
 .text.tcp_connect
                0x100048d4      0x1a8 CMakeFiles/MQTT_CONTROL.dir/C_/Program_Files/Raspberry_Pi/Pico_SDK_v1.5.1/pico-sdk/lib/lwip/src/core/tcp.c.obj
                0x100048d4                tcp_connect
 .text.tcp_slowtmr
                0x10004a7c      0x4dc CMakeFiles/MQTT_CONTROL.dir/C_/Program_Files/Raspberry_Pi/Pico_SDK_v1.5.1/pico-sdk/lib/lwip/src/core/tcp.c.obj
                0x10004a7c                tcp_slowtmr
 .text.tcp_segs_free
                0x10004f58       0x38 CMakeFiles/MQTT_CONTROL.dir/C_/Program_Files/Raspberry_Pi/Pico_SDK_v1.5.1/pico-sdk/lib/lwip/src/core/tcp.c.obj
                0x10004f58                tcp_segs_free
 .text.tcp_seg_free
                0x10004f90       0x1c CMakeFiles/MQTT_CONTROL.dir/C_/Program_Files/Raspberry_Pi/Pico_SDK_v1.5.1/pico-sdk/lib/lwip/src/core/tcp.c.obj
                0x10004f90                tcp_seg_free
 .text.tcp_seg_copy
                0x10004fac       0x2c CMakeFiles/MQTT_CONTROL.dir/C_/Program_Files/Raspberry_Pi/Pico_SDK_v1.5.1/pico-sdk/lib/lwip/src/core/tcp.c.obj
                0x10004fac                tcp_seg_copy
 .text.tcp_arg  0x10004fd8        0x8 CMakeFiles/MQTT_CONTROL.dir/C_/Program_Files/Raspberry_Pi/Pico_SDK_v1.5.1/pico-sdk/lib/lwip/src/core/tcp.c.obj
                0x10004fd8                tcp_arg
 .text.tcp_recv
                0x10004fe0       0x1c CMakeFiles/MQTT_CONTROL.dir/C_/Program_Files/Raspberry_Pi/Pico_SDK_v1.5.1/pico-sdk/lib/lwip/src/core/tcp.c.obj
                0x10004fe0                tcp_recv
 .text.tcp_sent
                0x10004ffc       0x1c CMakeFiles/MQTT_CONTROL.dir/C_/Program_Files/Raspberry_Pi/Pico_SDK_v1.5.1/pico-sdk/lib/lwip/src/core/tcp.c.obj
                0x10004ffc                tcp_sent
 .text.tcp_err  0x10005018       0x1c CMakeFiles/MQTT_CONTROL.dir/C_/Program_Files/Raspberry_Pi/Pico_SDK_v1.5.1/pico-sdk/lib/lwip/src/core/tcp.c.obj
                0x10005018                tcp_err
 .text.tcp_poll
                0x10005034       0x20 CMakeFiles/MQTT_CONTROL.dir/C_/Program_Files/Raspberry_Pi/Pico_SDK_v1.5.1/pico-sdk/lib/lwip/src/core/tcp.c.obj
                0x10005034                tcp_poll
 .text.tcp_pcb_purge
                0x10005054       0x18 CMakeFiles/MQTT_CONTROL.dir/C_/Program_Files/Raspberry_Pi/Pico_SDK_v1.5.1/pico-sdk/lib/lwip/src/core/tcp.c.obj
                0x10005054                tcp_pcb_purge
 .text.tcp_pcb_remove
                0x1000506c       0xc8 CMakeFiles/MQTT_CONTROL.dir/C_/Program_Files/Raspberry_Pi/Pico_SDK_v1.5.1/pico-sdk/lib/lwip/src/core/tcp.c.obj
                0x1000506c                tcp_pcb_remove
 .text.tcp_abandon
                0x10005134      0x1ac CMakeFiles/MQTT_CONTROL.dir/C_/Program_Files/Raspberry_Pi/Pico_SDK_v1.5.1/pico-sdk/lib/lwip/src/core/tcp.c.obj
                0x10005134                tcp_abandon
 .text.tcp_abort
                0x100052e0        0xc CMakeFiles/MQTT_CONTROL.dir/C_/Program_Files/Raspberry_Pi/Pico_SDK_v1.5.1/pico-sdk/lib/lwip/src/core/tcp.c.obj
                0x100052e0                tcp_abort
 .text.tcp_alloc
                0x100052ec      0x1cc CMakeFiles/MQTT_CONTROL.dir/C_/Program_Files/Raspberry_Pi/Pico_SDK_v1.5.1/pico-sdk/lib/lwip/src/core/tcp.c.obj
                0x100052ec                tcp_alloc
 .text.tcp_new_ip_type
                0x100054b8      0x1ac CMakeFiles/MQTT_CONTROL.dir/C_/Program_Files/Raspberry_Pi/Pico_SDK_v1.5.1/pico-sdk/lib/lwip/src/core/tcp.c.obj
                0x100054b8                tcp_new_ip_type
 .text.tcp_close_shutdown
                0x10005664      0x18c CMakeFiles/MQTT_CONTROL.dir/C_/Program_Files/Raspberry_Pi/Pico_SDK_v1.5.1/pico-sdk/lib/lwip/src/core/tcp.c.obj
 .text.tcp_recv_null
                0x100057f0       0xd4 CMakeFiles/MQTT_CONTROL.dir/C_/Program_Files/Raspberry_Pi/Pico_SDK_v1.5.1/pico-sdk/lib/lwip/src/core/tcp.c.obj
                0x100057f0                tcp_recv_null
 .text.tcp_process_refused_data
                0x100058c4       0x78 CMakeFiles/MQTT_CONTROL.dir/C_/Program_Files/Raspberry_Pi/Pico_SDK_v1.5.1/pico-sdk/lib/lwip/src/core/tcp.c.obj
                0x100058c4                tcp_process_refused_data
 .text.tcp_fasttmr
                0x1000593c       0x98 CMakeFiles/MQTT_CONTROL.dir/C_/Program_Files/Raspberry_Pi/Pico_SDK_v1.5.1/pico-sdk/lib/lwip/src/core/tcp.c.obj
                0x1000593c                tcp_fasttmr
 .text.tcp_tmr  0x100059d4       0x20 CMakeFiles/MQTT_CONTROL.dir/C_/Program_Files/Raspberry_Pi/Pico_SDK_v1.5.1/pico-sdk/lib/lwip/src/core/tcp.c.obj
                0x100059d4                tcp_tmr
 .text.tcp_close
                0x100059f4      0x174 CMakeFiles/MQTT_CONTROL.dir/C_/Program_Files/Raspberry_Pi/Pico_SDK_v1.5.1/pico-sdk/lib/lwip/src/core/tcp.c.obj
                0x100059f4                tcp_close
 .text.tcp_next_iss
                0x10005b68       0x28 CMakeFiles/MQTT_CONTROL.dir/C_/Program_Files/Raspberry_Pi/Pico_SDK_v1.5.1/pico-sdk/lib/lwip/src/core/tcp.c.obj
                0x10005b68                tcp_next_iss
 .text.tcp_eff_send_mss_netif
                0x10005b90       0x38 CMakeFiles/MQTT_CONTROL.dir/C_/Program_Files/Raspberry_Pi/Pico_SDK_v1.5.1/pico-sdk/lib/lwip/src/core/tcp.c.obj
                0x10005b90                tcp_eff_send_mss_netif
 .text.tcp_netif_ip_addr_changed
                0x10005bc8       0x9c CMakeFiles/MQTT_CONTROL.dir/C_/Program_Files/Raspberry_Pi/Pico_SDK_v1.5.1/pico-sdk/lib/lwip/src/core/tcp.c.obj
                0x10005bc8                tcp_netif_ip_addr_changed
 .text.tcp_free_ooseq
                0x10005c64       0x40 CMakeFiles/MQTT_CONTROL.dir/C_/Program_Files/Raspberry_Pi/Pico_SDK_v1.5.1/pico-sdk/lib/lwip/src/core/tcp.c.obj
                0x10005c64                tcp_free_ooseq
 .text.tcp_parseopt
                0x10005ca4      0x190 CMakeFiles/MQTT_CONTROL.dir/C_/Program_Files/Raspberry_Pi/Pico_SDK_v1.5.1/pico-sdk/lib/lwip/src/core/tcp_in.c.obj
 .text.tcp_oos_insert_segment
                0x10005e34       0xe0 CMakeFiles/MQTT_CONTROL.dir/C_/Program_Files/Raspberry_Pi/Pico_SDK_v1.5.1/pico-sdk/lib/lwip/src/core/tcp_in.c.obj
 .text.tcp_free_acked_segments.constprop.0
                0x10005f14       0xdc CMakeFiles/MQTT_CONTROL.dir/C_/Program_Files/Raspberry_Pi/Pico_SDK_v1.5.1/pico-sdk/lib/lwip/src/core/tcp_in.c.obj
 .text.tcp_receive
                0x10005ff0      0xa4c CMakeFiles/MQTT_CONTROL.dir/C_/Program_Files/Raspberry_Pi/Pico_SDK_v1.5.1/pico-sdk/lib/lwip/src/core/tcp_in.c.obj
 .text.tcp_input
                0x10006a3c      0xda4 CMakeFiles/MQTT_CONTROL.dir/C_/Program_Files/Raspberry_Pi/Pico_SDK_v1.5.1/pico-sdk/lib/lwip/src/core/tcp_in.c.obj
                0x10006a3c                tcp_input
 .text.tcp_trigger_input_pcb_close
                0x100077e0       0x10 CMakeFiles/MQTT_CONTROL.dir/C_/Program_Files/Raspberry_Pi/Pico_SDK_v1.5.1/pico-sdk/lib/lwip/src/core/tcp_in.c.obj
                0x100077e0                tcp_trigger_input_pcb_close
 .text.tcp_create_segment
                0x100077f0       0xf8 CMakeFiles/MQTT_CONTROL.dir/C_/Program_Files/Raspberry_Pi/Pico_SDK_v1.5.1/pico-sdk/lib/lwip/src/core/tcp_out.c.obj
 .text.tcp_output_control_segment
                0x100078e8       0xc0 CMakeFiles/MQTT_CONTROL.dir/C_/Program_Files/Raspberry_Pi/Pico_SDK_v1.5.1/pico-sdk/lib/lwip/src/core/tcp_out.c.obj
 .text.tcp_output_alloc_header.constprop.0
                0x100079a8       0xcc CMakeFiles/MQTT_CONTROL.dir/C_/Program_Files/Raspberry_Pi/Pico_SDK_v1.5.1/pico-sdk/lib/lwip/src/core/tcp_out.c.obj
 .text.tcp_write
                0x10007a74      0x494 CMakeFiles/MQTT_CONTROL.dir/C_/Program_Files/Raspberry_Pi/Pico_SDK_v1.5.1/pico-sdk/lib/lwip/src/core/tcp_out.c.obj
                0x10007a74                tcp_write
 .text.tcp_split_unsent_seg
                0x10007f08      0x1c4 CMakeFiles/MQTT_CONTROL.dir/C_/Program_Files/Raspberry_Pi/Pico_SDK_v1.5.1/pico-sdk/lib/lwip/src/core/tcp_out.c.obj
                0x10007f08                tcp_split_unsent_seg
 .text.tcp_send_fin
                0x100080cc      0x12c CMakeFiles/MQTT_CONTROL.dir/C_/Program_Files/Raspberry_Pi/Pico_SDK_v1.5.1/pico-sdk/lib/lwip/src/core/tcp_out.c.obj
                0x100080cc                tcp_send_fin
 .text.tcp_enqueue_flags
                0x100081f8      0x124 CMakeFiles/MQTT_CONTROL.dir/C_/Program_Files/Raspberry_Pi/Pico_SDK_v1.5.1/pico-sdk/lib/lwip/src/core/tcp_out.c.obj
                0x100081f8                tcp_enqueue_flags
 .text.tcp_rexmit_rto_prepare
                0x1000831c       0x9c CMakeFiles/MQTT_CONTROL.dir/C_/Program_Files/Raspberry_Pi/Pico_SDK_v1.5.1/pico-sdk/lib/lwip/src/core/tcp_out.c.obj
                0x1000831c                tcp_rexmit_rto_prepare
 .text.tcp_rexmit
                0x100083b8       0x9c CMakeFiles/MQTT_CONTROL.dir/C_/Program_Files/Raspberry_Pi/Pico_SDK_v1.5.1/pico-sdk/lib/lwip/src/core/tcp_out.c.obj
                0x100083b8                tcp_rexmit
 .text.tcp_rexmit_fast
                0x10008454       0x64 CMakeFiles/MQTT_CONTROL.dir/C_/Program_Files/Raspberry_Pi/Pico_SDK_v1.5.1/pico-sdk/lib/lwip/src/core/tcp_out.c.obj
                0x10008454                tcp_rexmit_fast
 .text.tcp_rst  0x100084b8       0xe8 CMakeFiles/MQTT_CONTROL.dir/C_/Program_Files/Raspberry_Pi/Pico_SDK_v1.5.1/pico-sdk/lib/lwip/src/core/tcp_out.c.obj
                0x100084b8                tcp_rst
 .text.tcp_rst_netif
                0x100085a0      0x130 CMakeFiles/MQTT_CONTROL.dir/C_/Program_Files/Raspberry_Pi/Pico_SDK_v1.5.1/pico-sdk/lib/lwip/src/core/tcp_out.c.obj
                0x100085a0                tcp_rst_netif
 .text.tcp_send_empty_ack
                0x100086d0       0x54 CMakeFiles/MQTT_CONTROL.dir/C_/Program_Files/Raspberry_Pi/Pico_SDK_v1.5.1/pico-sdk/lib/lwip/src/core/tcp_out.c.obj
                0x100086d0                tcp_send_empty_ack
 .text.tcp_output
                0x10008724      0x46c CMakeFiles/MQTT_CONTROL.dir/C_/Program_Files/Raspberry_Pi/Pico_SDK_v1.5.1/pico-sdk/lib/lwip/src/core/tcp_out.c.obj
                0x10008724                tcp_output
 .text.tcp_rexmit_rto_commit
                0x10008b90       0x24 CMakeFiles/MQTT_CONTROL.dir/C_/Program_Files/Raspberry_Pi/Pico_SDK_v1.5.1/pico-sdk/lib/lwip/src/core/tcp_out.c.obj
                0x10008b90                tcp_rexmit_rto_commit
 .text.tcp_rexmit_rto
                0x10008bb4       0xa4 CMakeFiles/MQTT_CONTROL.dir/C_/Program_Files/Raspberry_Pi/Pico_SDK_v1.5.1/pico-sdk/lib/lwip/src/core/tcp_out.c.obj
                0x10008bb4                tcp_rexmit_rto
 .text.tcp_keepalive
                0x10008c58       0xe0 CMakeFiles/MQTT_CONTROL.dir/C_/Program_Files/Raspberry_Pi/Pico_SDK_v1.5.1/pico-sdk/lib/lwip/src/core/tcp_out.c.obj
                0x10008c58                tcp_keepalive
 .text.tcp_zero_window_probe
                0x10008d38      0x108 CMakeFiles/MQTT_CONTROL.dir/C_/Program_Files/Raspberry_Pi/Pico_SDK_v1.5.1/pico-sdk/lib/lwip/src/core/tcp_out.c.obj
                0x10008d38                tcp_zero_window_probe
 .text.sys_timeout_abs
                0x10008e40       0x48 CMakeFiles/MQTT_CONTROL.dir/C_/Program_Files/Raspberry_Pi/Pico_SDK_v1.5.1/pico-sdk/lib/lwip/src/core/timeouts.c.obj
 .text.lwip_cyclic_timer
                0x10008e88       0x38 CMakeFiles/MQTT_CONTROL.dir/C_/Program_Files/Raspberry_Pi/Pico_SDK_v1.5.1/pico-sdk/lib/lwip/src/core/timeouts.c.obj
 .text.tcpip_tcp_timer
                0x10008ec0       0x3c CMakeFiles/MQTT_CONTROL.dir/C_/Program_Files/Raspberry_Pi/Pico_SDK_v1.5.1/pico-sdk/lib/lwip/src/core/timeouts.c.obj
 .text.tcp_timer_needed
                0x10008efc       0x40 CMakeFiles/MQTT_CONTROL.dir/C_/Program_Files/Raspberry_Pi/Pico_SDK_v1.5.1/pico-sdk/lib/lwip/src/core/timeouts.c.obj
                0x10008efc                tcp_timer_needed
 .text.sys_timeouts_init
                0x10008f3c       0x90 CMakeFiles/MQTT_CONTROL.dir/C_/Program_Files/Raspberry_Pi/Pico_SDK_v1.5.1/pico-sdk/lib/lwip/src/core/timeouts.c.obj
                0x10008f3c                sys_timeouts_init
 .text.sys_timeout
                0x10008fcc       0x60 CMakeFiles/MQTT_CONTROL.dir/C_/Program_Files/Raspberry_Pi/Pico_SDK_v1.5.1/pico-sdk/lib/lwip/src/core/timeouts.c.obj
                0x10008fcc                sys_timeout
 .text.sys_untimeout
                0x1000902c       0x40 CMakeFiles/MQTT_CONTROL.dir/C_/Program_Files/Raspberry_Pi/Pico_SDK_v1.5.1/pico-sdk/lib/lwip/src/core/timeouts.c.obj
                0x1000902c                sys_untimeout
 .text.sys_check_timeouts
                0x1000906c       0x68 CMakeFiles/MQTT_CONTROL.dir/C_/Program_Files/Raspberry_Pi/Pico_SDK_v1.5.1/pico-sdk/lib/lwip/src/core/timeouts.c.obj
                0x1000906c                sys_check_timeouts
 .text.sys_timeouts_sleeptime
                0x100090d4       0x28 CMakeFiles/MQTT_CONTROL.dir/C_/Program_Files/Raspberry_Pi/Pico_SDK_v1.5.1/pico-sdk/lib/lwip/src/core/timeouts.c.obj
                0x100090d4                sys_timeouts_sleeptime
 .text.udp_init
                0x100090fc       0x20 CMakeFiles/MQTT_CONTROL.dir/C_/Program_Files/Raspberry_Pi/Pico_SDK_v1.5.1/pico-sdk/lib/lwip/src/core/udp.c.obj
                0x100090fc                udp_init
 .text.udp_input
                0x1000911c      0x24c CMakeFiles/MQTT_CONTROL.dir/C_/Program_Files/Raspberry_Pi/Pico_SDK_v1.5.1/pico-sdk/lib/lwip/src/core/udp.c.obj
                0x1000911c                udp_input
 .text.udp_bind
                0x10009368      0x10c CMakeFiles/MQTT_CONTROL.dir/C_/Program_Files/Raspberry_Pi/Pico_SDK_v1.5.1/pico-sdk/lib/lwip/src/core/udp.c.obj
                0x10009368                udp_bind
 .text.udp_sendto_if_src
                0x10009474      0x130 CMakeFiles/MQTT_CONTROL.dir/C_/Program_Files/Raspberry_Pi/Pico_SDK_v1.5.1/pico-sdk/lib/lwip/src/core/udp.c.obj
                0x10009474                udp_sendto_if_src
 .text.udp_sendto_if
                0x100095a4       0x48 CMakeFiles/MQTT_CONTROL.dir/C_/Program_Files/Raspberry_Pi/Pico_SDK_v1.5.1/pico-sdk/lib/lwip/src/core/udp.c.obj
                0x100095a4                udp_sendto_if
 .text.udp_sendto
                0x100095ec       0x7c CMakeFiles/MQTT_CONTROL.dir/C_/Program_Files/Raspberry_Pi/Pico_SDK_v1.5.1/pico-sdk/lib/lwip/src/core/udp.c.obj
                0x100095ec                udp_sendto
 .text.udp_connect
                0x10009668       0x64 CMakeFiles/MQTT_CONTROL.dir/C_/Program_Files/Raspberry_Pi/Pico_SDK_v1.5.1/pico-sdk/lib/lwip/src/core/udp.c.obj
                0x10009668                udp_connect
 .text.udp_recv
                0x100096cc        0xc CMakeFiles/MQTT_CONTROL.dir/C_/Program_Files/Raspberry_Pi/Pico_SDK_v1.5.1/pico-sdk/lib/lwip/src/core/udp.c.obj
                0x100096cc                udp_recv
 .text.udp_remove
                0x100096d8       0x3c CMakeFiles/MQTT_CONTROL.dir/C_/Program_Files/Raspberry_Pi/Pico_SDK_v1.5.1/pico-sdk/lib/lwip/src/core/udp.c.obj
                0x100096d8                udp_remove
 .text.udp_new  0x10009714       0x1c CMakeFiles/MQTT_CONTROL.dir/C_/Program_Files/Raspberry_Pi/Pico_SDK_v1.5.1/pico-sdk/lib/lwip/src/core/udp.c.obj
                0x10009714                udp_new
 .text.udp_netif_ip_addr_changed
                0x10009730       0x40 CMakeFiles/MQTT_CONTROL.dir/C_/Program_Files/Raspberry_Pi/Pico_SDK_v1.5.1/pico-sdk/lib/lwip/src/core/udp.c.obj
                0x10009730                udp_netif_ip_addr_changed
 .text.dhcp_create_msg
                0x10009770      0x16c CMakeFiles/MQTT_CONTROL.dir/C_/Program_Files/Raspberry_Pi/Pico_SDK_v1.5.1/pico-sdk/lib/lwip/src/core/ipv4/dhcp.c.obj
 .text.dhcp_inc_pcb_refcount
                0x100098dc       0x6c CMakeFiles/MQTT_CONTROL.dir/C_/Program_Files/Raspberry_Pi/Pico_SDK_v1.5.1/pico-sdk/lib/lwip/src/core/ipv4/dhcp.c.obj
 .text.dhcp_bind
                0x10009948      0x140 CMakeFiles/MQTT_CONTROL.dir/C_/Program_Files/Raspberry_Pi/Pico_SDK_v1.5.1/pico-sdk/lib/lwip/src/core/ipv4/dhcp.c.obj
 .text.dhcp_option_hostname.isra.0
                0x10009a88       0x8c CMakeFiles/MQTT_CONTROL.dir/C_/Program_Files/Raspberry_Pi/Pico_SDK_v1.5.1/pico-sdk/lib/lwip/src/core/ipv4/dhcp.c.obj
 .text.dhcp_handle_ack.isra.0
                0x10009b14       0xcc CMakeFiles/MQTT_CONTROL.dir/C_/Program_Files/Raspberry_Pi/Pico_SDK_v1.5.1/pico-sdk/lib/lwip/src/core/ipv4/dhcp.c.obj
 .text.dhcp_reboot.isra.0
                0x10009be0      0x1e4 CMakeFiles/MQTT_CONTROL.dir/C_/Program_Files/Raspberry_Pi/Pico_SDK_v1.5.1/pico-sdk/lib/lwip/src/core/ipv4/dhcp.c.obj
 .text.dhcp_discover
                0x10009dc4      0x198 CMakeFiles/MQTT_CONTROL.dir/C_/Program_Files/Raspberry_Pi/Pico_SDK_v1.5.1/pico-sdk/lib/lwip/src/core/ipv4/dhcp.c.obj
 .text.dhcp_select.isra.0
                0x10009f5c      0x268 CMakeFiles/MQTT_CONTROL.dir/C_/Program_Files/Raspberry_Pi/Pico_SDK_v1.5.1/pico-sdk/lib/lwip/src/core/ipv4/dhcp.c.obj
 .text.dhcp_recv
                0x1000a1c4      0x494 CMakeFiles/MQTT_CONTROL.dir/C_/Program_Files/Raspberry_Pi/Pico_SDK_v1.5.1/pico-sdk/lib/lwip/src/core/ipv4/dhcp.c.obj
 .text.dhcp_set_struct
                0x1000a658       0x44 CMakeFiles/MQTT_CONTROL.dir/C_/Program_Files/Raspberry_Pi/Pico_SDK_v1.5.1/pico-sdk/lib/lwip/src/core/ipv4/dhcp.c.obj
                0x1000a658                dhcp_set_struct
 .text.dhcp_network_changed_link_up
                0x1000a69c       0x40 CMakeFiles/MQTT_CONTROL.dir/C_/Program_Files/Raspberry_Pi/Pico_SDK_v1.5.1/pico-sdk/lib/lwip/src/core/ipv4/dhcp.c.obj
                0x1000a69c                dhcp_network_changed_link_up
 .text.dhcp_renew
                0x1000a6dc      0x1b8 CMakeFiles/MQTT_CONTROL.dir/C_/Program_Files/Raspberry_Pi/Pico_SDK_v1.5.1/pico-sdk/lib/lwip/src/core/ipv4/dhcp.c.obj
                0x1000a6dc                dhcp_renew
 .text.dhcp_release_and_stop
                0x1000a894      0x180 CMakeFiles/MQTT_CONTROL.dir/C_/Program_Files/Raspberry_Pi/Pico_SDK_v1.5.1/pico-sdk/lib/lwip/src/core/ipv4/dhcp.c.obj
                0x1000a894                dhcp_release_and_stop
 .text.dhcp_start
                0x1000aa14       0xb0 CMakeFiles/MQTT_CONTROL.dir/C_/Program_Files/Raspberry_Pi/Pico_SDK_v1.5.1/pico-sdk/lib/lwip/src/core/ipv4/dhcp.c.obj
                0x1000aa14                dhcp_start
 .text.dhcp_coarse_tmr
                0x1000aac4      0x238 CMakeFiles/MQTT_CONTROL.dir/C_/Program_Files/Raspberry_Pi/Pico_SDK_v1.5.1/pico-sdk/lib/lwip/src/core/ipv4/dhcp.c.obj
                0x1000aac4                dhcp_coarse_tmr
 .text.dhcp_fine_tmr
                0x1000acfc       0x78 CMakeFiles/MQTT_CONTROL.dir/C_/Program_Files/Raspberry_Pi/Pico_SDK_v1.5.1/pico-sdk/lib/lwip/src/core/ipv4/dhcp.c.obj
                0x1000acfc                dhcp_fine_tmr
 .text.dhcp_stop
                0x1000ad74      0x180 CMakeFiles/MQTT_CONTROL.dir/C_/Program_Files/Raspberry_Pi/Pico_SDK_v1.5.1/pico-sdk/lib/lwip/src/core/ipv4/dhcp.c.obj
                0x1000ad74                dhcp_stop
 .text.etharp_find_entry
                0x1000aef4     0x1fbc CMakeFiles/MQTT_CONTROL.dir/C_/Program_Files/Raspberry_Pi/Pico_SDK_v1.5.1/pico-sdk/lib/lwip/src/core/ipv4/etharp.c.obj
 .text.etharp_raw
                0x1000ceb0       0xec CMakeFiles/MQTT_CONTROL.dir/C_/Program_Files/Raspberry_Pi/Pico_SDK_v1.5.1/pico-sdk/lib/lwip/src/core/ipv4/etharp.c.obj
 .text.etharp_output_to_arp_index
                0x1000cf9c       0xe4 CMakeFiles/MQTT_CONTROL.dir/C_/Program_Files/Raspberry_Pi/Pico_SDK_v1.5.1/pico-sdk/lib/lwip/src/core/ipv4/etharp.c.obj
 .text.etharp_tmr
                0x1000d080       0x94 CMakeFiles/MQTT_CONTROL.dir/C_/Program_Files/Raspberry_Pi/Pico_SDK_v1.5.1/pico-sdk/lib/lwip/src/core/ipv4/etharp.c.obj
                0x1000d080                etharp_tmr
 .text.etharp_cleanup_netif
                0x1000d114      0x188 CMakeFiles/MQTT_CONTROL.dir/C_/Program_Files/Raspberry_Pi/Pico_SDK_v1.5.1/pico-sdk/lib/lwip/src/core/ipv4/etharp.c.obj
                0x1000d114                etharp_cleanup_netif
 .text.etharp_input
                0x1000d29c      0x1b0 CMakeFiles/MQTT_CONTROL.dir/C_/Program_Files/Raspberry_Pi/Pico_SDK_v1.5.1/pico-sdk/lib/lwip/src/core/ipv4/etharp.c.obj
                0x1000d29c                etharp_input
 .text.etharp_query
                0x1000d44c      0x1c0 CMakeFiles/MQTT_CONTROL.dir/C_/Program_Files/Raspberry_Pi/Pico_SDK_v1.5.1/pico-sdk/lib/lwip/src/core/ipv4/etharp.c.obj
                0x1000d44c                etharp_query
 .text.etharp_output
                0x1000d60c      0x24c CMakeFiles/MQTT_CONTROL.dir/C_/Program_Files/Raspberry_Pi/Pico_SDK_v1.5.1/pico-sdk/lib/lwip/src/core/ipv4/etharp.c.obj
                0x1000d60c                etharp_output
 .text.etharp_request
                0x1000d858       0x2c CMakeFiles/MQTT_CONTROL.dir/C_/Program_Files/Raspberry_Pi/Pico_SDK_v1.5.1/pico-sdk/lib/lwip/src/core/ipv4/etharp.c.obj
                0x1000d858                etharp_request
 .text.icmp_input
                0x1000d884      0x1e8 CMakeFiles/MQTT_CONTROL.dir/C_/Program_Files/Raspberry_Pi/Pico_SDK_v1.5.1/pico-sdk/lib/lwip/src/core/ipv4/icmp.c.obj
                0x1000d884                icmp_input
 .text.icmp_dest_unreach
                0x1000da6c       0xd0 CMakeFiles/MQTT_CONTROL.dir/C_/Program_Files/Raspberry_Pi/Pico_SDK_v1.5.1/pico-sdk/lib/lwip/src/core/ipv4/icmp.c.obj
                0x1000da6c                icmp_dest_unreach
 .text.icmp_time_exceeded
                0x1000db3c       0xd0 CMakeFiles/MQTT_CONTROL.dir/C_/Program_Files/Raspberry_Pi/Pico_SDK_v1.5.1/pico-sdk/lib/lwip/src/core/ipv4/icmp.c.obj
                0x1000db3c                icmp_time_exceeded
 .text.ip_reass_free_complete_datagram
                0x1000dc0c      0x114 CMakeFiles/MQTT_CONTROL.dir/C_/Program_Files/Raspberry_Pi/Pico_SDK_v1.5.1/pico-sdk/lib/lwip/src/core/ipv4/ip4_frag.c.obj
 .text.ip_reass_remove_oldest_datagram
                0x1000dd20       0xd8 CMakeFiles/MQTT_CONTROL.dir/C_/Program_Files/Raspberry_Pi/Pico_SDK_v1.5.1/pico-sdk/lib/lwip/src/core/ipv4/ip4_frag.c.obj
 .text.ip_reass_tmr
                0x1000ddf8       0x38 CMakeFiles/MQTT_CONTROL.dir/C_/Program_Files/Raspberry_Pi/Pico_SDK_v1.5.1/pico-sdk/lib/lwip/src/core/ipv4/ip4_frag.c.obj
                0x1000ddf8                ip_reass_tmr
 .text.ip4_reass
                0x1000de30      0x534 CMakeFiles/MQTT_CONTROL.dir/C_/Program_Files/Raspberry_Pi/Pico_SDK_v1.5.1/pico-sdk/lib/lwip/src/core/ipv4/ip4_frag.c.obj
                0x1000de30                ip4_reass
 .text.ip4_frag
                0x1000e364      0x17c CMakeFiles/MQTT_CONTROL.dir/C_/Program_Files/Raspberry_Pi/Pico_SDK_v1.5.1/pico-sdk/lib/lwip/src/core/ipv4/ip4_frag.c.obj
                0x1000e364                ip4_frag
 .text.ip4_route
                0x1000e4e0       0x7c CMakeFiles/MQTT_CONTROL.dir/C_/Program_Files/Raspberry_Pi/Pico_SDK_v1.5.1/pico-sdk/lib/lwip/src/core/ipv4/ip4.c.obj
                0x1000e4e0                ip4_route
 .text.ip4_input
                0x1000e55c      0x2cc CMakeFiles/MQTT_CONTROL.dir/C_/Program_Files/Raspberry_Pi/Pico_SDK_v1.5.1/pico-sdk/lib/lwip/src/core/ipv4/ip4.c.obj
                0x1000e55c                ip4_input
 .text.ip4_output_if
                0x1000e828      0x190 CMakeFiles/MQTT_CONTROL.dir/C_/Program_Files/Raspberry_Pi/Pico_SDK_v1.5.1/pico-sdk/lib/lwip/src/core/ipv4/ip4.c.obj
                0x1000e828                ip4_output_if
 .text.ip4_output_if_src
                0x1000e9b8      0x17c CMakeFiles/MQTT_CONTROL.dir/C_/Program_Files/Raspberry_Pi/Pico_SDK_v1.5.1/pico-sdk/lib/lwip/src/core/ipv4/ip4.c.obj
                0x1000e9b8                ip4_output_if_src
 .text.ip4_addr_isbroadcast_u32
                0x1000eb34       0x3c CMakeFiles/MQTT_CONTROL.dir/C_/Program_Files/Raspberry_Pi/Pico_SDK_v1.5.1/pico-sdk/lib/lwip/src/core/ipv4/ip4_addr.c.obj
                0x1000eb34                ip4_addr_isbroadcast_u32
 .text.ip4addr_aton
                0x1000eb70      0x188 CMakeFiles/MQTT_CONTROL.dir/C_/Program_Files/Raspberry_Pi/Pico_SDK_v1.5.1/pico-sdk/lib/lwip/src/core/ipv4/ip4_addr.c.obj
                0x1000eb70                ip4addr_aton
 .text.ethernet_input
                0x1000ecf8       0xd0 CMakeFiles/MQTT_CONTROL.dir/C_/Program_Files/Raspberry_Pi/Pico_SDK_v1.5.1/pico-sdk/lib/lwip/src/netif/ethernet.c.obj
                0x1000ecf8                ethernet_input
 .text.ethernet_output
                0x1000edc8       0x6c CMakeFiles/MQTT_CONTROL.dir/C_/Program_Files/Raspberry_Pi/Pico_SDK_v1.5.1/pico-sdk/lib/lwip/src/netif/ethernet.c.obj
                0x1000edc8                ethernet_output
 .text.cyw43_arch_wifi_connect_bssid_until.part.0
                0x1000ee34       0xd8 CMakeFiles/MQTT_CONTROL.dir/C_/Program_Files/Raspberry_Pi/Pico_SDK_v1.5.1/pico-sdk/src/rp2_common/pico_cyw43_arch/cyw43_arch.c.obj
 .text.cyw43_arch_set_async_context
                0x1000ef0c        0xc CMakeFiles/MQTT_CONTROL.dir/C_/Program_Files/Raspberry_Pi/Pico_SDK_v1.5.1/pico-sdk/src/rp2_common/pico_cyw43_arch/cyw43_arch.c.obj
                0x1000ef0c                cyw43_arch_set_async_context
 .text.cyw43_arch_enable_sta_mode
                0x1000ef18       0x1c CMakeFiles/MQTT_CONTROL.dir/C_/Program_Files/Raspberry_Pi/Pico_SDK_v1.5.1/pico-sdk/src/rp2_common/pico_cyw43_arch/cyw43_arch.c.obj
                0x1000ef18                cyw43_arch_enable_sta_mode
 .text.cyw43_arch_wifi_connect_timeout_ms
                0x1000ef34       0x9c CMakeFiles/MQTT_CONTROL.dir/C_/Program_Files/Raspberry_Pi/Pico_SDK_v1.5.1/pico-sdk/src/rp2_common/pico_cyw43_arch/cyw43_arch.c.obj
                0x1000ef34                cyw43_arch_wifi_connect_timeout_ms
 .text.cyw43_arch_gpio_put
                0x1000efd0       0x14 CMakeFiles/MQTT_CONTROL.dir/C_/Program_Files/Raspberry_Pi/Pico_SDK_v1.5.1/pico-sdk/src/rp2_common/pico_cyw43_arch/cyw43_arch.c.obj
                0x1000efd0                cyw43_arch_gpio_put
 .text.cyw43_arch_async_context
                0x1000efe4        0xc CMakeFiles/MQTT_CONTROL.dir/C_/Program_Files/Raspberry_Pi/Pico_SDK_v1.5.1/pico-sdk/src/rp2_common/pico_cyw43_arch/cyw43_arch.c.obj
                0x1000efe4                cyw43_arch_async_context
 .text.cyw43_arch_init
                0x1000eff0       0x80 CMakeFiles/MQTT_CONTROL.dir/C_/Program_Files/Raspberry_Pi/Pico_SDK_v1.5.1/pico-sdk/src/rp2_common/pico_cyw43_arch/cyw43_arch_threadsafe_background.c.obj
                0x1000eff0                cyw43_arch_init
 .text.ns_delay.constprop.0
                0x1000f070       0x20 CMakeFiles/MQTT_CONTROL.dir/C_/Program_Files/Raspberry_Pi/Pico_SDK_v1.5.1/pico-sdk/src/rp2_common/pico_cyw43_driver/cyw43_bus_pio_spi.c.obj
 .text.cyw43_spi_deinit
                0x1000f090       0x7c CMakeFiles/MQTT_CONTROL.dir/C_/Program_Files/Raspberry_Pi/Pico_SDK_v1.5.1/pico-sdk/src/rp2_common/pico_cyw43_driver/cyw43_bus_pio_spi.c.obj
                0x1000f090                cyw43_spi_deinit
 .text.cyw43_spi_init
                0x1000f10c      0x154 CMakeFiles/MQTT_CONTROL.dir/C_/Program_Files/Raspberry_Pi/Pico_SDK_v1.5.1/pico-sdk/src/rp2_common/pico_cyw43_driver/cyw43_bus_pio_spi.c.obj
                0x1000f10c                cyw43_spi_init
 .text.cyw43_spi_transfer
                0x1000f260      0x430 CMakeFiles/MQTT_CONTROL.dir/C_/Program_Files/Raspberry_Pi/Pico_SDK_v1.5.1/pico-sdk/src/rp2_common/pico_cyw43_driver/cyw43_bus_pio_spi.c.obj
                0x1000f260                cyw43_spi_transfer
 .text.cyw43_spi_gpio_setup
                0x1000f690       0x3c CMakeFiles/MQTT_CONTROL.dir/C_/Program_Files/Raspberry_Pi/Pico_SDK_v1.5.1/pico-sdk/src/rp2_common/pico_cyw43_driver/cyw43_bus_pio_spi.c.obj
                0x1000f690                cyw43_spi_gpio_setup
 .text.cyw43_spi_reset
                0x1000f6cc       0x28 CMakeFiles/MQTT_CONTROL.dir/C_/Program_Files/Raspberry_Pi/Pico_SDK_v1.5.1/pico-sdk/src/rp2_common/pico_cyw43_driver/cyw43_bus_pio_spi.c.obj
                0x1000f6cc                cyw43_spi_reset
 .text.read_reg_u32_swap
                0x1000f6f4       0x3c CMakeFiles/MQTT_CONTROL.dir/C_/Program_Files/Raspberry_Pi/Pico_SDK_v1.5.1/pico-sdk/src/rp2_common/pico_cyw43_driver/cyw43_bus_pio_spi.c.obj
                0x1000f6f4                read_reg_u32_swap
 .text.cyw43_read_reg_u32
                0x1000f730       0x6c CMakeFiles/MQTT_CONTROL.dir/C_/Program_Files/Raspberry_Pi/Pico_SDK_v1.5.1/pico-sdk/src/rp2_common/pico_cyw43_driver/cyw43_bus_pio_spi.c.obj
                0x1000f730                cyw43_read_reg_u32
 .text.cyw43_read_reg_u16
                0x1000f79c       0x6c CMakeFiles/MQTT_CONTROL.dir/C_/Program_Files/Raspberry_Pi/Pico_SDK_v1.5.1/pico-sdk/src/rp2_common/pico_cyw43_driver/cyw43_bus_pio_spi.c.obj
                0x1000f79c                cyw43_read_reg_u16
 .text.cyw43_read_reg_u8
                0x1000f808       0x6c CMakeFiles/MQTT_CONTROL.dir/C_/Program_Files/Raspberry_Pi/Pico_SDK_v1.5.1/pico-sdk/src/rp2_common/pico_cyw43_driver/cyw43_bus_pio_spi.c.obj
                0x1000f808                cyw43_read_reg_u8
 .text.write_reg_u32_swap
                0x1000f874      0x1e0 CMakeFiles/MQTT_CONTROL.dir/C_/Program_Files/Raspberry_Pi/Pico_SDK_v1.5.1/pico-sdk/src/rp2_common/pico_cyw43_driver/cyw43_bus_pio_spi.c.obj
                0x1000f874                write_reg_u32_swap
 .text.cyw43_write_reg_u32
                0x1000fa54      0x200 CMakeFiles/MQTT_CONTROL.dir/C_/Program_Files/Raspberry_Pi/Pico_SDK_v1.5.1/pico-sdk/src/rp2_common/pico_cyw43_driver/cyw43_bus_pio_spi.c.obj
                0x1000fa54                cyw43_write_reg_u32
 .text.cyw43_write_reg_u16
                0x1000fc54      0x200 CMakeFiles/MQTT_CONTROL.dir/C_/Program_Files/Raspberry_Pi/Pico_SDK_v1.5.1/pico-sdk/src/rp2_common/pico_cyw43_driver/cyw43_bus_pio_spi.c.obj
                0x1000fc54                cyw43_write_reg_u16
 .text.cyw43_write_reg_u8
                0x1000fe54      0x200 CMakeFiles/MQTT_CONTROL.dir/C_/Program_Files/Raspberry_Pi/Pico_SDK_v1.5.1/pico-sdk/src/rp2_common/pico_cyw43_driver/cyw43_bus_pio_spi.c.obj
                0x1000fe54                cyw43_write_reg_u8
 .text.cyw43_read_bytes
                0x10010054       0x78 CMakeFiles/MQTT_CONTROL.dir/C_/Program_Files/Raspberry_Pi/Pico_SDK_v1.5.1/pico-sdk/src/rp2_common/pico_cyw43_driver/cyw43_bus_pio_spi.c.obj
                0x10010054                cyw43_read_bytes
 .text.cyw43_write_bytes
                0x100100cc       0xec CMakeFiles/MQTT_CONTROL.dir/C_/Program_Files/Raspberry_Pi/Pico_SDK_v1.5.1/pico-sdk/src/rp2_common/pico_cyw43_driver/cyw43_bus_pio_spi.c.obj
                0x100100cc                cyw43_write_bytes
 .text.cyw43_set_backplane_window
                0x100101b8       0x64 CMakeFiles/MQTT_CONTROL.dir/C_/Program_Files/Raspberry_Pi/Pico_SDK_v1.5.1/pico-sdk/lib/cyw43-driver/src/cyw43_ll.c.obj
 .text.cyw43_ll_parse_async_event
                0x1001021c      0x13c CMakeFiles/MQTT_CONTROL.dir/C_/Program_Files/Raspberry_Pi/Pico_SDK_v1.5.1/pico-sdk/lib/cyw43-driver/src/cyw43_ll.c.obj
 .text.cyw43_kso_set
                0x10010358       0xa0 CMakeFiles/MQTT_CONTROL.dir/C_/Program_Files/Raspberry_Pi/Pico_SDK_v1.5.1/pico-sdk/lib/cyw43-driver/src/cyw43_ll.c.obj
 .text.cyw43_ll_sdpcm_poll_device
                0x100103f8      0x238 CMakeFiles/MQTT_CONTROL.dir/C_/Program_Files/Raspberry_Pi/Pico_SDK_v1.5.1/pico-sdk/lib/cyw43-driver/src/cyw43_ll.c.obj
 .text.cyw43_sdpcm_send_common
                0x10010630       0xf0 CMakeFiles/MQTT_CONTROL.dir/C_/Program_Files/Raspberry_Pi/Pico_SDK_v1.5.1/pico-sdk/lib/cyw43-driver/src/cyw43_ll.c.obj
 .text.cyw43_do_ioctl
                0x10010720      0x110 CMakeFiles/MQTT_CONTROL.dir/C_/Program_Files/Raspberry_Pi/Pico_SDK_v1.5.1/pico-sdk/lib/cyw43-driver/src/cyw43_ll.c.obj
 .text.cyw43_do_ioctl.constprop.0
                0x10010830      0x108 CMakeFiles/MQTT_CONTROL.dir/C_/Program_Files/Raspberry_Pi/Pico_SDK_v1.5.1/pico-sdk/lib/cyw43-driver/src/cyw43_ll.c.obj
 .text.cyw43_read_backplane.constprop.0
                0x10010938       0xdc CMakeFiles/MQTT_CONTROL.dir/C_/Program_Files/Raspberry_Pi/Pico_SDK_v1.5.1/pico-sdk/lib/cyw43-driver/src/cyw43_ll.c.obj
 .text.reset_device_core.constprop.0
                0x10010a14      0x3f0 CMakeFiles/MQTT_CONTROL.dir/C_/Program_Files/Raspberry_Pi/Pico_SDK_v1.5.1/pico-sdk/lib/cyw43-driver/src/cyw43_ll.c.obj
 .text.cyw43_ll_init
                0x10010e04       0x1c CMakeFiles/MQTT_CONTROL.dir/C_/Program_Files/Raspberry_Pi/Pico_SDK_v1.5.1/pico-sdk/lib/cyw43-driver/src/cyw43_ll.c.obj
                0x10010e04                cyw43_ll_init
 .text.cyw43_ll_deinit
                0x10010e20        0x8 CMakeFiles/MQTT_CONTROL.dir/C_/Program_Files/Raspberry_Pi/Pico_SDK_v1.5.1/pico-sdk/lib/cyw43-driver/src/cyw43_ll.c.obj
                0x10010e20                cyw43_ll_deinit
 .text.cyw43_ll_send_ethernet
                0x10010e28       0x60 CMakeFiles/MQTT_CONTROL.dir/C_/Program_Files/Raspberry_Pi/Pico_SDK_v1.5.1/pico-sdk/lib/cyw43-driver/src/cyw43_ll.c.obj
                0x10010e28                cyw43_ll_send_ethernet
 .text.cyw43_ll_process_packets
                0x10010e88       0x54 CMakeFiles/MQTT_CONTROL.dir/C_/Program_Files/Raspberry_Pi/Pico_SDK_v1.5.1/pico-sdk/lib/cyw43-driver/src/cyw43_ll.c.obj
                0x10010e88                cyw43_ll_process_packets
 .text.cyw43_ll_ioctl
                0x10010edc       0x20 CMakeFiles/MQTT_CONTROL.dir/C_/Program_Files/Raspberry_Pi/Pico_SDK_v1.5.1/pico-sdk/lib/cyw43-driver/src/cyw43_ll.c.obj
                0x10010edc                cyw43_ll_ioctl
 .text.cyw43_ll_bus_sleep
                0x10010efc       0x34 CMakeFiles/MQTT_CONTROL.dir/C_/Program_Files/Raspberry_Pi/Pico_SDK_v1.5.1/pico-sdk/lib/cyw43-driver/src/cyw43_ll.c.obj
                0x10010efc                cyw43_ll_bus_sleep
 .text.cyw43_ll_bus_init
                0x10010f30      0xbf0 CMakeFiles/MQTT_CONTROL.dir/C_/Program_Files/Raspberry_Pi/Pico_SDK_v1.5.1/pico-sdk/lib/cyw43-driver/src/cyw43_ll.c.obj
                0x10010f30                cyw43_ll_bus_init
 .text.cyw43_ll_wifi_on
                0x10011b20      0x240 CMakeFiles/MQTT_CONTROL.dir/C_/Program_Files/Raspberry_Pi/Pico_SDK_v1.5.1/pico-sdk/lib/cyw43-driver/src/cyw43_ll.c.obj
                0x10011b20                cyw43_ll_wifi_on
 .text.cyw43_ll_wifi_get_mac
                0x10011d60       0x44 CMakeFiles/MQTT_CONTROL.dir/C_/Program_Files/Raspberry_Pi/Pico_SDK_v1.5.1/pico-sdk/lib/cyw43-driver/src/cyw43_ll.c.obj
                0x10011d60                cyw43_ll_wifi_get_mac
 .text.cyw43_ll_wifi_pm
                0x10011da4      0x194 CMakeFiles/MQTT_CONTROL.dir/C_/Program_Files/Raspberry_Pi/Pico_SDK_v1.5.1/pico-sdk/lib/cyw43-driver/src/cyw43_ll.c.obj
                0x10011da4                cyw43_ll_wifi_pm
 .text.cyw43_ll_wifi_join
                0x10011f38      0x310 CMakeFiles/MQTT_CONTROL.dir/C_/Program_Files/Raspberry_Pi/Pico_SDK_v1.5.1/pico-sdk/lib/cyw43-driver/src/cyw43_ll.c.obj
                0x10011f38                cyw43_ll_wifi_join
 .text.cyw43_ll_wifi_set_wpa_auth
                0x10012248       0x2c CMakeFiles/MQTT_CONTROL.dir/C_/Program_Files/Raspberry_Pi/Pico_SDK_v1.5.1/pico-sdk/lib/cyw43-driver/src/cyw43_ll.c.obj
                0x10012248                cyw43_ll_wifi_set_wpa_auth
 .text.cyw43_ll_wifi_rejoin
                0x10012274       0x1c CMakeFiles/MQTT_CONTROL.dir/C_/Program_Files/Raspberry_Pi/Pico_SDK_v1.5.1/pico-sdk/lib/cyw43-driver/src/cyw43_ll.c.obj
                0x10012274                cyw43_ll_wifi_rejoin
 .text.cyw43_ll_wifi_ap_init
                0x10012290      0x2c4 CMakeFiles/MQTT_CONTROL.dir/C_/Program_Files/Raspberry_Pi/Pico_SDK_v1.5.1/pico-sdk/lib/cyw43-driver/src/cyw43_ll.c.obj
                0x10012290                cyw43_ll_wifi_ap_init
 .text.cyw43_ll_wifi_ap_set_up
                0x10012554       0x54 CMakeFiles/MQTT_CONTROL.dir/C_/Program_Files/Raspberry_Pi/Pico_SDK_v1.5.1/pico-sdk/lib/cyw43-driver/src/cyw43_ll.c.obj
                0x10012554                cyw43_ll_wifi_ap_set_up
 .text.cyw43_ll_gpio_set
                0x100125a8       0x6c CMakeFiles/MQTT_CONTROL.dir/C_/Program_Files/Raspberry_Pi/Pico_SDK_v1.5.1/pico-sdk/lib/cyw43-driver/src/cyw43_ll.c.obj
                0x100125a8                cyw43_ll_gpio_set
 .text.cyw43_ll_has_work
                0x10012614       0x14 CMakeFiles/MQTT_CONTROL.dir/C_/Program_Files/Raspberry_Pi/Pico_SDK_v1.5.1/pico-sdk/lib/cyw43-driver/src/cyw43_ll.c.obj
                0x10012614                cyw43_ll_has_work
 .text.cyw43_netif_init
                0x10012628       0x3c CMakeFiles/MQTT_CONTROL.dir/C_/Program_Files/Raspberry_Pi/Pico_SDK_v1.5.1/pico-sdk/lib/cyw43-driver/src/cyw43_lwip.c.obj
 .text.cyw43_netif_output
                0x10012664       0x34 CMakeFiles/MQTT_CONTROL.dir/C_/Program_Files/Raspberry_Pi/Pico_SDK_v1.5.1/pico-sdk/lib/cyw43-driver/src/cyw43_lwip.c.obj
 .text.cyw43_cb_tcpip_init
                0x10012698       0xfc CMakeFiles/MQTT_CONTROL.dir/C_/Program_Files/Raspberry_Pi/Pico_SDK_v1.5.1/pico-sdk/lib/cyw43-driver/src/cyw43_lwip.c.obj
                0x10012698                cyw43_cb_tcpip_init
 .text.cyw43_cb_tcpip_deinit
                0x10012794       0x4c CMakeFiles/MQTT_CONTROL.dir/C_/Program_Files/Raspberry_Pi/Pico_SDK_v1.5.1/pico-sdk/lib/cyw43-driver/src/cyw43_lwip.c.obj
                0x10012794                cyw43_cb_tcpip_deinit
 .text.cyw43_cb_process_ethernet
                0x100127e0       0x68 CMakeFiles/MQTT_CONTROL.dir/C_/Program_Files/Raspberry_Pi/Pico_SDK_v1.5.1/pico-sdk/lib/cyw43-driver/src/cyw43_lwip.c.obj
                0x100127e0                cyw43_cb_process_ethernet
 .text.cyw43_cb_tcpip_set_link_up
                0x10012848       0x18 CMakeFiles/MQTT_CONTROL.dir/C_/Program_Files/Raspberry_Pi/Pico_SDK_v1.5.1/pico-sdk/lib/cyw43-driver/src/cyw43_lwip.c.obj
                0x10012848                cyw43_cb_tcpip_set_link_up
 .text.cyw43_cb_tcpip_set_link_down
                0x10012860       0x18 CMakeFiles/MQTT_CONTROL.dir/C_/Program_Files/Raspberry_Pi/Pico_SDK_v1.5.1/pico-sdk/lib/cyw43-driver/src/cyw43_lwip.c.obj
                0x10012860                cyw43_cb_tcpip_set_link_down
 .text.cyw43_tcpip_link_status
                0x10012878       0x34 CMakeFiles/MQTT_CONTROL.dir/C_/Program_Files/Raspberry_Pi/Pico_SDK_v1.5.1/pico-sdk/lib/cyw43-driver/src/cyw43_lwip.c.obj
                0x10012878                cyw43_tcpip_link_status
 .text.cyw43_poll_func
                0x100128ac       0xc0 CMakeFiles/MQTT_CONTROL.dir/C_/Program_Files/Raspberry_Pi/Pico_SDK_v1.5.1/pico-sdk/lib/cyw43-driver/src/cyw43_ctrl.c.obj
 .text.cyw43_init
                0x1001296c       0x6c CMakeFiles/MQTT_CONTROL.dir/C_/Program_Files/Raspberry_Pi/Pico_SDK_v1.5.1/pico-sdk/lib/cyw43-driver/src/cyw43_ctrl.c.obj
                0x1001296c                cyw43_init
 .text.cyw43_deinit
                0x100129d8       0x90 CMakeFiles/MQTT_CONTROL.dir/C_/Program_Files/Raspberry_Pi/Pico_SDK_v1.5.1/pico-sdk/lib/cyw43-driver/src/cyw43_ctrl.c.obj
                0x100129d8                cyw43_deinit
 .text.cyw43_cb_read_host_interrupt_pin
                0x10012a68        0xc CMakeFiles/MQTT_CONTROL.dir/C_/Program_Files/Raspberry_Pi/Pico_SDK_v1.5.1/pico-sdk/lib/cyw43-driver/src/cyw43_ctrl.c.obj
                0x10012a68                cyw43_cb_read_host_interrupt_pin
 .text.cyw43_cb_ensure_awake
                0x10012a74        0xc CMakeFiles/MQTT_CONTROL.dir/C_/Program_Files/Raspberry_Pi/Pico_SDK_v1.5.1/pico-sdk/lib/cyw43-driver/src/cyw43_ctrl.c.obj
                0x10012a74                cyw43_cb_ensure_awake
 .text.cyw43_cb_process_async_event
                0x10012a80      0x228 CMakeFiles/MQTT_CONTROL.dir/C_/Program_Files/Raspberry_Pi/Pico_SDK_v1.5.1/pico-sdk/lib/cyw43-driver/src/cyw43_ctrl.c.obj
                0x10012a80                cyw43_cb_process_async_event
 .text.cyw43_send_ethernet
                0x10012ca8       0xc0 CMakeFiles/MQTT_CONTROL.dir/C_/Program_Files/Raspberry_Pi/Pico_SDK_v1.5.1/pico-sdk/lib/cyw43-driver/src/cyw43_ctrl.c.obj
                0x10012ca8                cyw43_send_ethernet
 .text.cyw43_wifi_get_mac
                0x10012d68       0x10 CMakeFiles/MQTT_CONTROL.dir/C_/Program_Files/Raspberry_Pi/Pico_SDK_v1.5.1/pico-sdk/lib/cyw43-driver/src/cyw43_ctrl.c.obj
                0x10012d68                cyw43_wifi_get_mac
 .text.cyw43_wifi_set_up
                0x10012d78      0x308 CMakeFiles/MQTT_CONTROL.dir/C_/Program_Files/Raspberry_Pi/Pico_SDK_v1.5.1/pico-sdk/lib/cyw43-driver/src/cyw43_ctrl.c.obj
                0x10012d78                cyw43_wifi_set_up
 .text.cyw43_wifi_link_status
                0x10013080       0x3c CMakeFiles/MQTT_CONTROL.dir/C_/Program_Files/Raspberry_Pi/Pico_SDK_v1.5.1/pico-sdk/lib/cyw43-driver/src/cyw43_ctrl.c.obj
                0x10013080                cyw43_wifi_link_status
 .text.cyw43_wifi_join
                0x100130bc       0xf4 CMakeFiles/MQTT_CONTROL.dir/C_/Program_Files/Raspberry_Pi/Pico_SDK_v1.5.1/pico-sdk/lib/cyw43-driver/src/cyw43_ctrl.c.obj
                0x100130bc                cyw43_wifi_join
 .text.cyw43_gpio_set
                0x100131b0       0xa0 CMakeFiles/MQTT_CONTROL.dir/C_/Program_Files/Raspberry_Pi/Pico_SDK_v1.5.1/pico-sdk/lib/cyw43-driver/src/cyw43_ctrl.c.obj
                0x100131b0                cyw43_gpio_set
 .text.pio_sm_unclaim
                0x10013250       0x20 CMakeFiles/MQTT_CONTROL.dir/C_/Program_Files/Raspberry_Pi/Pico_SDK_v1.5.1/pico-sdk/src/rp2_common/hardware_pio/pio.c.obj
                0x10013250                pio_sm_unclaim
 .text.pio_claim_unused_sm
                0x10013270       0x3c CMakeFiles/MQTT_CONTROL.dir/C_/Program_Files/Raspberry_Pi/Pico_SDK_v1.5.1/pico-sdk/src/rp2_common/hardware_pio/pio.c.obj
                0x10013270                pio_claim_unused_sm
 .text.pio_can_add_program
                0x100132ac       0x68 CMakeFiles/MQTT_CONTROL.dir/C_/Program_Files/Raspberry_Pi/Pico_SDK_v1.5.1/pico-sdk/src/rp2_common/hardware_pio/pio.c.obj
                0x100132ac                pio_can_add_program
 .text.pio_add_program
                0x10013314       0xc8 CMakeFiles/MQTT_CONTROL.dir/C_/Program_Files/Raspberry_Pi/Pico_SDK_v1.5.1/pico-sdk/src/rp2_common/hardware_pio/pio.c.obj
                0x10013314                pio_add_program
 .text.pio_remove_program
                0x100133dc       0x34 CMakeFiles/MQTT_CONTROL.dir/C_/Program_Files/Raspberry_Pi/Pico_SDK_v1.5.1/pico-sdk/src/rp2_common/hardware_pio/pio.c.obj
                0x100133dc                pio_remove_program
 .text.pio_sm_set_pindirs_with_mask
                0x10013410       0xa4 CMakeFiles/MQTT_CONTROL.dir/C_/Program_Files/Raspberry_Pi/Pico_SDK_v1.5.1/pico-sdk/src/rp2_common/hardware_pio/pio.c.obj
                0x10013410                pio_sm_set_pindirs_with_mask
 .text.pio_sm_set_consecutive_pindirs
                0x100134b4       0xb0 CMakeFiles/MQTT_CONTROL.dir/C_/Program_Files/Raspberry_Pi/Pico_SDK_v1.5.1/pico-sdk/src/rp2_common/hardware_pio/pio.c.obj
                0x100134b4                pio_sm_set_consecutive_pindirs
 .text.dma_channel_unclaim
                0x10013564       0x10 CMakeFiles/MQTT_CONTROL.dir/C_/Program_Files/Raspberry_Pi/Pico_SDK_v1.5.1/pico-sdk/src/rp2_common/hardware_dma/dma.c.obj
                0x10013564                dma_channel_unclaim
 .text.dma_claim_unused_channel
                0x10013574       0x20 CMakeFiles/MQTT_CONTROL.dir/C_/Program_Files/Raspberry_Pi/Pico_SDK_v1.5.1/pico-sdk/src/rp2_common/hardware_dma/dma.c.obj
                0x10013574                dma_claim_unused_channel
 .text.dma_channel_cleanup
                0x10013594       0x60 CMakeFiles/MQTT_CONTROL.dir/C_/Program_Files/Raspberry_Pi/Pico_SDK_v1.5.1/pico-sdk/src/rp2_common/hardware_dma/dma.c.obj
                0x10013594                dma_channel_cleanup
 .text.cyw43_sleep_timeout_reached
                0x100135f4       0x10 CMakeFiles/MQTT_CONTROL.dir/C_/Program_Files/Raspberry_Pi/Pico_SDK_v1.5.1/pico-sdk/src/rp2_common/pico_cyw43_driver/cyw43_driver.c.obj
 .text.cyw43_irq_init
                0x10013604       0x28 CMakeFiles/MQTT_CONTROL.dir/C_/Program_Files/Raspberry_Pi/Pico_SDK_v1.5.1/pico-sdk/src/rp2_common/pico_cyw43_driver/cyw43_driver.c.obj
                0x10013604                cyw43_irq_init
 .text.cyw43_irq_deinit
                0x1001362c       0x20 CMakeFiles/MQTT_CONTROL.dir/C_/Program_Files/Raspberry_Pi/Pico_SDK_v1.5.1/pico-sdk/src/rp2_common/pico_cyw43_driver/cyw43_driver.c.obj
                0x1001362c                cyw43_irq_deinit
 .text.cyw43_gpio_irq_handler
                0x1001364c       0x44 CMakeFiles/MQTT_CONTROL.dir/C_/Program_Files/Raspberry_Pi/Pico_SDK_v1.5.1/pico-sdk/src/rp2_common/pico_cyw43_driver/cyw43_driver.c.obj
 .text.cyw43_do_poll
                0x10013690       0x6c CMakeFiles/MQTT_CONTROL.dir/C_/Program_Files/Raspberry_Pi/Pico_SDK_v1.5.1/pico-sdk/src/rp2_common/pico_cyw43_driver/cyw43_driver.c.obj
 .text.cyw43_post_poll_hook
                0x100136fc       0x10 CMakeFiles/MQTT_CONTROL.dir/C_/Program_Files/Raspberry_Pi/Pico_SDK_v1.5.1/pico-sdk/src/rp2_common/pico_cyw43_driver/cyw43_driver.c.obj
                0x100136fc                cyw43_post_poll_hook
 .text.cyw43_schedule_internal_poll_dispatch
                0x1001370c       0x18 CMakeFiles/MQTT_CONTROL.dir/C_/Program_Files/Raspberry_Pi/Pico_SDK_v1.5.1/pico-sdk/src/rp2_common/pico_cyw43_driver/cyw43_driver.c.obj
                0x1001370c                cyw43_schedule_internal_poll_dispatch
 .text.cyw43_driver_init
                0x10013724       0x38 CMakeFiles/MQTT_CONTROL.dir/C_/Program_Files/Raspberry_Pi/Pico_SDK_v1.5.1/pico-sdk/src/rp2_common/pico_cyw43_driver/cyw43_driver.c.obj
                0x10013724                cyw43_driver_init
 .text.cyw43_driver_deinit
                0x1001375c       0x44 CMakeFiles/MQTT_CONTROL.dir/C_/Program_Files/Raspberry_Pi/Pico_SDK_v1.5.1/pico-sdk/src/rp2_common/pico_cyw43_driver/cyw43_driver.c.obj
                0x1001375c                cyw43_driver_deinit
 .text.cyw43_hal_generate_laa_mac
                0x100137a0       0x28 CMakeFiles/MQTT_CONTROL.dir/C_/Program_Files/Raspberry_Pi/Pico_SDK_v1.5.1/pico-sdk/src/rp2_common/pico_cyw43_driver/cyw43_driver.c.obj
                0x100137a0                cyw43_hal_generate_laa_mac
 .text.cyw43_hal_get_mac
                0x100137c8       0x1c CMakeFiles/MQTT_CONTROL.dir/C_/Program_Files/Raspberry_Pi/Pico_SDK_v1.5.1/pico-sdk/src/rp2_common/pico_cyw43_driver/cyw43_driver.c.obj
                0x100137c8                cyw43_hal_get_mac
 .text.cyw43_thread_enter
                0x100137e4       0x14 CMakeFiles/MQTT_CONTROL.dir/C_/Program_Files/Raspberry_Pi/Pico_SDK_v1.5.1/pico-sdk/src/rp2_common/pico_cyw43_driver/cyw43_driver.c.obj
                0x100137e4                cyw43_thread_enter
 .text.cyw43_thread_exit
                0x100137f8       0x14 CMakeFiles/MQTT_CONTROL.dir/C_/Program_Files/Raspberry_Pi/Pico_SDK_v1.5.1/pico-sdk/src/rp2_common/pico_cyw43_driver/cyw43_driver.c.obj
                0x100137f8                cyw43_thread_exit
 .text.cyw43_await_background_or_timeout_us
                0x1001380c       0x34 CMakeFiles/MQTT_CONTROL.dir/C_/Program_Files/Raspberry_Pi/Pico_SDK_v1.5.1/pico-sdk/src/rp2_common/pico_cyw43_driver/cyw43_driver.c.obj
                0x1001380c                cyw43_await_background_or_timeout_us
 .text.cyw43_delay_ms
                0x10013840       0x44 CMakeFiles/MQTT_CONTROL.dir/C_/Program_Files/Raspberry_Pi/Pico_SDK_v1.5.1/pico-sdk/src/rp2_common/pico_cyw43_driver/cyw43_driver.c.obj
                0x10013840                cyw43_delay_ms
 .text.cyw43_delay_us
                0x10013884       0x34 CMakeFiles/MQTT_CONTROL.dir/C_/Program_Files/Raspberry_Pi/Pico_SDK_v1.5.1/pico-sdk/src/rp2_common/pico_cyw43_driver/cyw43_driver.c.obj
                0x10013884                cyw43_delay_us
 .text.async_context_threadsafe_background_acquire_lock_blocking
                0x100138b8        0xc CMakeFiles/MQTT_CONTROL.dir/C_/Program_Files/Raspberry_Pi/Pico_SDK_v1.5.1/pico-sdk/src/rp2_common/pico_async_context/async_context_threadsafe_background.c.obj
 .text.alarm_handler
                0x100138c4       0x20 CMakeFiles/MQTT_CONTROL.dir/C_/Program_Files/Raspberry_Pi/Pico_SDK_v1.5.1/pico-sdk/src/rp2_common/pico_async_context/async_context_threadsafe_background.c.obj
 .text.async_context_threadsafe_background_set_work_pending
                0x100138e4       0x1c CMakeFiles/MQTT_CONTROL.dir/C_/Program_Files/Raspberry_Pi/Pico_SDK_v1.5.1/pico-sdk/src/rp2_common/pico_async_context/async_context_threadsafe_background.c.obj
 .text.process_under_lock
                0x10013900       0xc8 CMakeFiles/MQTT_CONTROL.dir/C_/Program_Files/Raspberry_Pi/Pico_SDK_v1.5.1/pico-sdk/src/rp2_common/pico_async_context/async_context_threadsafe_background.c.obj
 .text.async_context_threadsafe_background_execute_sync
                0x100139c8       0x30 CMakeFiles/MQTT_CONTROL.dir/C_/Program_Files/Raspberry_Pi/Pico_SDK_v1.5.1/pico-sdk/src/rp2_common/pico_async_context/async_context_threadsafe_background.c.obj
                0x100139c8                async_context_threadsafe_background_execute_sync
 .text.async_context_threadsafe_background_deinit
                0x100139f8       0x54 CMakeFiles/MQTT_CONTROL.dir/C_/Program_Files/Raspberry_Pi/Pico_SDK_v1.5.1/pico-sdk/src/rp2_common/pico_async_context/async_context_threadsafe_background.c.obj
 .text.low_priority_irq_handler
                0x10013a4c       0x3c CMakeFiles/MQTT_CONTROL.dir/C_/Program_Files/Raspberry_Pi/Pico_SDK_v1.5.1/pico-sdk/src/rp2_common/pico_async_context/async_context_threadsafe_background.c.obj
 .text.async_context_threadsafe_background_wait_for_work_until
                0x10013a88        0xc CMakeFiles/MQTT_CONTROL.dir/C_/Program_Files/Raspberry_Pi/Pico_SDK_v1.5.1/pico-sdk/src/rp2_common/pico_async_context/async_context_threadsafe_background.c.obj
 .text.async_context_threadsafe_background_wait_until
                0x10013a94       0x1c CMakeFiles/MQTT_CONTROL.dir/C_/Program_Files/Raspberry_Pi/Pico_SDK_v1.5.1/pico-sdk/src/rp2_common/pico_async_context/async_context_threadsafe_background.c.obj
 .text.async_context_threadsafe_background_lock_check
                0x10013ab0       0x28 CMakeFiles/MQTT_CONTROL.dir/C_/Program_Files/Raspberry_Pi/Pico_SDK_v1.5.1/pico-sdk/src/rp2_common/pico_async_context/async_context_threadsafe_background.c.obj
 .text.async_context_threadsafe_background_release_lock
                0x10013ad8       0x1c CMakeFiles/MQTT_CONTROL.dir/C_/Program_Files/Raspberry_Pi/Pico_SDK_v1.5.1/pico-sdk/src/rp2_common/pico_async_context/async_context_threadsafe_background.c.obj
 .text.async_context_threadsafe_background_when_pending_worker
                0x10013af4       0x34 CMakeFiles/MQTT_CONTROL.dir/C_/Program_Files/Raspberry_Pi/Pico_SDK_v1.5.1/pico-sdk/src/rp2_common/pico_async_context/async_context_threadsafe_background.c.obj
 .text.async_context_threadsafe_background_remove_at_time_worker
                0x10013b28       0x34 CMakeFiles/MQTT_CONTROL.dir/C_/Program_Files/Raspberry_Pi/Pico_SDK_v1.5.1/pico-sdk/src/rp2_common/pico_async_context/async_context_threadsafe_background.c.obj
 .text.async_context_threadsafe_background_add_when_pending_worker
                0x10013b5c       0x34 CMakeFiles/MQTT_CONTROL.dir/C_/Program_Files/Raspberry_Pi/Pico_SDK_v1.5.1/pico-sdk/src/rp2_common/pico_async_context/async_context_threadsafe_background.c.obj
 .text.async_context_threadsafe_background_add_at_time_worker
                0x10013b90       0x34 CMakeFiles/MQTT_CONTROL.dir/C_/Program_Files/Raspberry_Pi/Pico_SDK_v1.5.1/pico-sdk/src/rp2_common/pico_async_context/async_context_threadsafe_background.c.obj
 .text.async_context_threadsafe_background_default_config
                0x10013bc4        0xc CMakeFiles/MQTT_CONTROL.dir/C_/Program_Files/Raspberry_Pi/Pico_SDK_v1.5.1/pico-sdk/src/rp2_common/pico_async_context/async_context_threadsafe_background.c.obj
                0x10013bc4                async_context_threadsafe_background_default_config
 .text.async_context_threadsafe_background_init
                0x10013bd0       0x8c CMakeFiles/MQTT_CONTROL.dir/C_/Program_Files/Raspberry_Pi/Pico_SDK_v1.5.1/pico-sdk/src/rp2_common/pico_async_context/async_context_threadsafe_background.c.obj
                0x10013bd0                async_context_threadsafe_background_init
 .text.runtime_init
                0x10013c5c       0xf0 CMakeFiles/MQTT_CONTROL.dir/C_/Program_Files/Raspberry_Pi/Pico_SDK_v1.5.1/pico-sdk/src/rp2_common/pico_runtime/runtime.c.obj
                0x10013c5c                runtime_init
 .text._exit    0x10013d4c        0x4 CMakeFiles/MQTT_CONTROL.dir/C_/Program_Files/Raspberry_Pi/Pico_SDK_v1.5.1/pico-sdk/src/rp2_common/pico_runtime/runtime.c.obj