Archive member included to satisfy reference by file (symbol)

c:/progra~1/raspbe~1/picosd~1.1/gcc-ar~1/bin/../lib/gcc/arm-none-eabi/10.3.1/thumb/v6-m/nofp\libgcc.a(_dvmd_tls.o)
                              CMakeFiles/PICO_MQTT.dir/C_/Program_Files/Raspberry_Pi/Pico_SDK_v1.5.1/pico-sdk/src/rp2_common/pico_divider/divider.S.obj (__aeabi_idiv0)
c:/progra~1/raspbe~1/picosd~1.1/gcc-ar~1/bin/../lib/gcc/arm-none-eabi/10.3.1/../../../../arm-none-eabi/lib/thumb/v6-m/nofp\libc.a(lib_a-atoi.o)
                              CMakeFiles/PICO_MQTT.dir/C_/Program_Files/Raspberry_Pi/Pico_SDK_v1.5.1/pico-sdk/lib/lwip/src/core/netif.c.obj (atoi)
c:/progra~1/raspbe~1/picosd~1.1/gcc-ar~1/bin/../lib/gcc/arm-none-eabi/10.3.1/../../../../arm-none-eabi/lib/thumb/v6-m/nofp\libc.a(lib_a-calloc.o)
                              CMakeFiles/PICO_MQTT.dir/C_/Program_Files/Raspberry_Pi/Pico_SDK_v1.5.1/pico-sdk/src/rp2_common/pico_malloc/pico_malloc.c.obj (calloc)
c:/progra~1/raspbe~1/picosd~1.1/gcc-ar~1/bin/../lib/gcc/arm-none-eabi/10.3.1/../../../../arm-none-eabi/lib/thumb/v6-m/nofp\libc.a(lib_a-callocr.o)
                              c:/progra~1/raspbe~1/picosd~1.1/gcc-ar~1/bin/../lib/gcc/arm-none-eabi/10.3.1/../../../../arm-none-eabi/lib/thumb/v6-m/nofp\libc.a(lib_a-calloc.o) (_calloc_r)
c:/progra~1/raspbe~1/picosd~1.1/gcc-ar~1/bin/../lib/gcc/arm-none-eabi/10.3.1/../../../../arm-none-eabi/lib/thumb/v6-m/nofp\libc.a(lib_a-ctype_.o)
                              CMakeFiles/PICO_MQTT.dir/C_/Program_Files/Raspberry_Pi/Pico_SDK_v1.5.1/pico-sdk/lib/lwip/src/core/dns.c.obj (_ctype_)
c:/progra~1/raspbe~1/picosd~1.1/gcc-ar~1/bin/../lib/gcc/arm-none-eabi/10.3.1/../../../../arm-none-eabi/lib/thumb/v6-m/nofp\libc.a(lib_a-errno.o)
                              c:/progra~1/raspbe~1/picosd~1.1/gcc-ar~1/bin/../lib/gcc/arm-none-eabi/10.3.1/../../../../arm-none-eabi/lib/thumb/v6-m/nofp\libc.a(lib_a-callocr.o) (__errno)
c:/progra~1/raspbe~1/picosd~1.1/gcc-ar~1/bin/../lib/gcc/arm-none-eabi/10.3.1/../../../../arm-none-eabi/lib/thumb/v6-m/nofp\libc.a(lib_a-impure.o)
                              c:/progra~1/raspbe~1/picosd~1.1/gcc-ar~1/bin/../lib/gcc/arm-none-eabi/10.3.1/../../../../arm-none-eabi/lib/thumb/v6-m/nofp\libc.a(lib_a-calloc.o) (_impure_ptr)
c:/progra~1/raspbe~1/picosd~1.1/gcc-ar~1/bin/../lib/gcc/arm-none-eabi/10.3.1/../../../../arm-none-eabi/lib/thumb/v6-m/nofp\libc.a(lib_a-init.o)
                              c:/progra~1/raspbe~1/picosd~1.1/gcc-ar~1/bin/../lib/gcc/arm-none-eabi/10.3.1/../../../../arm-none-eabi/lib/thumb/v6-m/nofp/crt0.o (__libc_init_array)
c:/progra~1/raspbe~1/picosd~1.1/gcc-ar~1/bin/../lib/gcc/arm-none-eabi/10.3.1/../../../../arm-none-eabi/lib/thumb/v6-m/nofp\libc.a(lib_a-malloc.o)
                              CMakeFiles/PICO_MQTT.dir/C_/Program_Files/Raspberry_Pi/Pico_SDK_v1.5.1/pico-sdk/src/rp2_common/pico_malloc/pico_malloc.c.obj (malloc)
c:/progra~1/raspbe~1/picosd~1.1/gcc-ar~1/bin/../lib/gcc/arm-none-eabi/10.3.1/../../../../arm-none-eabi/lib/thumb/v6-m/nofp\libc.a(lib_a-mallocr.o)
                              c:/progra~1/raspbe~1/picosd~1.1/gcc-ar~1/bin/../lib/gcc/arm-none-eabi/10.3.1/../../../../arm-none-eabi/lib/thumb/v6-m/nofp\libc.a(lib_a-callocr.o) (_malloc_r)
c:/progra~1/raspbe~1/picosd~1.1/gcc-ar~1/bin/../lib/gcc/arm-none-eabi/10.3.1/../../../../arm-none-eabi/lib/thumb/v6-m/nofp\libc.a(lib_a-memcmp.o)
                              CMakeFiles/PICO_MQTT.dir/C_/Program_Files/Raspberry_Pi/Pico_SDK_v1.5.1/pico-sdk/lib/lwip/src/netif/ethernet.c.obj (memcmp)
c:/progra~1/raspbe~1/picosd~1.1/gcc-ar~1/bin/../lib/gcc/arm-none-eabi/10.3.1/../../../../arm-none-eabi/lib/thumb/v6-m/nofp\libc.a(lib_a-memmove.o)
                              CMakeFiles/PICO_MQTT.dir/C_/Program_Files/Raspberry_Pi/Pico_SDK_v1.5.1/pico-sdk/lib/lwip/src/core/def.c.obj (memmove)
c:/progra~1/raspbe~1/picosd~1.1/gcc-ar~1/bin/../lib/gcc/arm-none-eabi/10.3.1/../../../../arm-none-eabi/lib/thumb/v6-m/nofp\libc.a(lib_a-mlock.o)
                              c:/progra~1/raspbe~1/picosd~1.1/gcc-ar~1/bin/../lib/gcc/arm-none-eabi/10.3.1/../../../../arm-none-eabi/lib/thumb/v6-m/nofp\libc.a(lib_a-mallocr.o) (__malloc_lock)
c:/progra~1/raspbe~1/picosd~1.1/gcc-ar~1/bin/../lib/gcc/arm-none-eabi/10.3.1/../../../../arm-none-eabi/lib/thumb/v6-m/nofp\libc.a(lib_a-realloc.o)
                              CMakeFiles/PICO_MQTT.dir/C_/Program_Files/Raspberry_Pi/Pico_SDK_v1.5.1/pico-sdk/src/rp2_common/pico_malloc/pico_malloc.c.obj (realloc)
c:/progra~1/raspbe~1/picosd~1.1/gcc-ar~1/bin/../lib/gcc/arm-none-eabi/10.3.1/../../../../arm-none-eabi/lib/thumb/v6-m/nofp\libc.a(lib_a-reallocr.o)
                              c:/progra~1/raspbe~1/picosd~1.1/gcc-ar~1/bin/../lib/gcc/arm-none-eabi/10.3.1/../../../../arm-none-eabi/lib/thumb/v6-m/nofp\libc.a(lib_a-realloc.o) (_realloc_r)
c:/progra~1/raspbe~1/picosd~1.1/gcc-ar~1/bin/../lib/gcc/arm-none-eabi/10.3.1/../../../../arm-none-eabi/lib/thumb/v6-m/nofp\libc.a(lib_a-sbrkr.o)
[...]
Memory Configuration

Name             Origin             Length             Attributes
FLASH            0x10000000         0x00200000         xr
RAM              0x20000000         0x00040000         xrw
SCRATCH_X        0x20040000         0x00001000         xrw
SCRATCH_Y        0x20041000         0x00001000         xrw
*default*        0x00000000         0xffffffff

Linker script and memory map

LOAD c:/progra~1/raspbe~1/picosd~1.1/gcc-ar~1/bin/../lib/gcc/arm-none-eabi/10.3.1/thumb/v6-m/nofp/crti.o
LOAD c:/progra~1/raspbe~1/picosd~1.1/gcc-ar~1/bin/../lib/gcc/arm-none-eabi/10.3.1/thumb/v6-m/nofp/crtbegin.o
LOAD c:/progra~1/raspbe~1/picosd~1.1/gcc-ar~1/bin/../lib/gcc/arm-none-eabi/10.3.1/../../../../arm-none-eabi/lib/thumb/v6-m/nofp/crt0.o

.flash_begin    0x10000000        0x0
                0x10000000                __flash_binary_start = .

.boot2          0x10000000      0x100
                0x10000000                __boot2_start__ = .
 *(.boot2)
 .boot2         0x10000000      0x100 C:\Users\Antonio\AppData\Local\Temp\ccIRScOi.o
                0x10000100                __boot2_end__ = .
                0x00000001                ASSERT (((__boot2_end__ - __boot2_start__) == 0x100), ERROR: Pico second stage bootloader must be 256 bytes in size)

.text           0x10000100    0x19618
                0x10000100                __logical_binary_start = .
 *(.vectors)
 .vectors       0x10000100       0xd4 CMakeFiles/PICO_MQTT.dir/C_/Program_Files/Raspberry_Pi/Pico_SDK_v1.5.1/pico-sdk/src/rp2_common/pico_standard_link/crt0.S.obj
                0x10000100                __VECTOR_TABLE
                0x10000100                __vectors
                0x100001c0                isr_invalid
                0x100001c0                __default_isrs_start
                0x100001c2                isr_nmi
                0x100001c4                isr_hardfault
                0x100001c6                isr_svcall
                0x100001c8                isr_pendsv
                0x100001ca                isr_systick
                0x100001cc                isr_irq23
                0x100001cc                isr_irq18
                0x100001cc                isr_irq11
                0x100001cc                isr_irq28
                0x100001cc                isr_irq19
                0x100001cc                isr_irq0
                0x100001cc                isr_irq6
                0x100001cc                isr_irq5
                0x100001cc                isr_irq12
                0x100001cc                isr_irq22
                0x100001cc                isr_irq31
                0x100001cc                isr_irq17
                0x100001cc                isr_irq27
                0x100001cc                isr_irq30
                0x100001cc                isr_irq2
                0x100001cc                isr_irq10
                0x100001cc                isr_irq8
                0x100001cc                isr_irq24
                0x100001cc                isr_irq1
                0x100001cc                isr_irq7
                0x100001cc                isr_irq21
                0x100001cc                isr_irq20
                0x100001cc                isr_irq15
                0x100001cc                isr_irq25
                0x100001cc                isr_irq13
                0x100001cc                __unhandled_user_irq
                0x100001cc                isr_irq4
                0x100001cc                isr_irq16
                0x100001cc                isr_irq29
                0x100001cc                isr_irq26
                0x100001cc                __default_isrs_end
                0x100001cc                isr_irq3
                0x100001cc                isr_irq14
                0x100001cc                isr_irq9
                0x100001d2                unhandled_user_irq_num_in_r0
 *(.binary_info_header)
 .binary_info_header
                0x100001d4       0x14 CMakeFiles/PICO_MQTT.dir/C_/Program_Files/Raspberry_Pi/Pico_SDK_v1.5.1/pico-sdk/src/rp2_common/pico_standard_link/crt0.S.obj
                0x100001e8                __binary_info_header_end = .
 *(.reset)
 .reset         0x100001e8       0xa0 CMakeFiles/PICO_MQTT.dir/C_/Program_Files/Raspberry_Pi/Pico_SDK_v1.5.1/pico-sdk/src/rp2_common/pico_standard_link/crt0.S.obj
                0x100001e8                _entry_point
 .reset         0x10000288       0x24 CMakeFiles/PICO_MQTT.dir/C_/Program_Files/Raspberry_Pi/Pico_SDK_v1.5.1/pico-sdk/src/rp2_common/pico_standard_link/binary_info.c.obj
 *(.init)
 .init          0x100002ac        0x4 c:/progra~1/raspbe~1/picosd~1.1/gcc-ar~1/bin/../lib/gcc/arm-none-eabi/10.3.1/thumb/v6-m/nofp/crti.o
                0x100002ac                _init
 *(EXCLUDE_FILE(*libm.a: *libc.a:*lib_a-mem*.o *libgcc.a:) .text*)
 .text          0x100002b0       0x48 c:/progra~1/raspbe~1/picosd~1.1/gcc-ar~1/bin/../lib/gcc/arm-none-eabi/10.3.1/thumb/v6-m/nofp/crtbegin.o
 .text.mqtt_request_cb
                0x100002f8        0xc CMakeFiles/PICO_MQTT.dir/main.c.obj
 .text.mqtt_incoming_publish_cb
                0x10000304       0x10 CMakeFiles/PICO_MQTT.dir/main.c.obj
 .text.mqtt_connection_cb
                0x10000314       0x58 CMakeFiles/PICO_MQTT.dir/main.c.obj
 .text.mqtt_incoming_data_cb
                0x1000036c       0x64 CMakeFiles/PICO_MQTT.dir/main.c.obj
 .text.startup.main
                0x100003d0      0x15c CMakeFiles/PICO_MQTT.dir/main.c.obj
                0x100003d0                main
 .text.board_button_read
                0x1000052c       0x10 CMakeFiles/PICO_MQTT.dir/C_/Program_Files/Raspberry_Pi/Pico_SDK_v1.5.1/pico-sdk/lib/tinyusb/hw/bsp/rp2040/family.c.obj
                0x1000052c                board_button_read
 .text.lwip_timeout_reached
                0x1000053c        0x8 CMakeFiles/PICO_MQTT.dir/C_/Program_Files/Raspberry_Pi/Pico_SDK_v1.5.1/pico-sdk/src/rp2_common/pico_lwip/lwip_nosys.c.obj
 .text.update_next_timeout
                0x10000544       0x6c CMakeFiles/PICO_MQTT.dir/C_/Program_Files/Raspberry_Pi/Pico_SDK_v1.5.1/pico-sdk/src/rp2_common/pico_lwip/lwip_nosys.c.obj
 .text.lwip_nosys_init
                0x100005b0       0x30 CMakeFiles/PICO_MQTT.dir/C_/Program_Files/Raspberry_Pi/Pico_SDK_v1.5.1/pico-sdk/src/rp2_common/pico_lwip/lwip_nosys.c.obj
                0x100005b0                lwip_nosys_init
 .text.lwip_nosys_deinit
                0x100005e0       0x20 CMakeFiles/PICO_MQTT.dir/C_/Program_Files/Raspberry_Pi/Pico_SDK_v1.5.1/pico-sdk/src/rp2_common/pico_lwip/lwip_nosys.c.obj
                0x100005e0                lwip_nosys_deinit
 .text.sys_arch_protect
                0x10000600        0x4 CMakeFiles/PICO_MQTT.dir/C_/Program_Files/Raspberry_Pi/Pico_SDK_v1.5.1/pico-sdk/src/rp2_common/pico_lwip/lwip_nosys.c.obj
                0x10000600                sys_arch_protect
 .text.sys_arch_unprotect
                0x10000604        0x4 CMakeFiles/PICO_MQTT.dir/C_/Program_Files/Raspberry_Pi/Pico_SDK_v1.5.1/pico-sdk/src/rp2_common/pico_lwip/lwip_nosys.c.obj
                0x10000604                sys_arch_unprotect
 .text.sys_now  0x10000608       0x20 CMakeFiles/PICO_MQTT.dir/C_/Program_Files/Raspberry_Pi/Pico_SDK_v1.5.1/pico-sdk/src/rp2_common/pico_lwip/lwip_nosys.c.obj
                0x10000608                sys_now
 .text.async_context_base_add_at_time_worker
                0x10000628       0x28 CMakeFiles/PICO_MQTT.dir/C_/Program_Files/Raspberry_Pi/Pico_SDK_v1.5.1/pico-sdk/src/rp2_common/pico_async_context/async_context_base.c.obj
                0x10000628                async_context_base_add_at_time_worker
 .text.async_context_base_remove_at_time_worker
                0x10000650       0x28 CMakeFiles/PICO_MQTT.dir/C_/Program_Files/Raspberry_Pi/Pico_SDK_v1.5.1/pico-sdk/src/rp2_common/pico_async_context/async_context_base.c.obj
                0x10000650                async_context_base_remove_at_time_worker
 .text.async_context_base_add_when_pending_worker
                0x10000678       0x24 CMakeFiles/PICO_MQTT.dir/C_/Program_Files/Raspberry_Pi/Pico_SDK_v1.5.1/pico-sdk/src/rp2_common/pico_async_context/async_context_base.c.obj
                0x10000678                async_context_base_add_when_pending_worker
 .text.async_context_base_remove_when_pending_worker
                0x1000069c       0x28 CMakeFiles/PICO_MQTT.dir/C_/Program_Files/Raspberry_Pi/Pico_SDK_v1.5.1/pico-sdk/src/rp2_common/pico_async_context/async_context_base.c.obj
                0x1000069c                async_context_base_remove_when_pending_worker
 .text.async_context_base_execute_once
                0x100006c4       0xe8 CMakeFiles/PICO_MQTT.dir/C_/Program_Files/Raspberry_Pi/Pico_SDK_v1.5.1/pico-sdk/src/rp2_common/pico_async_context/async_context_base.c.obj
                0x100006c4                async_context_base_execute_once
 .text.running_on_fpga
                0x100007ac       0x10 CMakeFiles/PICO_MQTT.dir/C_/Program_Files/Raspberry_Pi/Pico_SDK_v1.5.1/pico-sdk/src/rp2_common/pico_platform/platform.c.obj
                0x100007ac                running_on_fpga
 .text.splitmix64
                0x100007bc       0x5c CMakeFiles/PICO_MQTT.dir/C_/Program_Files/Raspberry_Pi/Pico_SDK_v1.5.1/pico-sdk/src/rp2_common/pico_rand/rand.c.obj
 .text.xoroshiro128ss
                0x10000818       0x90 CMakeFiles/PICO_MQTT.dir/C_/Program_Files/Raspberry_Pi/Pico_SDK_v1.5.1/pico-sdk/src/rp2_common/pico_rand/rand.c.obj
 .text.get_rand_64
                0x100008a8      0x484 CMakeFiles/PICO_MQTT.dir/C_/Program_Files/Raspberry_Pi/Pico_SDK_v1.5.1/pico-sdk/src/rp2_common/pico_rand/rand.c.obj
                0x100008a8                get_rand_64
 .text.get_rand_32
                0x10000d2c        0x8 CMakeFiles/PICO_MQTT.dir/C_/Program_Files/Raspberry_Pi/Pico_SDK_v1.5.1/pico-sdk/src/rp2_common/pico_rand/rand.c.obj
                0x10000d2c                get_rand_32
 .text.startup._retrieve_unique_id_on_boot
                0x10000d34       0x10 CMakeFiles/PICO_MQTT.dir/C_/Program_Files/Raspberry_Pi/Pico_SDK_v1.5.1/pico-sdk/src/rp2_common/pico_unique_id/unique_id.c.obj
 .text.pico_get_unique_board_id
                0x10000d44       0x10 CMakeFiles/PICO_MQTT.dir/C_/Program_Files/Raspberry_Pi/Pico_SDK_v1.5.1/pico-sdk/src/rp2_common/pico_unique_id/unique_id.c.obj
                0x10000d44                pico_get_unique_board_id
 .text.pico_get_unique_board_id_string
                0x10000d54      0x1a8 CMakeFiles/PICO_MQTT.dir/C_/Program_Files/Raspberry_Pi/Pico_SDK_v1.5.1/pico-sdk/src/rp2_common/pico_unique_id/unique_id.c.obj
                0x10000d54                pico_get_unique_board_id_string
 .text.flash_get_unique_id
                0x10000efc       0x40 CMakeFiles/PICO_MQTT.dir/C_/Program_Files/Raspberry_Pi/Pico_SDK_v1.5.1/pico-sdk/src/rp2_common/hardware_flash/flash.c.obj
                0x10000efc                flash_get_unique_id
 .text.hw_claim_lock
                0x10000f3c       0x18 CMakeFiles/PICO_MQTT.dir/C_/Program_Files/Raspberry_Pi/Pico_SDK_v1.5.1/pico-sdk/src/rp2_common/hardware_claim/claim.c.obj
                0x10000f3c                hw_claim_lock
 .text.hw_claim_unlock
                0x10000f54       0x14 CMakeFiles/PICO_MQTT.dir/C_/Program_Files/Raspberry_Pi/Pico_SDK_v1.5.1/pico-sdk/src/rp2_common/hardware_claim/claim.c.obj
                0x10000f54                hw_claim_unlock
 .text.hw_claim_or_assert
                0x10000f68       0x44 CMakeFiles/PICO_MQTT.dir/C_/Program_Files/Raspberry_Pi/Pico_SDK_v1.5.1/pico-sdk/src/rp2_common/hardware_claim/claim.c.obj
                0x10000f68                hw_claim_or_assert
 .text.hw_claim_unused_from_range
                0x10000fac       0x9c CMakeFiles/PICO_MQTT.dir/C_/Program_Files/Raspberry_Pi/Pico_SDK_v1.5.1/pico-sdk/src/rp2_common/hardware_claim/claim.c.obj
                0x10000fac                hw_claim_unused_from_range
 .text.hw_claim_clear
                0x10001048       0x38 CMakeFiles/PICO_MQTT.dir/C_/Program_Files/Raspberry_Pi/Pico_SDK_v1.5.1/pico-sdk/src/rp2_common/hardware_claim/claim.c.obj
                0x10001048                hw_claim_clear
 .text.spin_locks_reset
                0x10001080       0x1c CMakeFiles/PICO_MQTT.dir/C_/Program_Files/Raspberry_Pi/Pico_SDK_v1.5.1/pico-sdk/src/rp2_common/hardware_sync/sync.c.obj
                0x10001080                spin_locks_reset
 .text.next_striped_spin_lock_num
                0x1000109c       0x18 CMakeFiles/PICO_MQTT.dir/C_/Program_Files/Raspberry_Pi/Pico_SDK_v1.5.1/pico-sdk/src/rp2_common/hardware_sync/sync.c.obj
                0x1000109c                next_striped_spin_lock_num
 .text.spin_lock_claim_unused
                0x100010b4       0x20 CMakeFiles/PICO_MQTT.dir/C_/Program_Files/Raspberry_Pi/Pico_SDK_v1.5.1/pico-sdk/src/rp2_common/hardware_sync/sync.c.obj
                0x100010b4                spin_lock_claim_unused
 .text.rom_func_lookup
                0x100010d4       0x10 CMakeFiles/PICO_MQTT.dir/C_/Program_Files/Raspberry_Pi/Pico_SDK_v1.5.1/pico-sdk/src/rp2_common/pico_bootrom/bootrom.c.obj
                0x100010d4                rom_func_lookup
 .text.rom_data_lookup
                0x100010e4       0x10 CMakeFiles/PICO_MQTT.dir/C_/Program_Files/Raspberry_Pi/Pico_SDK_v1.5.1/pico-sdk/src/rp2_common/pico_bootrom/bootrom.c.obj
                0x100010e4                rom_data_lookup
 .text.rom_funcs_lookup
                0x100010f4       0x44 CMakeFiles/PICO_MQTT.dir/C_/Program_Files/Raspberry_Pi/Pico_SDK_v1.5.1/pico-sdk/src/rp2_common/pico_bootrom/bootrom.c.obj
                0x100010f4                rom_funcs_lookup
 .text.clocks_init
                0x10001138      0x2d0 CMakeFiles/PICO_MQTT.dir/C_/Program_Files/Raspberry_Pi/Pico_SDK_v1.5.1/pico-sdk/src/rp2_common/hardware_clocks/clocks.c.obj
                0x10001138                clocks_init
 .text.clock_get_hz
                0x10001408        0xc CMakeFiles/PICO_MQTT.dir/C_/Program_Files/Raspberry_Pi/Pico_SDK_v1.5.1/pico-sdk/src/rp2_common/hardware_clocks/clocks.c.obj
                0x10001408                clock_get_hz
 .text.gpio_set_function
                0x10001414       0x30 CMakeFiles/PICO_MQTT.dir/C_/Program_Files/Raspberry_Pi/Pico_SDK_v1.5.1/pico-sdk/src/rp2_common/hardware_gpio/gpio.c.obj
                0x10001414                gpio_set_function
 .text.gpio_set_pulls
                0x10001444       0x30 CMakeFiles/PICO_MQTT.dir/C_/Program_Files/Raspberry_Pi/Pico_SDK_v1.5.1/pico-sdk/src/rp2_common/hardware_gpio/gpio.c.obj
                0x10001444                gpio_set_pulls
 .text.gpio_set_input_hysteresis_enabled
                0x10001474       0x28 CMakeFiles/PICO_MQTT.dir/C_/Program_Files/Raspberry_Pi/Pico_SDK_v1.5.1/pico-sdk/src/rp2_common/hardware_gpio/gpio.c.obj
                0x10001474                gpio_set_input_hysteresis_enabled
 .text.gpio_set_irq_enabled
                0x1000149c       0x54 CMakeFiles/PICO_MQTT.dir/C_/Program_Files/Raspberry_Pi/Pico_SDK_v1.5.1/pico-sdk/src/rp2_common/hardware_gpio/gpio.c.obj
                0x1000149c                gpio_set_irq_enabled
 .text.gpio_add_raw_irq_handler_with_order_priority_masked
                0x100014f0       0x44 CMakeFiles/PICO_MQTT.dir/C_/Program_Files/Raspberry_Pi/Pico_SDK_v1.5.1/pico-sdk/src/rp2_common/hardware_gpio/gpio.c.obj
                0x100014f0                gpio_add_raw_irq_handler_with_order_priority_masked
 .text.gpio_remove_raw_irq_handler_masked
                0x10001534       0x20 CMakeFiles/PICO_MQTT.dir/C_/Program_Files/Raspberry_Pi/Pico_SDK_v1.5.1/pico-sdk/src/rp2_common/hardware_gpio/gpio.c.obj
                0x10001534                gpio_remove_raw_irq_handler_masked
 .text.gpio_init
                0x10001554       0x3c CMakeFiles/PICO_MQTT.dir/C_/Program_Files/Raspberry_Pi/Pico_SDK_v1.5.1/pico-sdk/src/rp2_common/hardware_gpio/gpio.c.obj
                0x10001554                gpio_init
 .text.irq_set_enabled
                0x10001590       0x24 CMakeFiles/PICO_MQTT.dir/C_/Program_Files/Raspberry_Pi/Pico_SDK_v1.5.1/pico-sdk/src/rp2_common/hardware_irq/irq.c.obj
                0x10001590                irq_set_enabled
 .text.irq_set_pending
                0x100015b4       0x10 CMakeFiles/PICO_MQTT.dir/C_/Program_Files/Raspberry_Pi/Pico_SDK_v1.5.1/pico-sdk/src/rp2_common/hardware_irq/irq.c.obj
                0x100015b4                irq_set_pending
 .text.irq_has_shared_handler
                0x100015c4       0x2c CMakeFiles/PICO_MQTT.dir/C_/Program_Files/Raspberry_Pi/Pico_SDK_v1.5.1/pico-sdk/src/rp2_common/hardware_irq/irq.c.obj
                0x100015c4                irq_has_shared_handler
 .text.irq_get_vtable_handler
                0x100015f0       0x10 CMakeFiles/PICO_MQTT.dir/C_/Program_Files/Raspberry_Pi/Pico_SDK_v1.5.1/pico-sdk/src/rp2_common/hardware_irq/irq.c.obj
                0x100015f0                irq_get_vtable_handler
 .text.irq_set_exclusive_handler
                0x10001600       0x54 CMakeFiles/PICO_MQTT.dir/C_/Program_Files/Raspberry_Pi/Pico_SDK_v1.5.1/pico-sdk/src/rp2_common/hardware_irq/irq.c.obj
                0x10001600                irq_set_exclusive_handler
 .text.irq_add_shared_handler
                0x10001654      0x1e8 CMakeFiles/PICO_MQTT.dir/C_/Program_Files/Raspberry_Pi/Pico_SDK_v1.5.1/pico-sdk/src/rp2_common/hardware_irq/irq.c.obj
                0x10001654                irq_add_shared_handler
 .text.irq_remove_handler
                0x1000183c      0x1b0 CMakeFiles/PICO_MQTT.dir/C_/Program_Files/Raspberry_Pi/Pico_SDK_v1.5.1/pico-sdk/src/rp2_common/hardware_irq/irq.c.obj
                0x1000183c                irq_remove_handler
 .text.irq_set_priority
                0x100019ec       0x28 CMakeFiles/PICO_MQTT.dir/C_/Program_Files/Raspberry_Pi/Pico_SDK_v1.5.1/pico-sdk/src/rp2_common/hardware_irq/irq.c.obj
                0x100019ec                irq_set_priority
 .text.irq_add_tail_to_free_list
                0x10001a14       0xb4 CMakeFiles/PICO_MQTT.dir/C_/Program_Files/Raspberry_Pi/Pico_SDK_v1.5.1/pico-sdk/src/rp2_common/hardware_irq/irq.c.obj
                0x10001a14                irq_add_tail_to_free_list
 .text.irq_init_priorities
                0x10001ac8       0x24 CMakeFiles/PICO_MQTT.dir/C_/Program_Files/Raspberry_Pi/Pico_SDK_v1.5.1/pico-sdk/src/rp2_common/hardware_irq/irq.c.obj
                0x10001ac8                irq_init_priorities
 .text.user_irq_unclaim
                0x10001aec       0x14 CMakeFiles/PICO_MQTT.dir/C_/Program_Files/Raspberry_Pi/Pico_SDK_v1.5.1/pico-sdk/src/rp2_common/hardware_irq/irq.c.obj
                0x10001aec                user_irq_unclaim
 .text.user_irq_claim_unused
                0x10001b00       0x28 CMakeFiles/PICO_MQTT.dir/C_/Program_Files/Raspberry_Pi/Pico_SDK_v1.5.1/pico-sdk/src/rp2_common/hardware_irq/irq.c.obj
                0x10001b00                user_irq_claim_unused
 .text.sem_init
                0x10001b28       0x20 CMakeFiles/PICO_MQTT.dir/C_/Program_Files/Raspberry_Pi/Pico_SDK_v1.5.1/pico-sdk/src/common/pico_sync/sem.c.obj
                0x10001b28                sem_init
 .text.lock_init
                0x10001b48       0x10 CMakeFiles/PICO_MQTT.dir/C_/Program_Files/Raspberry_Pi/Pico_SDK_v1.5.1/pico-sdk/src/common/pico_sync/lock_core.c.obj
                0x10001b48                lock_init
 .text.mutex_init
                0x10001b58       0x1c CMakeFiles/PICO_MQTT.dir/C_/Program_Files/Raspberry_Pi/Pico_SDK_v1.5.1/pico-sdk/src/common/pico_sync/mutex.c.obj
                0x10001b58                mutex_init
 .text.recursive_mutex_init
                0x10001b74       0x1c CMakeFiles/PICO_MQTT.dir/C_/Program_Files/Raspberry_Pi/Pico_SDK_v1.5.1/pico-sdk/src/common/pico_sync/mutex.c.obj
                0x10001b74                recursive_mutex_init
 .text.critical_section_init
                0x10001b90       0x20 CMakeFiles/PICO_MQTT.dir/C_/Program_Files/Raspberry_Pi/Pico_SDK_v1.5.1/pico-sdk/src/common/pico_sync/critical_section.c.obj
                0x10001b90                critical_section_init
 .text.critical_section_init_with_lock_num
                0x10001bb0       0x14 CMakeFiles/PICO_MQTT.dir/C_/Program_Files/Raspberry_Pi/Pico_SDK_v1.5.1/pico-sdk/src/common/pico_sync/critical_section.c.obj
                0x10001bb0                critical_section_init_with_lock_num
 .text.timer_pool_entry_comparator
                0x10001bc4       0x34 CMakeFiles/PICO_MQTT.dir/C_/Program_Files/Raspberry_Pi/Pico_SDK_v1.5.1/pico-sdk/src/common/pico_time/time.c.obj
                0x10001bc4                timer_pool_entry_comparator
 .text.sleep_until_callback
                0x10001bf8       0x30 CMakeFiles/PICO_MQTT.dir/C_/Program_Files/Raspberry_Pi/Pico_SDK_v1.5.1/pico-sdk/src/common/pico_time/time.c.obj
 .text.add_alarm_under_lock.isra.0
                0x10001c28      0x100 CMakeFiles/PICO_MQTT.dir/C_/Program_Files/Raspberry_Pi/Pico_SDK_v1.5.1/pico-sdk/src/common/pico_time/time.c.obj
 .text.alarm_pool_alarm_callback
                0x10001d28      0x1bc CMakeFiles/PICO_MQTT.dir/C_/Program_Files/Raspberry_Pi/Pico_SDK_v1.5.1/pico-sdk/src/common/pico_time/time.c.obj
 .text.alarm_pool_init_default
                0x10001ee4       0x6c CMakeFiles/PICO_MQTT.dir/C_/Program_Files/Raspberry_Pi/Pico_SDK_v1.5.1/pico-sdk/src/common/pico_time/time.c.obj
                0x10001ee4                alarm_pool_init_default
 .text.alarm_pool_get_default
                0x10001f50        0x8 CMakeFiles/PICO_MQTT.dir/C_/Program_Files/Raspberry_Pi/Pico_SDK_v1.5.1/pico-sdk/src/common/pico_time/time.c.obj
                0x10001f50                alarm_pool_get_default
 .text.alarm_pool_add_alarm_at
                0x10001f58      0x178 CMakeFiles/PICO_MQTT.dir/C_/Program_Files/Raspberry_Pi/Pico_SDK_v1.5.1/pico-sdk/src/common/pico_time/time.c.obj
                0x10001f58                alarm_pool_add_alarm_at
 .text.alarm_pool_cancel_alarm
                0x100020d0       0x78 CMakeFiles/PICO_MQTT.dir/C_/Program_Files/Raspberry_Pi/Pico_SDK_v1.5.1/pico-sdk/src/common/pico_time/time.c.obj
                0x100020d0                alarm_pool_cancel_alarm
 .text.alarm_pool_core_num
                0x10002148        0x4 CMakeFiles/PICO_MQTT.dir/C_/Program_Files/Raspberry_Pi/Pico_SDK_v1.5.1/pico-sdk/src/common/pico_time/time.c.obj
                0x10002148                alarm_pool_core_num
 .text.sleep_until
                0x1000214c       0xc4 CMakeFiles/PICO_MQTT.dir/C_/Program_Files/Raspberry_Pi/Pico_SDK_v1.5.1/pico-sdk/src/common/pico_time/time.c.obj
                0x1000214c                sleep_until
 .text.sleep_ms
                0x10002210       0x34 CMakeFiles/PICO_MQTT.dir/C_/Program_Files/Raspberry_Pi/Pico_SDK_v1.5.1/pico-sdk/src/common/pico_time/time.c.obj
                0x10002210                sleep_ms
 .text.best_effort_wfe_or_timeout
                0x10002244       0xd4 CMakeFiles/PICO_MQTT.dir/C_/Program_Files/Raspberry_Pi/Pico_SDK_v1.5.1/pico-sdk/src/common/pico_time/time.c.obj
                0x10002244                best_effort_wfe_or_timeout
 .text.hardware_alarm_irq_handler
                0x10002318       0xbc CMakeFiles/PICO_MQTT.dir/C_/Program_Files/Raspberry_Pi/Pico_SDK_v1.5.1/pico-sdk/src/rp2_common/hardware_timer/timer.c.obj
 .text.hardware_alarm_claim
                0x100023d4       0x18 CMakeFiles/PICO_MQTT.dir/C_/Program_Files/Raspberry_Pi/Pico_SDK_v1.5.1/pico-sdk/src/rp2_common/hardware_timer/timer.c.obj
                0x100023d4                hardware_alarm_claim
 .text.time_us_64
                0x100023ec       0x14 CMakeFiles/PICO_MQTT.dir/C_/Program_Files/Raspberry_Pi/Pico_SDK_v1.5.1/pico-sdk/src/rp2_common/hardware_timer/timer.c.obj
                0x100023ec                time_us_64
 .text.busy_wait_until
                0x10002400       0x20 CMakeFiles/PICO_MQTT.dir/C_/Program_Files/Raspberry_Pi/Pico_SDK_v1.5.1/pico-sdk/src/rp2_common/hardware_timer/timer.c.obj
                0x10002400                busy_wait_until
 .text.hardware_alarm_set_callback
                0x10002420       0x8c CMakeFiles/PICO_MQTT.dir/C_/Program_Files/Raspberry_Pi/Pico_SDK_v1.5.1/pico-sdk/src/rp2_common/hardware_timer/timer.c.obj
                0x10002420                hardware_alarm_set_callback
 .text.hardware_alarm_set_target
                0x100024ac       0xd4 CMakeFiles/PICO_MQTT.dir/C_/Program_Files/Raspberry_Pi/Pico_SDK_v1.5.1/pico-sdk/src/rp2_common/hardware_timer/timer.c.obj
                0x100024ac                hardware_alarm_set_target
 .text.hardware_alarm_cancel
                0x10002580       0x3c CMakeFiles/PICO_MQTT.dir/C_/Program_Files/Raspberry_Pi/Pico_SDK_v1.5.1/pico-sdk/src/rp2_common/hardware_timer/timer.c.obj
                0x10002580                hardware_alarm_cancel
 .text.ph_merge_nodes
                0x100025bc       0x68 CMakeFiles/PICO_MQTT.dir/C_/Program_Files/Raspberry_Pi/Pico_SDK_v1.5.1/pico-sdk/src/common/pico_util/pheap.c.obj
 .text.ph_post_alloc_init
                0x10002624       0x3c CMakeFiles/PICO_MQTT.dir/C_/Program_Files/Raspberry_Pi/Pico_SDK_v1.5.1/pico-sdk/src/common/pico_util/pheap.c.obj
                0x10002624                ph_post_alloc_init
 .text.ph_merge_two_pass
                0x10002660       0x90 CMakeFiles/PICO_MQTT.dir/C_/Program_Files/Raspberry_Pi/Pico_SDK_v1.5.1/pico-sdk/src/common/pico_util/pheap.c.obj
                0x10002660                ph_merge_two_pass
 .text.ph_remove_any_head
                0x100026f0      0x100 CMakeFiles/PICO_MQTT.dir/C_/Program_Files/Raspberry_Pi/Pico_SDK_v1.5.1/pico-sdk/src/common/pico_util/pheap.c.obj
 .text.ph_remove_head
                0x100027f0      0x104 CMakeFiles/PICO_MQTT.dir/C_/Program_Files/Raspberry_Pi/Pico_SDK_v1.5.1/pico-sdk/src/common/pico_util/pheap.c.obj
                0x100027f0                ph_remove_head
 .text.ph_remove_and_free_node
                0x100028f4       0x7c CMakeFiles/PICO_MQTT.dir/C_/Program_Files/Raspberry_Pi/Pico_SDK_v1.5.1/pico-sdk/src/common/pico_util/pheap.c.obj
                0x100028f4                ph_remove_and_free_node
 .text.pll_init
                0x10002970       0xa0 CMakeFiles/PICO_MQTT.dir/C_/Program_Files/Raspberry_Pi/Pico_SDK_v1.5.1/pico-sdk/src/rp2_common/hardware_pll/pll.c.obj
                0x10002970                pll_init
 .text.watchdog_start_tick
                0x10002a10       0x10 CMakeFiles/PICO_MQTT.dir/C_/Program_Files/Raspberry_Pi/Pico_SDK_v1.5.1/pico-sdk/src/rp2_common/hardware_watchdog/watchdog.c.obj
                0x10002a10                watchdog_start_tick
 .text.watchdog_reboot
                0x10002a20       0x98 CMakeFiles/PICO_MQTT.dir/C_/Program_Files/Raspberry_Pi/Pico_SDK_v1.5.1/pico-sdk/src/rp2_common/hardware_watchdog/watchdog.c.obj
                0x10002a20                watchdog_reboot
 .text.xosc_init
                0x10002ab8       0x28 CMakeFiles/PICO_MQTT.dir/C_/Program_Files/Raspberry_Pi/Pico_SDK_v1.5.1/pico-sdk/src/rp2_common/hardware_xosc/xosc.c.obj
                0x10002ab8                xosc_init
 .text.lwip_init
                0x10002ae0       0x24 CMakeFiles/PICO_MQTT.dir/C_/Program_Files/Raspberry_Pi/Pico_SDK_v1.5.1/pico-sdk/lib/lwip/src/core/init.c.obj
                0x10002ae0                lwip_init
 .text.lwip_htons
                0x10002b04        0x8 CMakeFiles/PICO_MQTT.dir/C_/Program_Files/Raspberry_Pi/Pico_SDK_v1.5.1/pico-sdk/lib/lwip/src/core/def.c.obj
                0x10002b04                lwip_htons
 .text.lwip_htonl
                0x10002b0c        0x4 CMakeFiles/PICO_MQTT.dir/C_/Program_Files/Raspberry_Pi/Pico_SDK_v1.5.1/pico-sdk/lib/lwip/src/core/def.c.obj
                0x10002b0c                lwip_htonl
 .text.dns_call_found
                0x10002b10      0x134 CMakeFiles/PICO_MQTT.dir/C_/Program_Files/Raspberry_Pi/Pico_SDK_v1.5.1/pico-sdk/lib/lwip/src/core/dns.c.obj
 .text.dns_send.isra.0
                0x10002c44      0x168 CMakeFiles/PICO_MQTT.dir/C_/Program_Files/Raspberry_Pi/Pico_SDK_v1.5.1/pico-sdk/lib/lwip/src/core/dns.c.obj
 .text.dns_init
                0x10002dac        0x4 CMakeFiles/PICO_MQTT.dir/C_/Program_Files/Raspberry_Pi/Pico_SDK_v1.5.1/pico-sdk/lib/lwip/src/core/dns.c.obj
                0x10002dac                dns_init
 .text.dns_setserver
                0x10002db0       0x2c CMakeFiles/PICO_MQTT.dir/C_/Program_Files/Raspberry_Pi/Pico_SDK_v1.5.1/pico-sdk/lib/lwip/src/core/dns.c.obj
                0x10002db0                dns_setserver
 .text.dns_tmr  0x10002ddc      0x138 CMakeFiles/PICO_MQTT.dir/C_/Program_Files/Raspberry_Pi/Pico_SDK_v1.5.1/pico-sdk/lib/lwip/src/core/dns.c.obj
                0x10002ddc                dns_tmr
 .text.lwip_standard_chksum
                0x10002f14       0xd8 CMakeFiles/PICO_MQTT.dir/C_/Program_Files/Raspberry_Pi/Pico_SDK_v1.5.1/pico-sdk/lib/lwip/src/core/inet_chksum.c.obj
                0x10002f14                lwip_standard_chksum
 .text.inet_chksum_pseudo
                0x10002fec       0xb4 CMakeFiles/PICO_MQTT.dir/C_/Program_Files/Raspberry_Pi/Pico_SDK_v1.5.1/pico-sdk/lib/lwip/src/core/inet_chksum.c.obj
                0x10002fec                inet_chksum_pseudo
 .text.ip_chksum_pseudo
                0x100030a0       0x10 CMakeFiles/PICO_MQTT.dir/C_/Program_Files/Raspberry_Pi/Pico_SDK_v1.5.1/pico-sdk/lib/lwip/src/core/inet_chksum.c.obj
                0x100030a0                ip_chksum_pseudo
 .text.inet_chksum
                0x100030b0        0xc CMakeFiles/PICO_MQTT.dir/C_/Program_Files/Raspberry_Pi/Pico_SDK_v1.5.1/pico-sdk/lib/lwip/src/core/inet_chksum.c.obj
                0x100030b0                inet_chksum
 .text.inet_chksum_pbuf
                0x100030bc       0x6c CMakeFiles/PICO_MQTT.dir/C_/Program_Files/Raspberry_Pi/Pico_SDK_v1.5.1/pico-sdk/lib/lwip/src/core/inet_chksum.c.obj
                0x100030bc                inet_chksum_pbuf
 .text.mem_init
                0x10003128       0x40 CMakeFiles/PICO_MQTT.dir/C_/Program_Files/Raspberry_Pi/Pico_SDK_v1.5.1/pico-sdk/lib/lwip/src/core/mem.c.obj
                0x10003128                mem_init
 .text.mem_free
                0x10003168      0x11c CMakeFiles/PICO_MQTT.dir/C_/Program_Files/Raspberry_Pi/Pico_SDK_v1.5.1/pico-sdk/lib/lwip/src/core/mem.c.obj
                0x10003168                mem_free
 .text.mem_trim
                0x10003284      0x110 CMakeFiles/PICO_MQTT.dir/C_/Program_Files/Raspberry_Pi/Pico_SDK_v1.5.1/pico-sdk/lib/lwip/src/core/mem.c.obj
                0x10003284                mem_trim
 .text.mem_malloc
                0x10003394      0x120 CMakeFiles/PICO_MQTT.dir/C_/Program_Files/Raspberry_Pi/Pico_SDK_v1.5.1/pico-sdk/lib/lwip/src/core/mem.c.obj
                0x10003394                mem_malloc
 .text.mem_calloc
                0x100034b4       0x28 CMakeFiles/PICO_MQTT.dir/C_/Program_Files/Raspberry_Pi/Pico_SDK_v1.5.1/pico-sdk/lib/lwip/src/core/mem.c.obj
                0x100034b4                mem_calloc
 .text.memp_init
                0x100034dc       0x6c CMakeFiles/PICO_MQTT.dir/C_/Program_Files/Raspberry_Pi/Pico_SDK_v1.5.1/pico-sdk/lib/lwip/src/core/memp.c.obj
                0x100034dc                memp_init
 .text.memp_malloc
                0x10003548       0x3c CMakeFiles/PICO_MQTT.dir/C_/Program_Files/Raspberry_Pi/Pico_SDK_v1.5.1/pico-sdk/lib/lwip/src/core/memp.c.obj
                0x10003548                memp_malloc
 .text.memp_free
                0x10003584       0x38 CMakeFiles/PICO_MQTT.dir/C_/Program_Files/Raspberry_Pi/Pico_SDK_v1.5.1/pico-sdk/lib/lwip/src/core/memp.c.obj
                0x10003584                memp_free
 .text.netif_null_output_ip4
                0x100035bc        0x8 CMakeFiles/PICO_MQTT.dir/C_/Program_Files/Raspberry_Pi/Pico_SDK_v1.5.1/pico-sdk/lib/lwip/src/core/netif.c.obj
 .text.netif_do_set_ipaddr.isra.0
                0x100035c4       0x70 CMakeFiles/PICO_MQTT.dir/C_/Program_Files/Raspberry_Pi/Pico_SDK_v1.5.1/pico-sdk/lib/lwip/src/core/netif.c.obj
 .text.netif_init
                0x10003634        0x4 CMakeFiles/PICO_MQTT.dir/C_/Program_Files/Raspberry_Pi/Pico_SDK_v1.5.1/pico-sdk/lib/lwip/src/core/netif.c.obj
                0x10003634                netif_init
 .text.netif_add
                0x10003638      0x144 CMakeFiles/PICO_MQTT.dir/C_/Program_Files/Raspberry_Pi/Pico_SDK_v1.5.1/pico-sdk/lib/lwip/src/core/netif.c.obj
                0x10003638                netif_add
 .text.netif_set_addr
                0x1000377c       0xb8 CMakeFiles/PICO_MQTT.dir/C_/Program_Files/Raspberry_Pi/Pico_SDK_v1.5.1/pico-sdk/lib/lwip/src/core/netif.c.obj
                0x1000377c                netif_set_addr
 .text.netif_remove
                0x10003834       0x94 CMakeFiles/PICO_MQTT.dir/C_/Program_Files/Raspberry_Pi/Pico_SDK_v1.5.1/pico-sdk/lib/lwip/src/core/netif.c.obj
                0x10003834                netif_remove
 .text.netif_set_default
                0x100038c8        0xc CMakeFiles/PICO_MQTT.dir/C_/Program_Files/Raspberry_Pi/Pico_SDK_v1.5.1/pico-sdk/lib/lwip/src/core/netif.c.obj
                0x100038c8                netif_set_default
 .text.netif_set_up
                0x100038d4       0x40 CMakeFiles/PICO_MQTT.dir/C_/Program_Files/Raspberry_Pi/Pico_SDK_v1.5.1/pico-sdk/lib/lwip/src/core/netif.c.obj
                0x100038d4                netif_set_up
 .text.netif_set_link_up
                0x10003914       0x44 CMakeFiles/PICO_MQTT.dir/C_/Program_Files/Raspberry_Pi/Pico_SDK_v1.5.1/pico-sdk/lib/lwip/src/core/netif.c.obj
                0x10003914                netif_set_link_up
 .text.netif_set_link_down
                0x10003958       0x20 CMakeFiles/PICO_MQTT.dir/C_/Program_Files/Raspberry_Pi/Pico_SDK_v1.5.1/pico-sdk/lib/lwip/src/core/netif.c.obj
                0x10003958                netif_set_link_down
 .text.netif_get_by_index
                0x10003978       0x2c CMakeFiles/PICO_MQTT.dir/C_/Program_Files/Raspberry_Pi/Pico_SDK_v1.5.1/pico-sdk/lib/lwip/src/core/netif.c.obj
                0x10003978                netif_get_by_index
 .text.pbuf_free.part.0
                0x100039a4       0x7c CMakeFiles/PICO_MQTT.dir/C_/Program_Files/Raspberry_Pi/Pico_SDK_v1.5.1/pico-sdk/lib/lwip/src/core/pbuf.c.obj
 .text.pbuf_free_ooseq
                0x10003a20       0x34 CMakeFiles/PICO_MQTT.dir/C_/Program_Files/Raspberry_Pi/Pico_SDK_v1.5.1/pico-sdk/lib/lwip/src/core/pbuf.c.obj
                0x10003a20                pbuf_free_ooseq
 .text.pbuf_alloc
                0x10003a54      0x130 CMakeFiles/PICO_MQTT.dir/C_/Program_Files/Raspberry_Pi/Pico_SDK_v1.5.1/pico-sdk/lib/lwip/src/core/pbuf.c.obj
                0x10003a54                pbuf_alloc
 .text.pbuf_realloc
                0x10003b84       0x88 CMakeFiles/PICO_MQTT.dir/C_/Program_Files/Raspberry_Pi/Pico_SDK_v1.5.1/pico-sdk/lib/lwip/src/core/pbuf.c.obj
                0x10003b84                pbuf_realloc
 .text.pbuf_add_header
                0x10003c0c       0x54 CMakeFiles/PICO_MQTT.dir/C_/Program_Files/Raspberry_Pi/Pico_SDK_v1.5.1/pico-sdk/lib/lwip/src/core/pbuf.c.obj
                0x10003c0c                pbuf_add_header
 .text.pbuf_remove_header
                0x10003c60       0x44 CMakeFiles/PICO_MQTT.dir/C_/Program_Files/Raspberry_Pi/Pico_SDK_v1.5.1/pico-sdk/lib/lwip/src/core/pbuf.c.obj
                0x10003c60                pbuf_remove_header
 .text.pbuf_header_force
                0x10003ca4       0x74 CMakeFiles/PICO_MQTT.dir/C_/Program_Files/Raspberry_Pi/Pico_SDK_v1.5.1/pico-sdk/lib/lwip/src/core/pbuf.c.obj
                0x10003ca4                pbuf_header_force
 .text.pbuf_free
                0x10003d18       0x18 CMakeFiles/PICO_MQTT.dir/C_/Program_Files/Raspberry_Pi/Pico_SDK_v1.5.1/pico-sdk/lib/lwip/src/core/pbuf.c.obj
                0x10003d18                pbuf_free
 .text.pbuf_clen
                0x10003d30       0x14 CMakeFiles/PICO_MQTT.dir/C_/Program_Files/Raspberry_Pi/Pico_SDK_v1.5.1/pico-sdk/lib/lwip/src/core/pbuf.c.obj
                0x10003d30                pbuf_clen
 .text.pbuf_ref
                0x10003d44       0x28 CMakeFiles/PICO_MQTT.dir/C_/Program_Files/Raspberry_Pi/Pico_SDK_v1.5.1/pico-sdk/lib/lwip/src/core/pbuf.c.obj
                0x10003d44                pbuf_ref
 .text.pbuf_cat
                0x10003d6c       0x3c CMakeFiles/PICO_MQTT.dir/C_/Program_Files/Raspberry_Pi/Pico_SDK_v1.5.1/pico-sdk/lib/lwip/src/core/pbuf.c.obj
                0x10003d6c                pbuf_cat
 .text.pbuf_chain
                0x10003da8       0x64 CMakeFiles/PICO_MQTT.dir/C_/Program_Files/Raspberry_Pi/Pico_SDK_v1.5.1/pico-sdk/lib/lwip/src/core/pbuf.c.obj
                0x10003da8                pbuf_chain
 .text.pbuf_copy_partial_pbuf
                0x10003e0c      0x13c CMakeFiles/PICO_MQTT.dir/C_/Program_Files/Raspberry_Pi/Pico_SDK_v1.5.1/pico-sdk/lib/lwip/src/core/pbuf.c.obj
                0x10003e0c                pbuf_copy_partial_pbuf
 .text.pbuf_copy
                0x10003f48       0x18 CMakeFiles/PICO_MQTT.dir/C_/Program_Files/Raspberry_Pi/Pico_SDK_v1.5.1/pico-sdk/lib/lwip/src/core/pbuf.c.obj
                0x10003f48                pbuf_copy
 .text.pbuf_copy_partial
                0x10003f60       0x70 CMakeFiles/PICO_MQTT.dir/C_/Program_Files/Raspberry_Pi/Pico_SDK_v1.5.1/pico-sdk/lib/lwip/src/core/pbuf.c.obj
                0x10003f60                pbuf_copy_partial
 .text.pbuf_get_contiguous
                0x10003fd0       0xa0 CMakeFiles/PICO_MQTT.dir/C_/Program_Files/Raspberry_Pi/Pico_SDK_v1.5.1/pico-sdk/lib/lwip/src/core/pbuf.c.obj
                0x10003fd0                pbuf_get_contiguous
 .text.pbuf_take
                0x10004070       0x78 CMakeFiles/PICO_MQTT.dir/C_/Program_Files/Raspberry_Pi/Pico_SDK_v1.5.1/pico-sdk/lib/lwip/src/core/pbuf.c.obj
                0x10004070                pbuf_take
 .text.pbuf_take_at
                0x100040e8       0xc0 CMakeFiles/PICO_MQTT.dir/C_/Program_Files/Raspberry_Pi/Pico_SDK_v1.5.1/pico-sdk/lib/lwip/src/core/pbuf.c.obj
                0x100040e8                pbuf_take_at
 .text.pbuf_clone
                0x100041a8       0x30 CMakeFiles/PICO_MQTT.dir/C_/Program_Files/Raspberry_Pi/Pico_SDK_v1.5.1/pico-sdk/lib/lwip/src/core/pbuf.c.obj
                0x100041a8                pbuf_clone
 .text.pbuf_get_at
                0x100041d8       0x20 CMakeFiles/PICO_MQTT.dir/C_/Program_Files/Raspberry_Pi/Pico_SDK_v1.5.1/pico-sdk/lib/lwip/src/core/pbuf.c.obj
                0x100041d8                pbuf_get_at
 .text.pbuf_put_at
                0x100041f8       0x1c CMakeFiles/PICO_MQTT.dir/C_/Program_Files/Raspberry_Pi/Pico_SDK_v1.5.1/pico-sdk/lib/lwip/src/core/pbuf.c.obj
                0x100041f8                pbuf_put_at
 .text.raw_input
                0x10004214       0xf0 CMakeFiles/PICO_MQTT.dir/C_/Program_Files/Raspberry_Pi/Pico_SDK_v1.5.1/pico-sdk/lib/lwip/src/core/raw.c.obj
                0x10004214                raw_input
 .text.raw_netif_ip_addr_changed
                0x10004304       0x40 CMakeFiles/PICO_MQTT.dir/C_/Program_Files/Raspberry_Pi/Pico_SDK_v1.5.1/pico-sdk/lib/lwip/src/core/raw.c.obj
                0x10004304                raw_netif_ip_addr_changed
 .text.stats_init
                0x10004344        0x4 CMakeFiles/PICO_MQTT.dir/C_/Program_Files/Raspberry_Pi/Pico_SDK_v1.5.1/pico-sdk/lib/lwip/src/core/stats.c.obj
                0x10004344                stats_init
 .text.tcp_close_shutdown_fin
                0x10004348       0x58 CMakeFiles/PICO_MQTT.dir/C_/Program_Files/Raspberry_Pi/Pico_SDK_v1.5.1/pico-sdk/lib/lwip/src/core/tcp.c.obj
 .text.tcp_pcb_purge.part.0
                0x100043a0       0xc4 CMakeFiles/PICO_MQTT.dir/C_/Program_Files/Raspberry_Pi/Pico_SDK_v1.5.1/pico-sdk/lib/lwip/src/core/tcp.c.obj
 .text.tcp_init
                0x10004464       0x20 CMakeFiles/PICO_MQTT.dir/C_/Program_Files/Raspberry_Pi/Pico_SDK_v1.5.1/pico-sdk/lib/lwip/src/core/tcp.c.obj
                0x10004464                tcp_init
 .text.tcp_free
                0x10004484       0x1c CMakeFiles/PICO_MQTT.dir/C_/Program_Files/Raspberry_Pi/Pico_SDK_v1.5.1/pico-sdk/lib/lwip/src/core/tcp.c.obj
                0x10004484                tcp_free
 .text.tcp_bind
                0x100044a0       0xf8 CMakeFiles/PICO_MQTT.dir/C_/Program_Files/Raspberry_Pi/Pico_SDK_v1.5.1/pico-sdk/lib/lwip/src/core/tcp.c.obj
                0x100044a0                tcp_bind
 .text.tcp_update_rcv_ann_wnd
                0x10004598       0x60 CMakeFiles/PICO_MQTT.dir/C_/Program_Files/Raspberry_Pi/Pico_SDK_v1.5.1/pico-sdk/lib/lwip/src/core/tcp.c.obj
                0x10004598                tcp_update_rcv_ann_wnd
 .text.tcp_recved
                0x100045f8       0x98 CMakeFiles/PICO_MQTT.dir/C_/Program_Files/Raspberry_Pi/Pico_SDK_v1.5.1/pico-sdk/lib/lwip/src/core/tcp.c.obj
                0x100045f8                tcp_recved
 .text.tcp_connect
                0x10004690      0x1a8 CMakeFiles/PICO_MQTT.dir/C_/Program_Files/Raspberry_Pi/Pico_SDK_v1.5.1/pico-sdk/lib/lwip/src/core/tcp.c.obj
                0x10004690                tcp_connect
 .text.tcp_slowtmr
                0x10004838      0x4dc CMakeFiles/PICO_MQTT.dir/C_/Program_Files/Raspberry_Pi/Pico_SDK_v1.5.1/pico-sdk/lib/lwip/src/core/tcp.c.obj
                0x10004838                tcp_slowtmr
 .text.tcp_segs_free
                0x10004d14       0x38 CMakeFiles/PICO_MQTT.dir/C_/Program_Files/Raspberry_Pi/Pico_SDK_v1.5.1/pico-sdk/lib/lwip/src/core/tcp.c.obj
                0x10004d14                tcp_segs_free
 .text.tcp_seg_free
                0x10004d4c       0x1c CMakeFiles/PICO_MQTT.dir/C_/Program_Files/Raspberry_Pi/Pico_SDK_v1.5.1/pico-sdk/lib/lwip/src/core/tcp.c.obj
                0x10004d4c                tcp_seg_free
 .text.tcp_seg_copy
                0x10004d68       0x2c CMakeFiles/PICO_MQTT.dir/C_/Program_Files/Raspberry_Pi/Pico_SDK_v1.5.1/pico-sdk/lib/lwip/src/core/tcp.c.obj
                0x10004d68                tcp_seg_copy
 .text.tcp_arg  0x10004d94        0x8 CMakeFiles/PICO_MQTT.dir/C_/Program_Files/Raspberry_Pi/Pico_SDK_v1.5.1/pico-sdk/lib/lwip/src/core/tcp.c.obj
                0x10004d94                tcp_arg
 .text.tcp_recv
                0x10004d9c       0x1c CMakeFiles/PICO_MQTT.dir/C_/Program_Files/Raspberry_Pi/Pico_SDK_v1.5.1/pico-sdk/lib/lwip/src/core/tcp.c.obj
                0x10004d9c                tcp_recv
 .text.tcp_sent
                0x10004db8       0x1c CMakeFiles/PICO_MQTT.dir/C_/Program_Files/Raspberry_Pi/Pico_SDK_v1.5.1/pico-sdk/lib/lwip/src/core/tcp.c.obj
                0x10004db8                tcp_sent
 .text.tcp_err  0x10004dd4       0x1c CMakeFiles/PICO_MQTT.dir/C_/Program_Files/Raspberry_Pi/Pico_SDK_v1.5.1/pico-sdk/lib/lwip/src/core/tcp.c.obj
                0x10004dd4                tcp_err
 .text.tcp_poll
                0x10004df0       0x20 CMakeFiles/PICO_MQTT.dir/C_/Program_Files/Raspberry_Pi/Pico_SDK_v1.5.1/pico-sdk/lib/lwip/src/core/tcp.c.obj
                0x10004df0                tcp_poll
 .text.tcp_pcb_purge
                0x10004e10       0x18 CMakeFiles/PICO_MQTT.dir/C_/Program_Files/Raspberry_Pi/Pico_SDK_v1.5.1/pico-sdk/lib/lwip/src/core/tcp.c.obj
                0x10004e10                tcp_pcb_purge
 .text.tcp_pcb_remove
                0x10004e28       0xc8 CMakeFiles/PICO_MQTT.dir/C_/Program_Files/Raspberry_Pi/Pico_SDK_v1.5.1/pico-sdk/lib/lwip/src/core/tcp.c.obj
                0x10004e28                tcp_pcb_remove
 .text.tcp_abandon
                0x10004ef0      0x1ac CMakeFiles/PICO_MQTT.dir/C_/Program_Files/Raspberry_Pi/Pico_SDK_v1.5.1/pico-sdk/lib/lwip/src/core/tcp.c.obj
                0x10004ef0                tcp_abandon
 .text.tcp_abort
                0x1000509c        0xc CMakeFiles/PICO_MQTT.dir/C_/Program_Files/Raspberry_Pi/Pico_SDK_v1.5.1/pico-sdk/lib/lwip/src/core/tcp.c.obj
                0x1000509c                tcp_abort
 .text.tcp_alloc
                0x100050a8      0x1cc CMakeFiles/PICO_MQTT.dir/C_/Program_Files/Raspberry_Pi/Pico_SDK_v1.5.1/pico-sdk/lib/lwip/src/core/tcp.c.obj
                0x100050a8                tcp_alloc
 .text.tcp_new_ip_type
                0x10005274      0x1ac CMakeFiles/PICO_MQTT.dir/C_/Program_Files/Raspberry_Pi/Pico_SDK_v1.5.1/pico-sdk/lib/lwip/src/core/tcp.c.obj
                0x10005274                tcp_new_ip_type
 .text.tcp_close_shutdown
                0x10005420      0x18c CMakeFiles/PICO_MQTT.dir/C_/Program_Files/Raspberry_Pi/Pico_SDK_v1.5.1/pico-sdk/lib/lwip/src/core/tcp.c.obj
 .text.tcp_recv_null
                0x100055ac       0xd4 CMakeFiles/PICO_MQTT.dir/C_/Program_Files/Raspberry_Pi/Pico_SDK_v1.5.1/pico-sdk/lib/lwip/src/core/tcp.c.obj
                0x100055ac                tcp_recv_null
 .text.tcp_process_refused_data
                0x10005680       0x78 CMakeFiles/PICO_MQTT.dir/C_/Program_Files/Raspberry_Pi/Pico_SDK_v1.5.1/pico-sdk/lib/lwip/src/core/tcp.c.obj
                0x10005680                tcp_process_refused_data
 .text.tcp_fasttmr
                0x100056f8       0x98 CMakeFiles/PICO_MQTT.dir/C_/Program_Files/Raspberry_Pi/Pico_SDK_v1.5.1/pico-sdk/lib/lwip/src/core/tcp.c.obj
                0x100056f8                tcp_fasttmr
 .text.tcp_tmr  0x10005790       0x20 CMakeFiles/PICO_MQTT.dir/C_/Program_Files/Raspberry_Pi/Pico_SDK_v1.5.1/pico-sdk/lib/lwip/src/core/tcp.c.obj
                0x10005790                tcp_tmr
 .text.tcp_close
                0x100057b0      0x174 CMakeFiles/PICO_MQTT.dir/C_/Program_Files/Raspberry_Pi/Pico_SDK_v1.5.1/pico-sdk/lib/lwip/src/core/tcp.c.obj
                0x100057b0                tcp_close
 .text.tcp_next_iss
                0x10005924       0x28 CMakeFiles/PICO_MQTT.dir/C_/Program_Files/Raspberry_Pi/Pico_SDK_v1.5.1/pico-sdk/lib/lwip/src/core/tcp.c.obj
                0x10005924                tcp_next_iss
 .text.tcp_eff_send_mss_netif
                0x1000594c       0x38 CMakeFiles/PICO_MQTT.dir/C_/Program_Files/Raspberry_Pi/Pico_SDK_v1.5.1/pico-sdk/lib/lwip/src/core/tcp.c.obj
                0x1000594c                tcp_eff_send_mss_netif
 .text.tcp_netif_ip_addr_changed
                0x10005984       0x9c CMakeFiles/PICO_MQTT.dir/C_/Program_Files/Raspberry_Pi/Pico_SDK_v1.5.1/pico-sdk/lib/lwip/src/core/tcp.c.obj
                0x10005984                tcp_netif_ip_addr_changed
 .text.tcp_free_ooseq
                0x10005a20       0x40 CMakeFiles/PICO_MQTT.dir/C_/Program_Files/Raspberry_Pi/Pico_SDK_v1.5.1/pico-sdk/lib/lwip/src/core/tcp.c.obj
                0x10005a20                tcp_free_ooseq
 .text.tcp_parseopt
                0x10005a60      0x190 CMakeFiles/PICO_MQTT.dir/C_/Program_Files/Raspberry_Pi/Pico_SDK_v1.5.1/pico-sdk/lib/lwip/src/core/tcp_in.c.obj
 .text.tcp_oos_insert_segment
                0x10005bf0       0xe0 CMakeFiles/PICO_MQTT.dir/C_/Program_Files/Raspberry_Pi/Pico_SDK_v1.5.1/pico-sdk/lib/lwip/src/core/tcp_in.c.obj
 .text.tcp_free_acked_segments.constprop.0
                0x10005cd0       0xdc CMakeFiles/PICO_MQTT.dir/C_/Program_Files/Raspberry_Pi/Pico_SDK_v1.5.1/pico-sdk/lib/lwip/src/core/tcp_in.c.obj
 .text.tcp_receive
                0x10005dac      0xa4c CMakeFiles/PICO_MQTT.dir/C_/Program_Files/Raspberry_Pi/Pico_SDK_v1.5.1/pico-sdk/lib/lwip/src/core/tcp_in.c.obj
 .text.tcp_input
                0x100067f8      0xda4 CMakeFiles/PICO_MQTT.dir/C_/Program_Files/Raspberry_Pi/Pico_SDK_v1.5.1/pico-sdk/lib/lwip/src/core/tcp_in.c.obj
                0x100067f8                tcp_input
 .text.tcp_trigger_input_pcb_close
                0x1000759c       0x10 CMakeFiles/PICO_MQTT.dir/C_/Program_Files/Raspberry_Pi/Pico_SDK_v1.5.1/pico-sdk/lib/lwip/src/core/tcp_in.c.obj
                0x1000759c                tcp_trigger_input_pcb_close
 .text.tcp_create_segment
                0x100075ac       0xf8 CMakeFiles/PICO_MQTT.dir/C_/Program_Files/Raspberry_Pi/Pico_SDK_v1.5.1/pico-sdk/lib/lwip/src/core/tcp_out.c.obj
 .text.tcp_output_control_segment
                0x100076a4       0xc0 CMakeFiles/PICO_MQTT.dir/C_/Program_Files/Raspberry_Pi/Pico_SDK_v1.5.1/pico-sdk/lib/lwip/src/core/tcp_out.c.obj
 .text.tcp_output_alloc_header.constprop.0
                0x10007764       0xcc CMakeFiles/PICO_MQTT.dir/C_/Program_Files/Raspberry_Pi/Pico_SDK_v1.5.1/pico-sdk/lib/lwip/src/core/tcp_out.c.obj
 .text.tcp_write
                0x10007830      0x494 CMakeFiles/PICO_MQTT.dir/C_/Program_Files/Raspberry_Pi/Pico_SDK_v1.5.1/pico-sdk/lib/lwip/src/core/tcp_out.c.obj
                0x10007830                tcp_write
 .text.tcp_split_unsent_seg
                0x10007cc4      0x1c4 CMakeFiles/PICO_MQTT.dir/C_/Program_Files/Raspberry_Pi/Pico_SDK_v1.5.1/pico-sdk/lib/lwip/src/core/tcp_out.c.obj
                0x10007cc4                tcp_split_unsent_seg
 .text.tcp_send_fin
                0x10007e88      0x12c CMakeFiles/PICO_MQTT.dir/C_/Program_Files/Raspberry_Pi/Pico_SDK_v1.5.1/pico-sdk/lib/lwip/src/core/tcp_out.c.obj
                0x10007e88                tcp_send_fin
 .text.tcp_enqueue_flags
                0x10007fb4      0x124 CMakeFiles/PICO_MQTT.dir/C_/Program_Files/Raspberry_Pi/Pico_SDK_v1.5.1/pico-sdk/lib/lwip/src/core/tcp_out.c.obj
                0x10007fb4                tcp_enqueue_flags
 .text.tcp_rexmit_rto_prepare
                0x100080d8       0x9c CMakeFiles/PICO_MQTT.dir/C_/Program_Files/Raspberry_Pi/Pico_SDK_v1.5.1/pico-sdk/lib/lwip/src/core/tcp_out.c.obj
                0x100080d8                tcp_rexmit_rto_prepare
 .text.tcp_rexmit
                0x10008174       0x9c CMakeFiles/PICO_MQTT.dir/C_/Program_Files/Raspberry_Pi/Pico_SDK_v1.5.1/pico-sdk/lib/lwip/src/core/tcp_out.c.obj
                0x10008174                tcp_rexmit
 .text.tcp_rexmit_fast
                0x10008210       0x64 CMakeFiles/PICO_MQTT.dir/C_/Program_Files/Raspberry_Pi/Pico_SDK_v1.5.1/pico-sdk/lib/lwip/src/core/tcp_out.c.obj
                0x10008210                tcp_rexmit_fast
 .text.tcp_rst  0x10008274       0xe8 CMakeFiles/PICO_MQTT.dir/C_/Program_Files/Raspberry_Pi/Pico_SDK_v1.5.1/pico-sdk/lib/lwip/src/core/tcp_out.c.obj
                0x10008274                tcp_rst
 .text.tcp_rst_netif
                0x1000835c      0x130 CMakeFiles/PICO_MQTT.dir/C_/Program_Files/Raspberry_Pi/Pico_SDK_v1.5.1/pico-sdk/lib/lwip/src/core/tcp_out.c.obj
                0x1000835c                tcp_rst_netif
 .text.tcp_send_empty_ack
                0x1000848c       0x54 CMakeFiles/PICO_MQTT.dir/C_/Program_Files/Raspberry_Pi/Pico_SDK_v1.5.1/pico-sdk/lib/lwip/src/core/tcp_out.c.obj
                0x1000848c                tcp_send_empty_ack
 .text.tcp_output
                0x100084e0      0x46c CMakeFiles/PICO_MQTT.dir/C_/Program_Files/Raspberry_Pi/Pico_SDK_v1.5.1/pico-sdk/lib/lwip/src/core/tcp_out.c.obj
                0x100084e0                tcp_output
 .text.tcp_rexmit_rto_commit
                0x1000894c       0x24 CMakeFiles/PICO_MQTT.dir/C_/Program_Files/Raspberry_Pi/Pico_SDK_v1.5.1/pico-sdk/lib/lwip/src/core/tcp_out.c.obj
                0x1000894c                tcp_rexmit_rto_commit
 .text.tcp_rexmit_rto
                0x10008970       0xa4 CMakeFiles/PICO_MQTT.dir/C_/Program_Files/Raspberry_Pi/Pico_SDK_v1.5.1/pico-sdk/lib/lwip/src/core/tcp_out.c.obj
                0x10008970                tcp_rexmit_rto
 .text.tcp_keepalive
                0x10008a14       0xe0 CMakeFiles/PICO_MQTT.dir/C_/Program_Files/Raspberry_Pi/Pico_SDK_v1.5.1/pico-sdk/lib/lwip/src/core/tcp_out.c.obj
                0x10008a14                tcp_keepalive
 .text.tcp_zero_window_probe
                0x10008af4      0x108 CMakeFiles/PICO_MQTT.dir/C_/Program_Files/Raspberry_Pi/Pico_SDK_v1.5.1/pico-sdk/lib/lwip/src/core/tcp_out.c.obj
                0x10008af4                tcp_zero_window_probe
 .text.sys_timeout_abs
                0x10008bfc       0x48 CMakeFiles/PICO_MQTT.dir/C_/Program_Files/Raspberry_Pi/Pico_SDK_v1.5.1/pico-sdk/lib/lwip/src/core/timeouts.c.obj
 .text.lwip_cyclic_timer
                0x10008c44       0x38 CMakeFiles/PICO_MQTT.dir/C_/Program_Files/Raspberry_Pi/Pico_SDK_v1.5.1/pico-sdk/lib/lwip/src/core/timeouts.c.obj
 .text.tcpip_tcp_timer
                0x10008c7c       0x3c CMakeFiles/PICO_MQTT.dir/C_/Program_Files/Raspberry_Pi/Pico_SDK_v1.5.1/pico-sdk/lib/lwip/src/core/timeouts.c.obj
 .text.tcp_timer_needed
                0x10008cb8       0x40 CMakeFiles/PICO_MQTT.dir/C_/Program_Files/Raspberry_Pi/Pico_SDK_v1.5.1/pico-sdk/lib/lwip/src/core/timeouts.c.obj
                0x10008cb8                tcp_timer_needed
 .text.sys_timeouts_init
                0x10008cf8       0x90 CMakeFiles/PICO_MQTT.dir/C_/Program_Files/Raspberry_Pi/Pico_SDK_v1.5.1/pico-sdk/lib/lwip/src/core/timeouts.c.obj
                0x10008cf8                sys_timeouts_init
 .text.sys_timeout
                0x10008d88       0x60 CMakeFiles/PICO_MQTT.dir/C_/Program_Files/Raspberry_Pi/Pico_SDK_v1.5.1/pico-sdk/lib/lwip/src/core/timeouts.c.obj
                0x10008d88                sys_timeout
 .text.sys_untimeout
                0x10008de8       0x40 CMakeFiles/PICO_MQTT.dir/C_/Program_Files/Raspberry_Pi/Pico_SDK_v1.5.1/pico-sdk/lib/lwip/src/core/timeouts.c.obj
                0x10008de8                sys_untimeout
 .text.sys_check_timeouts
                0x10008e28       0x68 CMakeFiles/PICO_MQTT.dir/C_/Program_Files/Raspberry_Pi/Pico_SDK_v1.5.1/pico-sdk/lib/lwip/src/core/timeouts.c.obj
                0x10008e28                sys_check_timeouts
 .text.sys_timeouts_sleeptime
                0x10008e90       0x28 CMakeFiles/PICO_MQTT.dir/C_/Program_Files/Raspberry_Pi/Pico_SDK_v1.5.1/pico-sdk/lib/lwip/src/core/timeouts.c.obj
                0x10008e90                sys_timeouts_sleeptime
 .text.udp_init
                0x10008eb8       0x20 CMakeFiles/PICO_MQTT.dir/C_/Program_Files/Raspberry_Pi/Pico_SDK_v1.5.1/pico-sdk/lib/lwip/src/core/udp.c.obj
                0x10008eb8                udp_init
 .text.udp_input
                0x10008ed8      0x24c CMakeFiles/PICO_MQTT.dir/C_/Program_Files/Raspberry_Pi/Pico_SDK_v1.5.1/pico-sdk/lib/lwip/src/core/udp.c.obj
                0x10008ed8                udp_input
 .text.udp_bind
                0x10009124      0x10c CMakeFiles/PICO_MQTT.dir/C_/Program_Files/Raspberry_Pi/Pico_SDK_v1.5.1/pico-sdk/lib/lwip/src/core/udp.c.obj
                0x10009124                udp_bind
 .text.udp_sendto_if_src
                0x10009230      0x130 CMakeFiles/PICO_MQTT.dir/C_/Program_Files/Raspberry_Pi/Pico_SDK_v1.5.1/pico-sdk/lib/lwip/src/core/udp.c.obj
                0x10009230                udp_sendto_if_src
 .text.udp_sendto_if
                0x10009360       0x48 CMakeFiles/PICO_MQTT.dir/C_/Program_Files/Raspberry_Pi/Pico_SDK_v1.5.1/pico-sdk/lib/lwip/src/core/udp.c.obj
                0x10009360                udp_sendto_if
 .text.udp_sendto
                0x100093a8       0x7c CMakeFiles/PICO_MQTT.dir/C_/Program_Files/Raspberry_Pi/Pico_SDK_v1.5.1/pico-sdk/lib/lwip/src/core/udp.c.obj
                0x100093a8                udp_sendto
 .text.udp_connect
                0x10009424       0x64 CMakeFiles/PICO_MQTT.dir/C_/Program_Files/Raspberry_Pi/Pico_SDK_v1.5.1/pico-sdk/lib/lwip/src/core/udp.c.obj
                0x10009424                udp_connect
 .text.udp_recv
                0x10009488        0xc CMakeFiles/PICO_MQTT.dir/C_/Program_Files/Raspberry_Pi/Pico_SDK_v1.5.1/pico-sdk/lib/lwip/src/core/udp.c.obj
                0x10009488                udp_recv
 .text.udp_remove
                0x10009494       0x3c CMakeFiles/PICO_MQTT.dir/C_/Program_Files/Raspberry_Pi/Pico_SDK_v1.5.1/pico-sdk/lib/lwip/src/core/udp.c.obj
                0x10009494                udp_remove
 .text.udp_new  0x100094d0       0x1c CMakeFiles/PICO_MQTT.dir/C_/Program_Files/Raspberry_Pi/Pico_SDK_v1.5.1/pico-sdk/lib/lwip/src/core/udp.c.obj
                0x100094d0                udp_new
 .text.udp_netif_ip_addr_changed
                0x100094ec       0x40 CMakeFiles/PICO_MQTT.dir/C_/Program_Files/Raspberry_Pi/Pico_SDK_v1.5.1/pico-sdk/lib/lwip/src/core/udp.c.obj
                0x100094ec                udp_netif_ip_addr_changed
 .text.dhcp_create_msg
                0x1000952c      0x16c CMakeFiles/PICO_MQTT.dir/C_/Program_Files/Raspberry_Pi/Pico_SDK_v1.5.1/pico-sdk/lib/lwip/src/core/ipv4/dhcp.c.obj
 .text.dhcp_inc_pcb_refcount
                0x10009698       0x6c CMakeFiles/PICO_MQTT.dir/C_/Program_Files/Raspberry_Pi/Pico_SDK_v1.5.1/pico-sdk/lib/lwip/src/core/ipv4/dhcp.c.obj
 .text.dhcp_bind
                0x10009704      0x140 CMakeFiles/PICO_MQTT.dir/C_/Program_Files/Raspberry_Pi/Pico_SDK_v1.5.1/pico-sdk/lib/lwip/src/core/ipv4/dhcp.c.obj
 .text.dhcp_option_hostname.isra.0
                0x10009844       0x8c CMakeFiles/PICO_MQTT.dir/C_/Program_Files/Raspberry_Pi/Pico_SDK_v1.5.1/pico-sdk/lib/lwip/src/core/ipv4/dhcp.c.obj
 .text.dhcp_handle_ack.isra.0
                0x100098d0       0xcc CMakeFiles/PICO_MQTT.dir/C_/Program_Files/Raspberry_Pi/Pico_SDK_v1.5.1/pico-sdk/lib/lwip/src/core/ipv4/dhcp.c.obj
 .text.dhcp_reboot.isra.0
                0x1000999c      0x1e4 CMakeFiles/PICO_MQTT.dir/C_/Program_Files/Raspberry_Pi/Pico_SDK_v1.5.1/pico-sdk/lib/lwip/src/core/ipv4/dhcp.c.obj
 .text.dhcp_discover
                0x10009b80      0x198 CMakeFiles/PICO_MQTT.dir/C_/Program_Files/Raspberry_Pi/Pico_SDK_v1.5.1/pico-sdk/lib/lwip/src/core/ipv4/dhcp.c.obj
 .text.dhcp_select.isra.0
                0x10009d18      0x268 CMakeFiles/PICO_MQTT.dir/C_/Program_Files/Raspberry_Pi/Pico_SDK_v1.5.1/pico-sdk/lib/lwip/src/core/ipv4/dhcp.c.obj
 .text.dhcp_recv
                0x10009f80      0x494 CMakeFiles/PICO_MQTT.dir/C_/Program_Files/Raspberry_Pi/Pico_SDK_v1.5.1/pico-sdk/lib/lwip/src/core/ipv4/dhcp.c.obj
 .text.dhcp_set_struct
                0x1000a414       0x44 CMakeFiles/PICO_MQTT.dir/C_/Program_Files/Raspberry_Pi/Pico_SDK_v1.5.1/pico-sdk/lib/lwip/src/core/ipv4/dhcp.c.obj
                0x1000a414                dhcp_set_struct
 .text.dhcp_network_changed_link_up
                0x1000a458       0x40 CMakeFiles/PICO_MQTT.dir/C_/Program_Files/Raspberry_Pi/Pico_SDK_v1.5.1/pico-sdk/lib/lwip/src/core/ipv4/dhcp.c.obj
                0x1000a458                dhcp_network_changed_link_up
 .text.dhcp_renew
                0x1000a498      0x1b8 CMakeFiles/PICO_MQTT.dir/C_/Program_Files/Raspberry_Pi/Pico_SDK_v1.5.1/pico-sdk/lib/lwip/src/core/ipv4/dhcp.c.obj
                0x1000a498                dhcp_renew
 .text.dhcp_release_and_stop
                0x1000a650      0x180 CMakeFiles/PICO_MQTT.dir/C_/Program_Files/Raspberry_Pi/Pico_SDK_v1.5.1/pico-sdk/lib/lwip/src/core/ipv4/dhcp.c.obj
                0x1000a650                dhcp_release_and_stop
 .text.dhcp_start
                0x1000a7d0       0xb0 CMakeFiles/PICO_MQTT.dir/C_/Program_Files/Raspberry_Pi/Pico_SDK_v1.5.1/pico-sdk/lib/lwip/src/core/ipv4/dhcp.c.obj
                0x1000a7d0                dhcp_start
 .text.dhcp_coarse_tmr
                0x1000a880      0x238 CMakeFiles/PICO_MQTT.dir/C_/Program_Files/Raspberry_Pi/Pico_SDK_v1.5.1/pico-sdk/lib/lwip/src/core/ipv4/dhcp.c.obj
                0x1000a880                dhcp_coarse_tmr
 .text.dhcp_fine_tmr
                0x1000aab8       0x78 CMakeFiles/PICO_MQTT.dir/C_/Program_Files/Raspberry_Pi/Pico_SDK_v1.5.1/pico-sdk/lib/lwip/src/core/ipv4/dhcp.c.obj
                0x1000aab8                dhcp_fine_tmr
 .text.dhcp_stop
                0x1000ab30      0x180 CMakeFiles/PICO_MQTT.dir/C_/Program_Files/Raspberry_Pi/Pico_SDK_v1.5.1/pico-sdk/lib/lwip/src/core/ipv4/dhcp.c.obj
                0x1000ab30                dhcp_stop
 .text.etharp_find_entry
                0x1000acb0     0x1fbc CMakeFiles/PICO_MQTT.dir/C_/Program_Files/Raspberry_Pi/Pico_SDK_v1.5.1/pico-sdk/lib/lwip/src/core/ipv4/etharp.c.obj
 .text.etharp_raw
                0x1000cc6c       0xec CMakeFiles/PICO_MQTT.dir/C_/Program_Files/Raspberry_Pi/Pico_SDK_v1.5.1/pico-sdk/lib/lwip/src/core/ipv4/etharp.c.obj
 .text.etharp_output_to_arp_index
                0x1000cd58       0xe4 CMakeFiles/PICO_MQTT.dir/C_/Program_Files/Raspberry_Pi/Pico_SDK_v1.5.1/pico-sdk/lib/lwip/src/core/ipv4/etharp.c.obj
 .text.etharp_tmr
                0x1000ce3c       0x94 CMakeFiles/PICO_MQTT.dir/C_/Program_Files/Raspberry_Pi/Pico_SDK_v1.5.1/pico-sdk/lib/lwip/src/core/ipv4/etharp.c.obj
                0x1000ce3c                etharp_tmr
 .text.etharp_cleanup_netif
                0x1000ced0      0x188 CMakeFiles/PICO_MQTT.dir/C_/Program_Files/Raspberry_Pi/Pico_SDK_v1.5.1/pico-sdk/lib/lwip/src/core/ipv4/etharp.c.obj
                0x1000ced0                etharp_cleanup_netif
 .text.etharp_input
                0x1000d058      0x1b0 CMakeFiles/PICO_MQTT.dir/C_/Program_Files/Raspberry_Pi/Pico_SDK_v1.5.1/pico-sdk/lib/lwip/src/core/ipv4/etharp.c.obj
                0x1000d058                etharp_input
 .text.etharp_query
                0x1000d208      0x1c0 CMakeFiles/PICO_MQTT.dir/C_/Program_Files/Raspberry_Pi/Pico_SDK_v1.5.1/pico-sdk/lib/lwip/src/core/ipv4/etharp.c.obj
                0x1000d208                etharp_query
 .text.etharp_output
                0x1000d3c8      0x24c CMakeFiles/PICO_MQTT.dir/C_/Program_Files/Raspberry_Pi/Pico_SDK_v1.5.1/pico-sdk/lib/lwip/src/core/ipv4/etharp.c.obj
                0x1000d3c8                etharp_output
 .text.etharp_request
                0x1000d614       0x2c CMakeFiles/PICO_MQTT.dir/C_/Program_Files/Raspberry_Pi/Pico_SDK_v1.5.1/pico-sdk/lib/lwip/src/core/ipv4/etharp.c.obj
                0x1000d614                etharp_request
 .text.icmp_input
                0x1000d640      0x1e8 CMakeFiles/PICO_MQTT.dir/C_/Program_Files/Raspberry_Pi/Pico_SDK_v1.5.1/pico-sdk/lib/lwip/src/core/ipv4/icmp.c.obj
                0x1000d640                icmp_input
 .text.icmp_dest_unreach
                0x1000d828       0xd0 CMakeFiles/PICO_MQTT.dir/C_/Program_Files/Raspberry_Pi/Pico_SDK_v1.5.1/pico-sdk/lib/lwip/src/core/ipv4/icmp.c.obj
                0x1000d828                icmp_dest_unreach
 .text.icmp_time_exceeded
                0x1000d8f8       0xd0 CMakeFiles/PICO_MQTT.dir/C_/Program_Files/Raspberry_Pi/Pico_SDK_v1.5.1/pico-sdk/lib/lwip/src/core/ipv4/icmp.c.obj
                0x1000d8f8                icmp_time_exceeded
 .text.ip_reass_free_complete_datagram
                0x1000d9c8      0x114 CMakeFiles/PICO_MQTT.dir/C_/Program_Files/Raspberry_Pi/Pico_SDK_v1.5.1/pico-sdk/lib/lwip/src/core/ipv4/ip4_frag.c.obj
 .text.ip_reass_remove_oldest_datagram
                0x1000dadc       0xd8 CMakeFiles/PICO_MQTT.dir/C_/Program_Files/Raspberry_Pi/Pico_SDK_v1.5.1/pico-sdk/lib/lwip/src/core/ipv4/ip4_frag.c.obj
 .text.ip_reass_tmr
                0x1000dbb4       0x38 CMakeFiles/PICO_MQTT.dir/C_/Program_Files/Raspberry_Pi/Pico_SDK_v1.5.1/pico-sdk/lib/lwip/src/core/ipv4/ip4_frag.c.obj
                0x1000dbb4                ip_reass_tmr
 .text.ip4_reass
                0x1000dbec      0x534 CMakeFiles/PICO_MQTT.dir/C_/Program_Files/Raspberry_Pi/Pico_SDK_v1.5.1/pico-sdk/lib/lwip/src/core/ipv4/ip4_frag.c.obj
                0x1000dbec                ip4_reass
 .text.ip4_frag
                0x1000e120      0x17c CMakeFiles/PICO_MQTT.dir/C_/Program_Files/Raspberry_Pi/Pico_SDK_v1.5.1/pico-sdk/lib/lwip/src/core/ipv4/ip4_frag.c.obj
                0x1000e120                ip4_frag
 .text.ip4_route
                0x1000e29c       0x7c CMakeFiles/PICO_MQTT.dir/C_/Program_Files/Raspberry_Pi/Pico_SDK_v1.5.1/pico-sdk/lib/lwip/src/core/ipv4/ip4.c.obj
                0x1000e29c                ip4_route
 .text.ip4_input
                0x1000e318      0x2cc CMakeFiles/PICO_MQTT.dir/C_/Program_Files/Raspberry_Pi/Pico_SDK_v1.5.1/pico-sdk/lib/lwip/src/core/ipv4/ip4.c.obj
                0x1000e318                ip4_input
 .text.ip4_output_if
                0x1000e5e4      0x190 CMakeFiles/PICO_MQTT.dir/C_/Program_Files/Raspberry_Pi/Pico_SDK_v1.5.1/pico-sdk/lib/lwip/src/core/ipv4/ip4.c.obj
                0x1000e5e4                ip4_output_if
 .text.ip4_output_if_src
                0x1000e774      0x17c CMakeFiles/PICO_MQTT.dir/C_/Program_Files/Raspberry_Pi/Pico_SDK_v1.5.1/pico-sdk/lib/lwip/src/core/ipv4/ip4.c.obj
                0x1000e774                ip4_output_if_src
 .text.ip4_addr_isbroadcast_u32
                0x1000e8f0       0x3c CMakeFiles/PICO_MQTT.dir/C_/Program_Files/Raspberry_Pi/Pico_SDK_v1.5.1/pico-sdk/lib/lwip/src/core/ipv4/ip4_addr.c.obj
                0x1000e8f0                ip4_addr_isbroadcast_u32
 .text.ip4addr_aton
                0x1000e92c      0x188 CMakeFiles/PICO_MQTT.dir/C_/Program_Files/Raspberry_Pi/Pico_SDK_v1.5.1/pico-sdk/lib/lwip/src/core/ipv4/ip4_addr.c.obj
                0x1000e92c                ip4addr_aton
 .text.ethernet_input
                0x1000eab4       0xd0 CMakeFiles/PICO_MQTT.dir/C_/Program_Files/Raspberry_Pi/Pico_SDK_v1.5.1/pico-sdk/lib/lwip/src/netif/ethernet.c.obj
                0x1000eab4                ethernet_input
 .text.ethernet_output
                0x1000eb84       0x6c CMakeFiles/PICO_MQTT.dir/C_/Program_Files/Raspberry_Pi/Pico_SDK_v1.5.1/pico-sdk/lib/lwip/src/netif/ethernet.c.obj
                0x1000eb84                ethernet_output
 .text.cyw43_arch_wifi_connect_bssid_until.part.0
                0x1000ebf0       0xd8 CMakeFiles/PICO_MQTT.dir/C_/Program_Files/Raspberry_Pi/Pico_SDK_v1.5.1/pico-sdk/src/rp2_common/pico_cyw43_arch/cyw43_arch.c.obj
 .text.cyw43_arch_set_async_context
                0x1000ecc8        0xc CMakeFiles/PICO_MQTT.dir/C_/Program_Files/Raspberry_Pi/Pico_SDK_v1.5.1/pico-sdk/src/rp2_common/pico_cyw43_arch/cyw43_arch.c.obj
                0x1000ecc8                cyw43_arch_set_async_context
 .text.cyw43_arch_enable_sta_mode
                0x1000ecd4       0x1c CMakeFiles/PICO_MQTT.dir/C_/Program_Files/Raspberry_Pi/Pico_SDK_v1.5.1/pico-sdk/src/rp2_common/pico_cyw43_arch/cyw43_arch.c.obj
                0x1000ecd4                cyw43_arch_enable_sta_mode
 .text.cyw43_arch_wifi_connect_timeout_ms
                0x1000ecf0       0x9c CMakeFiles/PICO_MQTT.dir/C_/Program_Files/Raspberry_Pi/Pico_SDK_v1.5.1/pico-sdk/src/rp2_common/pico_cyw43_arch/cyw43_arch.c.obj
                0x1000ecf0                cyw43_arch_wifi_connect_timeout_ms
 .text.cyw43_arch_gpio_put
                0x1000ed8c       0x14 CMakeFiles/PICO_MQTT.dir/C_/Program_Files/Raspberry_Pi/Pico_SDK_v1.5.1/pico-sdk/src/rp2_common/pico_cyw43_arch/cyw43_arch.c.obj
                0x1000ed8c                cyw43_arch_gpio_put
 .text.cyw43_arch_async_context
                0x1000eda0        0xc CMakeFiles/PICO_MQTT.dir/C_/Program_Files/Raspberry_Pi/Pico_SDK_v1.5.1/pico-sdk/src/rp2_common/pico_cyw43_arch/cyw43_arch.c.obj
                0x1000eda0                cyw43_arch_async_context
 .text.cyw43_arch_init
                0x1000edac       0x80 CMakeFiles/PICO_MQTT.dir/C_/Program_Files/Raspberry_Pi/Pico_SDK_v1.5.1/pico-sdk/src/rp2_common/pico_cyw43_arch/cyw43_arch_threadsafe_background.c.obj
                0x1000edac                cyw43_arch_init
 .text.ns_delay.constprop.0
                0x1000ee2c       0x20 CMakeFiles/PICO_MQTT.dir/C_/Program_Files/Raspberry_Pi/Pico_SDK_v1.5.1/pico-sdk/src/rp2_common/pico_cyw43_driver/cyw43_bus_pio_spi.c.obj
 .text.cyw43_spi_deinit
                0x1000ee4c       0x7c CMakeFiles/PICO_MQTT.dir/C_/Program_Files/Raspberry_Pi/Pico_SDK_v1.5.1/pico-sdk/src/rp2_common/pico_cyw43_driver/cyw43_bus_pio_spi.c.obj
                0x1000ee4c                cyw43_spi_deinit
 .text.cyw43_spi_init
                0x1000eec8      0x154 CMakeFiles/PICO_MQTT.dir/C_/Program_Files/Raspberry_Pi/Pico_SDK_v1.5.1/pico-sdk/src/rp2_common/pico_cyw43_driver/cyw43_bus_pio_spi.c.obj
                0x1000eec8                cyw43_spi_init
 .text.cyw43_spi_transfer
                0x1000f01c      0x430 CMakeFiles/PICO_MQTT.dir/C_/Program_Files/Raspberry_Pi/Pico_SDK_v1.5.1/pico-sdk/src/rp2_common/pico_cyw43_driver/cyw43_bus_pio_spi.c.obj
                0x1000f01c                cyw43_spi_transfer
 .text.cyw43_spi_gpio_setup
                0x1000f44c       0x3c CMakeFiles/PICO_MQTT.dir/C_/Program_Files/Raspberry_Pi/Pico_SDK_v1.5.1/pico-sdk/src/rp2_common/pico_cyw43_driver/cyw43_bus_pio_spi.c.obj
                0x1000f44c                cyw43_spi_gpio_setup
 .text.cyw43_spi_reset
                0x1000f488       0x28 CMakeFiles/PICO_MQTT.dir/C_/Program_Files/Raspberry_Pi/Pico_SDK_v1.5.1/pico-sdk/src/rp2_common/pico_cyw43_driver/cyw43_bus_pio_spi.c.obj
                0x1000f488                cyw43_spi_reset
 .text.read_reg_u32_swap
                0x1000f4b0       0x3c CMakeFiles/PICO_MQTT.dir/C_/Program_Files/Raspberry_Pi/Pico_SDK_v1.5.1/pico-sdk/src/rp2_common/pico_cyw43_driver/cyw43_bus_pio_spi.c.obj
                0x1000f4b0                read_reg_u32_swap
 .text.cyw43_read_reg_u32
                0x1000f4ec       0x6c CMakeFiles/PICO_MQTT.dir/C_/Program_Files/Raspberry_Pi/Pico_SDK_v1.5.1/pico-sdk/src/rp2_common/pico_cyw43_driver/cyw43_bus_pio_spi.c.obj
                0x1000f4ec                cyw43_read_reg_u32
 .text.cyw43_read_reg_u16
                0x1000f558       0x6c CMakeFiles/PICO_MQTT.dir/C_/Program_Files/Raspberry_Pi/Pico_SDK_v1.5.1/pico-sdk/src/rp2_common/pico_cyw43_driver/cyw43_bus_pio_spi.c.obj
                0x1000f558                cyw43_read_reg_u16
 .text.cyw43_read_reg_u8
                0x1000f5c4       0x6c CMakeFiles/PICO_MQTT.dir/C_/Program_Files/Raspberry_Pi/Pico_SDK_v1.5.1/pico-sdk/src/rp2_common/pico_cyw43_driver/cyw43_bus_pio_spi.c.obj
                0x1000f5c4                cyw43_read_reg_u8
 .text.write_reg_u32_swap
                0x1000f630      0x1e0 CMakeFiles/PICO_MQTT.dir/C_/Program_Files/Raspberry_Pi/Pico_SDK_v1.5.1/pico-sdk/src/rp2_common/pico_cyw43_driver/cyw43_bus_pio_spi.c.obj
                0x1000f630                write_reg_u32_swap
 .text.cyw43_write_reg_u32
                0x1000f810      0x200 CMakeFiles/PICO_MQTT.dir/C_/Program_Files/Raspberry_Pi/Pico_SDK_v1.5.1/pico-sdk/src/rp2_common/pico_cyw43_driver/cyw43_bus_pio_spi.c.obj
                0x1000f810                cyw43_write_reg_u32
 .text.cyw43_write_reg_u16
                0x1000fa10      0x200 CMakeFiles/PICO_MQTT.dir/C_/Program_Files/Raspberry_Pi/Pico_SDK_v1.5.1/pico-sdk/src/rp2_common/pico_cyw43_driver/cyw43_bus_pio_spi.c.obj
                0x1000fa10                cyw43_write_reg_u16
 .text.cyw43_write_reg_u8
                0x1000fc10      0x200 CMakeFiles/PICO_MQTT.dir/C_/Program_Files/Raspberry_Pi/Pico_SDK_v1.5.1/pico-sdk/src/rp2_common/pico_cyw43_driver/cyw43_bus_pio_spi.c.obj
                0x1000fc10                cyw43_write_reg_u8
 .text.cyw43_read_bytes
                0x1000fe10       0x78 CMakeFiles/PICO_MQTT.dir/C_/Program_Files/Raspberry_Pi/Pico_SDK_v1.5.1/pico-sdk/src/rp2_common/pico_cyw43_driver/cyw43_bus_pio_spi.c.obj
                0x1000fe10                cyw43_read_bytes
 .text.cyw43_write_bytes
                0x1000fe88       0xec CMakeFiles/PICO_MQTT.dir/C_/Program_Files/Raspberry_Pi/Pico_SDK_v1.5.1/pico-sdk/src/rp2_common/pico_cyw43_driver/cyw43_bus_pio_spi.c.obj
                0x1000fe88                cyw43_write_bytes
 .text.cyw43_set_backplane_window
                0x1000ff74       0x64 CMakeFiles/PICO_MQTT.dir/C_/Program_Files/Raspberry_Pi/Pico_SDK_v1.5.1/pico-sdk/lib/cyw43-driver/src/cyw43_ll.c.obj
 .text.cyw43_ll_parse_async_event
                0x1000ffd8      0x13c CMakeFiles/PICO_MQTT.dir/C_/Program_Files/Raspberry_Pi/Pico_SDK_v1.5.1/pico-sdk/lib/cyw43-driver/src/cyw43_ll.c.obj
 .text.cyw43_kso_set
                0x10010114       0xa0 CMakeFiles/PICO_MQTT.dir/C_/Program_Files/Raspberry_Pi/Pico_SDK_v1.5.1/pico-sdk/lib/cyw43-driver/src/cyw43_ll.c.obj
 .text.cyw43_ll_sdpcm_poll_device
                0x100101b4      0x238 CMakeFiles/PICO_MQTT.dir/C_/Program_Files/Raspberry_Pi/Pico_SDK_v1.5.1/pico-sdk/lib/cyw43-driver/src/cyw43_ll.c.obj
 .text.cyw43_sdpcm_send_common
                0x100103ec       0xf0 CMakeFiles/PICO_MQTT.dir/C_/Program_Files/Raspberry_Pi/Pico_SDK_v1.5.1/pico-sdk/lib/cyw43-driver/src/cyw43_ll.c.obj
 .text.cyw43_do_ioctl
                0x100104dc      0x110 CMakeFiles/PICO_MQTT.dir/C_/Program_Files/Raspberry_Pi/Pico_SDK_v1.5.1/pico-sdk/lib/cyw43-driver/src/cyw43_ll.c.obj
 .text.cyw43_do_ioctl.constprop.0
                0x100105ec      0x108 CMakeFiles/PICO_MQTT.dir/C_/Program_Files/Raspberry_Pi/Pico_SDK_v1.5.1/pico-sdk/lib/cyw43-driver/src/cyw43_ll.c.obj
 .text.cyw43_read_backplane.constprop.0
                0x100106f4       0xdc CMakeFiles/PICO_MQTT.dir/C_/Program_Files/Raspberry_Pi/Pico_SDK_v1.5.1/pico-sdk/lib/cyw43-driver/src/cyw43_ll.c.obj
 .text.reset_device_core.constprop.0
                0x100107d0      0x3f0 CMakeFiles/PICO_MQTT.dir/C_/Program_Files/Raspberry_Pi/Pico_SDK_v1.5.1/pico-sdk/lib/cyw43-driver/src/cyw43_ll.c.obj
 .text.cyw43_ll_init
                0x10010bc0       0x1c CMakeFiles/PICO_MQTT.dir/C_/Program_Files/Raspberry_Pi/Pico_SDK_v1.5.1/pico-sdk/lib/cyw43-driver/src/cyw43_ll.c.obj
                0x10010bc0                cyw43_ll_init
 .text.cyw43_ll_deinit
                0x10010bdc        0x8 CMakeFiles/PICO_MQTT.dir/C_/Program_Files/Raspberry_Pi/Pico_SDK_v1.5.1/pico-sdk/lib/cyw43-driver/src/cyw43_ll.c.obj
                0x10010bdc                cyw43_ll_deinit
 .text.cyw43_ll_send_ethernet
                0x10010be4       0x60 CMakeFiles/PICO_MQTT.dir/C_/Program_Files/Raspberry_Pi/Pico_SDK_v1.5.1/pico-sdk/lib/cyw43-driver/src/cyw43_ll.c.obj
                0x10010be4                cyw43_ll_send_ethernet
 .text.cyw43_ll_process_packets
                0x10010c44       0x54 CMakeFiles/PICO_MQTT.dir/C_/Program_Files/Raspberry_Pi/Pico_SDK_v1.5.1/pico-sdk/lib/cyw43-driver/src/cyw43_ll.c.obj
                0x10010c44                cyw43_ll_process_packets
 .text.cyw43_ll_ioctl
                0x10010c98       0x20 CMakeFiles/PICO_MQTT.dir/C_/Program_Files/Raspberry_Pi/Pico_SDK_v1.5.1/pico-sdk/lib/cyw43-driver/src/cyw43_ll.c.obj
                0x10010c98                cyw43_ll_ioctl
 .text.cyw43_ll_bus_sleep
                0x10010cb8       0x34 CMakeFiles/PICO_MQTT.dir/C_/Program_Files/Raspberry_Pi/Pico_SDK_v1.5.1/pico-sdk/lib/cyw43-driver/src/cyw43_ll.c.obj
                0x10010cb8                cyw43_ll_bus_sleep
 .text.cyw43_ll_bus_init
                0x10010cec      0xbf0 CMakeFiles/PICO_MQTT.dir/C_/Program_Files/Raspberry_Pi/Pico_SDK_v1.5.1/pico-sdk/lib/cyw43-driver/src/cyw43_ll.c.obj
                0x10010cec                cyw43_ll_bus_init
 .text.cyw43_ll_wifi_on
                0x100118dc      0x240 CMakeFiles/PICO_MQTT.dir/C_/Program_Files/Raspberry_Pi/Pico_SDK_v1.5.1/pico-sdk/lib/cyw43-driver/src/cyw43_ll.c.obj
                0x100118dc                cyw43_ll_wifi_on
 .text.cyw43_ll_wifi_get_mac
                0x10011b1c       0x44 CMakeFiles/PICO_MQTT.dir/C_/Program_Files/Raspberry_Pi/Pico_SDK_v1.5.1/pico-sdk/lib/cyw43-driver/src/cyw43_ll.c.obj
                0x10011b1c                cyw43_ll_wifi_get_mac
 .text.cyw43_ll_wifi_pm
                0x10011b60      0x194 CMakeFiles/PICO_MQTT.dir/C_/Program_Files/Raspberry_Pi/Pico_SDK_v1.5.1/pico-sdk/lib/cyw43-driver/src/cyw43_ll.c.obj
                0x10011b60                cyw43_ll_wifi_pm
 .text.cyw43_ll_wifi_join
                0x10011cf4      0x310 CMakeFiles/PICO_MQTT.dir/C_/Program_Files/Raspberry_Pi/Pico_SDK_v1.5.1/pico-sdk/lib/cyw43-driver/src/cyw43_ll.c.obj
                0x10011cf4                cyw43_ll_wifi_join
 .text.cyw43_ll_wifi_set_wpa_auth
                0x10012004       0x2c CMakeFiles/PICO_MQTT.dir/C_/Program_Files/Raspberry_Pi/Pico_SDK_v1.5.1/pico-sdk/lib/cyw43-driver/src/cyw43_ll.c.obj
                0x10012004                cyw43_ll_wifi_set_wpa_auth
 .text.cyw43_ll_wifi_rejoin
                0x10012030       0x1c CMakeFiles/PICO_MQTT.dir/C_/Program_Files/Raspberry_Pi/Pico_SDK_v1.5.1/pico-sdk/lib/cyw43-driver/src/cyw43_ll.c.obj
                0x10012030                cyw43_ll_wifi_rejoin
 .text.cyw43_ll_wifi_ap_init
                0x1001204c      0x2c4 CMakeFiles/PICO_MQTT.dir/C_/Program_Files/Raspberry_Pi/Pico_SDK_v1.5.1/pico-sdk/lib/cyw43-driver/src/cyw43_ll.c.obj
                0x1001204c                cyw43_ll_wifi_ap_init
 .text.cyw43_ll_wifi_ap_set_up
                0x10012310       0x54 CMakeFiles/PICO_MQTT.dir/C_/Program_Files/Raspberry_Pi/Pico_SDK_v1.5.1/pico-sdk/lib/cyw43-driver/src/cyw43_ll.c.obj
                0x10012310                cyw43_ll_wifi_ap_set_up
 .text.cyw43_ll_gpio_set
                0x10012364       0x6c CMakeFiles/PICO_MQTT.dir/C_/Program_Files/Raspberry_Pi/Pico_SDK_v1.5.1/pico-sdk/lib/cyw43-driver/src/cyw43_ll.c.obj
                0x10012364                cyw43_ll_gpio_set
 .text.cyw43_ll_has_work
                0x100123d0       0x14 CMakeFiles/PICO_MQTT.dir/C_/Program_Files/Raspberry_Pi/Pico_SDK_v1.5.1/pico-sdk/lib/cyw43-driver/src/cyw43_ll.c.obj
                0x100123d0                cyw43_ll_has_work
 .text.cyw43_netif_init
                0x100123e4       0x3c CMakeFiles/PICO_MQTT.dir/C_/Program_Files/Raspberry_Pi/Pico_SDK_v1.5.1/pico-sdk/lib/cyw43-driver/src/cyw43_lwip.c.obj
 .text.cyw43_netif_output
                0x10012420       0x34 CMakeFiles/PICO_MQTT.dir/C_/Program_Files/Raspberry_Pi/Pico_SDK_v1.5.1/pico-sdk/lib/cyw43-driver/src/cyw43_lwip.c.obj
 .text.cyw43_cb_tcpip_init
                0x10012454       0xfc CMakeFiles/PICO_MQTT.dir/C_/Program_Files/Raspberry_Pi/Pico_SDK_v1.5.1/pico-sdk/lib/cyw43-driver/src/cyw43_lwip.c.obj
                0x10012454                cyw43_cb_tcpip_init
 .text.cyw43_cb_tcpip_deinit
                0x10012550       0x4c CMakeFiles/PICO_MQTT.dir/C_/Program_Files/Raspberry_Pi/Pico_SDK_v1.5.1/pico-sdk/lib/cyw43-driver/src/cyw43_lwip.c.obj
                0x10012550                cyw43_cb_tcpip_deinit
 .text.cyw43_cb_process_ethernet
                0x1001259c       0x68 CMakeFiles/PICO_MQTT.dir/C_/Program_Files/Raspberry_Pi/Pico_SDK_v1.5.1/pico-sdk/lib/cyw43-driver/src/cyw43_lwip.c.obj
                0x1001259c                cyw43_cb_process_ethernet
 .text.cyw43_cb_tcpip_set_link_up
                0x10012604       0x18 CMakeFiles/PICO_MQTT.dir/C_/Program_Files/Raspberry_Pi/Pico_SDK_v1.5.1/pico-sdk/lib/cyw43-driver/src/cyw43_lwip.c.obj
                0x10012604                cyw43_cb_tcpip_set_link_up
 .text.cyw43_cb_tcpip_set_link_down
                0x1001261c       0x18 CMakeFiles/PICO_MQTT.dir/C_/Program_Files/Raspberry_Pi/Pico_SDK_v1.5.1/pico-sdk/lib/cyw43-driver/src/cyw43_lwip.c.obj
                0x1001261c                cyw43_cb_tcpip_set_link_down
 .text.cyw43_tcpip_link_status
                0x10012634       0x34 CMakeFiles/PICO_MQTT.dir/C_/Program_Files/Raspberry_Pi/Pico_SDK_v1.5.1/pico-sdk/lib/cyw43-driver/src/cyw43_lwip.c.obj
                0x10012634                cyw43_tcpip_link_status
 .text.cyw43_poll_func
                0x10012668       0xc0 CMakeFiles/PICO_MQTT.dir/C_/Program_Files/Raspberry_Pi/Pico_SDK_v1.5.1/pico-sdk/lib/cyw43-driver/src/cyw43_ctrl.c.obj
 .text.cyw43_init
                0x10012728       0x6c CMakeFiles/PICO_MQTT.dir/C_/Program_Files/Raspberry_Pi/Pico_SDK_v1.5.1/pico-sdk/lib/cyw43-driver/src/cyw43_ctrl.c.obj
                0x10012728                cyw43_init
 .text.cyw43_deinit
                0x10012794       0x90 CMakeFiles/PICO_MQTT.dir/C_/Program_Files/Raspberry_Pi/Pico_SDK_v1.5.1/pico-sdk/lib/cyw43-driver/src/cyw43_ctrl.c.obj
                0x10012794                cyw43_deinit
 .text.cyw43_cb_read_host_interrupt_pin
                0x10012824        0xc CMakeFiles/PICO_MQTT.dir/C_/Program_Files/Raspberry_Pi/Pico_SDK_v1.5.1/pico-sdk/lib/cyw43-driver/src/cyw43_ctrl.c.obj
                0x10012824                cyw43_cb_read_host_interrupt_pin
 .text.cyw43_cb_ensure_awake
                0x10012830        0xc CMakeFiles/PICO_MQTT.dir/C_/Program_Files/Raspberry_Pi/Pico_SDK_v1.5.1/pico-sdk/lib/cyw43-driver/src/cyw43_ctrl.c.obj
                0x10012830                cyw43_cb_ensure_awake
 .text.cyw43_cb_process_async_event
                0x1001283c      0x228 CMakeFiles/PICO_MQTT.dir/C_/Program_Files/Raspberry_Pi/Pico_SDK_v1.5.1/pico-sdk/lib/cyw43-driver/src/cyw43_ctrl.c.obj
                0x1001283c                cyw43_cb_process_async_event
 .text.cyw43_send_ethernet
                0x10012a64       0xc0 CMakeFiles/PICO_MQTT.dir/C_/Program_Files/Raspberry_Pi/Pico_SDK_v1.5.1/pico-sdk/lib/cyw43-driver/src/cyw43_ctrl.c.obj
                0x10012a64                cyw43_send_ethernet
 .text.cyw43_wifi_get_mac
                0x10012b24       0x10 CMakeFiles/PICO_MQTT.dir/C_/Program_Files/Raspberry_Pi/Pico_SDK_v1.5.1/pico-sdk/lib/cyw43-driver/src/cyw43_ctrl.c.obj
                0x10012b24                cyw43_wifi_get_mac
 .text.cyw43_wifi_set_up
                0x10012b34      0x308 CMakeFiles/PICO_MQTT.dir/C_/Program_Files/Raspberry_Pi/Pico_SDK_v1.5.1/pico-sdk/lib/cyw43-driver/src/cyw43_ctrl.c.obj
                0x10012b34                cyw43_wifi_set_up
 .text.cyw43_wifi_link_status
                0x10012e3c       0x3c CMakeFiles/PICO_MQTT.dir/C_/Program_Files/Raspberry_Pi/Pico_SDK_v1.5.1/pico-sdk/lib/cyw43-driver/src/cyw43_ctrl.c.obj
                0x10012e3c                cyw43_wifi_link_status
 .text.cyw43_wifi_join
                0x10012e78       0xf4 CMakeFiles/PICO_MQTT.dir/C_/Program_Files/Raspberry_Pi/Pico_SDK_v1.5.1/pico-sdk/lib/cyw43-driver/src/cyw43_ctrl.c.obj
                0x10012e78                cyw43_wifi_join
 .text.cyw43_gpio_set
                0x10012f6c       0xa0 CMakeFiles/PICO_MQTT.dir/C_/Program_Files/Raspberry_Pi/Pico_SDK_v1.5.1/pico-sdk/lib/cyw43-driver/src/cyw43_ctrl.c.obj
                0x10012f6c                cyw43_gpio_set
 .text.pio_sm_unclaim
                0x1001300c       0x20 CMakeFiles/PICO_MQTT.dir/C_/Program_Files/Raspberry_Pi/Pico_SDK_v1.5.1/pico-sdk/src/rp2_common/hardware_pio/pio.c.obj
                0x1001300c                pio_sm_unclaim
 .text.pio_claim_unused_sm
                0x1001302c       0x3c CMakeFiles/PICO_MQTT.dir/C_/Program_Files/Raspberry_Pi/Pico_SDK_v1.5.1/pico-sdk/src/rp2_common/hardware_pio/pio.c.obj
                0x1001302c                pio_claim_unused_sm
 .text.pio_can_add_program
                0x10013068       0x68 CMakeFiles/PICO_MQTT.dir/C_/Program_Files/Raspberry_Pi/Pico_SDK_v1.5.1/pico-sdk/src/rp2_common/hardware_pio/pio.c.obj
                0x10013068                pio_can_add_program
 .text.pio_add_program
                0x100130d0       0xc8 CMakeFiles/PICO_MQTT.dir/C_/Program_Files/Raspberry_Pi/Pico_SDK_v1.5.1/pico-sdk/src/rp2_common/hardware_pio/pio.c.obj
                0x100130d0                pio_add_program
 .text.pio_remove_program
                0x10013198       0x34 CMakeFiles/PICO_MQTT.dir/C_/Program_Files/Raspberry_Pi/Pico_SDK_v1.5.1/pico-sdk/src/rp2_common/hardware_pio/pio.c.obj
                0x10013198                pio_remove_program
 .text.pio_sm_set_pindirs_with_mask
                0x100131cc       0xa4 CMakeFiles/PICO_MQTT.dir/C_/Program_Files/Raspberry_Pi/Pico_SDK_v1.5.1/pico-sdk/src/rp2_common/hardware_pio/pio.c.obj
                0x100131cc                pio_sm_set_pindirs_with_mask
 .text.pio_sm_set_consecutive_pindirs
                0x10013270       0xb0 CMakeFiles/PICO_MQTT.dir/C_/Program_Files/Raspberry_Pi/Pico_SDK_v1.5.1/pico-sdk/src/rp2_common/hardware_pio/pio.c.obj
                0x10013270                pio_sm_set_consecutive_pindirs
 .text.dma_channel_unclaim
                0x10013320       0x10 CMakeFiles/PICO_MQTT.dir/C_/Program_Files/Raspberry_Pi/Pico_SDK_v1.5.1/pico-sdk/src/rp2_common/hardware_dma/dma.c.obj
                0x10013320                dma_channel_unclaim
 .text.dma_claim_unused_channel
                0x10013330       0x20 CMakeFiles/PICO_MQTT.dir/C_/Program_Files/Raspberry_Pi/Pico_SDK_v1.5.1/pico-sdk/src/rp2_common/hardware_dma/dma.c.obj
                0x10013330                dma_claim_unused_channel
 .text.dma_channel_cleanup
                0x10013350       0x60 CMakeFiles/PICO_MQTT.dir/C_/Program_Files/Raspberry_Pi/Pico_SDK_v1.5.1/pico-sdk/src/rp2_common/hardware_dma/dma.c.obj
                0x10013350                dma_channel_cleanup
 .text.cyw43_sleep_timeout_reached
                0x100133b0       0x10 CMakeFiles/PICO_MQTT.dir/C_/Program_Files/Raspberry_Pi/Pico_SDK_v1.5.1/pico-sdk/src/rp2_common/pico_cyw43_driver/cyw43_driver.c.obj
 .text.cyw43_irq_init
                0x100133c0       0x28 CMakeFiles/PICO_MQTT.dir/C_/Program_Files/Raspberry_Pi/Pico_SDK_v1.5.1/pico-sdk/src/rp2_common/pico_cyw43_driver/cyw43_driver.c.obj
                0x100133c0                cyw43_irq_init
 .text.cyw43_irq_deinit
                0x100133e8       0x20 CMakeFiles/PICO_MQTT.dir/C_/Program_Files/Raspberry_Pi/Pico_SDK_v1.5.1/pico-sdk/src/rp2_common/pico_cyw43_driver/cyw43_driver.c.obj
                0x100133e8                cyw43_irq_deinit
 .text.cyw43_gpio_irq_handler
                0x10013408       0x44 CMakeFiles/PICO_MQTT.dir/C_/Program_Files/Raspberry_Pi/Pico_SDK_v1.5.1/pico-sdk/src/rp2_common/pico_cyw43_driver/cyw43_driver.c.obj
 .text.cyw43_do_poll
                0x1001344c       0x6c CMakeFiles/PICO_MQTT.dir/C_/Program_Files/Raspberry_Pi/Pico_SDK_v1.5.1/pico-sdk/src/rp2_common/pico_cyw43_driver/cyw43_driver.c.obj
 .text.cyw43_post_poll_hook
                0x100134b8       0x10 CMakeFiles/PICO_MQTT.dir/C_/Program_Files/Raspberry_Pi/Pico_SDK_v1.5.1/pico-sdk/src/rp2_common/pico_cyw43_driver/cyw43_driver.c.obj
                0x100134b8                cyw43_post_poll_hook
 .text.cyw43_schedule_internal_poll_dispatch
                0x100134c8       0x18 CMakeFiles/PICO_MQTT.dir/C_/Program_Files/Raspberry_Pi/Pico_SDK_v1.5.1/pico-sdk/src/rp2_common/pico_cyw43_driver/cyw43_driver.c.obj
                0x100134c8                cyw43_schedule_internal_poll_dispatch
 .text.cyw43_driver_init
                0x100134e0       0x38 CMakeFiles/PICO_MQTT.dir/C_/Program_Files/Raspberry_Pi/Pico_SDK_v1.5.1/pico-sdk/src/rp2_common/pico_cyw43_driver/cyw43_driver.c.obj
                0x100134e0                cyw43_driver_init
 .text.cyw43_driver_deinit
                0x10013518       0x44 CMakeFiles/PICO_MQTT.dir/C_/Program_Files/Raspberry_Pi/Pico_SDK_v1.5.1/pico-sdk/src/rp2_common/pico_cyw43_driver/cyw43_driver.c.obj
                0x10013518                cyw43_driver_deinit
 .text.cyw43_hal_generate_laa_mac
                0x1001355c       0x28 CMakeFiles/PICO_MQTT.dir/C_/Program_Files/Raspberry_Pi/Pico_SDK_v1.5.1/pico-sdk/src/rp2_common/pico_cyw43_driver/cyw43_driver.c.obj
                0x1001355c                cyw43_hal_generate_laa_mac
 .text.cyw43_hal_get_mac
                0x10013584       0x1c CMakeFiles/PICO_MQTT.dir/C_/Program_Files/Raspberry_Pi/Pico_SDK_v1.5.1/pico-sdk/src/rp2_common/pico_cyw43_driver/cyw43_driver.c.obj
                0x10013584                cyw43_hal_get_mac
 .text.cyw43_thread_enter
                0x100135a0       0x14 CMakeFiles/PICO_MQTT.dir/C_/Program_Files/Raspberry_Pi/Pico_SDK_v1.5.1/pico-sdk/src/rp2_common/pico_cyw43_driver/cyw43_driver.c.obj
                0x100135a0                cyw43_thread_enter
 .text.cyw43_thread_exit
                0x100135b4       0x14 CMakeFiles/PICO_MQTT.dir/C_/Program_Files/Raspberry_Pi/Pico_SDK_v1.5.1/pico-sdk/src/rp2_common/pico_cyw43_driver/cyw43_driver.c.obj
                0x100135b4                cyw43_thread_exit
 .text.cyw43_await_background_or_timeout_us
                0x100135c8       0x34 CMakeFiles/PICO_MQTT.dir/C_/Program_Files/Raspberry_Pi/Pico_SDK_v1.5.1/pico-sdk/src/rp2_common/pico_cyw43_driver/cyw43_driver.c.obj
                0x100135c8                cyw43_await_background_or_timeout_us
 .text.cyw43_delay_ms
                0x100135fc       0x44 CMakeFiles/PICO_MQTT.dir/C_/Program_Files/Raspberry_Pi/Pico_SDK_v1.5.1/pico-sdk/src/rp2_common/pico_cyw43_driver/cyw43_driver.c.obj
                0x100135fc                cyw43_delay_ms
 .text.cyw43_delay_us
                0x10013640       0x34 CMakeFiles/PICO_MQTT.dir/C_/Program_Files/Raspberry_Pi/Pico_SDK_v1.5.1/pico-sdk/src/rp2_common/pico_cyw43_driver/cyw43_driver.c.obj
                0x10013640                cyw43_delay_us
 .text.async_context_threadsafe_background_acquire_lock_blocking
                0x10013674        0xc CMakeFiles/PICO_MQTT.dir/C_/Program_Files/Raspberry_Pi/Pico_SDK_v1.5.1/pico-sdk/src/rp2_common/pico_async_context/async_context_threadsafe_background.c.obj
 .text.alarm_handler
                0x10013680       0x20 CMakeFiles/PICO_MQTT.dir/C_/Program_Files/Raspberry_Pi/Pico_SDK_v1.5.1/pico-sdk/src/rp2_common/pico_async_context/async_context_threadsafe_background.c.obj
 .text.async_context_threadsafe_background_set_work_pending
                0x100136a0       0x1c CMakeFiles/PICO_MQTT.dir/C_/Program_Files/Raspberry_Pi/Pico_SDK_v1.5.1/pico-sdk/src/rp2_common/pico_async_context/async_context_threadsafe_background.c.obj
 .text.process_under_lock
                0x100136bc       0xc8 CMakeFiles/PICO_MQTT.dir/C_/Program_Files/Raspberry_Pi/Pico_SDK_v1.5.1/pico-sdk/src/rp2_common/pico_async_context/async_context_threadsafe_background.c.obj
 .text.async_context_threadsafe_background_execute_sync
                0x10013784       0x30 CMakeFiles/PICO_MQTT.dir/C_/Program_Files/Raspberry_Pi/Pico_SDK_v1.5.1/pico-sdk/src/rp2_common/pico_async_context/async_context_threadsafe_background.c.obj
                0x10013784                async_context_threadsafe_background_execute_sync
 .text.async_context_threadsafe_background_deinit
                0x100137b4       0x54 CMakeFiles/PICO_MQTT.dir/C_/Program_Files/Raspberry_Pi/Pico_SDK_v1.5.1/pico-sdk/src/rp2_common/pico_async_context/async_context_threadsafe_background.c.obj
 .text.low_priority_irq_handler
                0x10013808       0x3c CMakeFiles/PICO_MQTT.dir/C_/Program_Files/Raspberry_Pi/Pico_SDK_v1.5.1/pico-sdk/src/rp2_common/pico_async_context/async_context_threadsafe_background.c.obj
 .text.async_context_threadsafe_background_wait_for_work_until
                0x10013844        0xc CMakeFiles/PICO_MQTT.dir/C_/Program_Files/Raspberry_Pi/Pico_SDK_v1.5.1/pico-sdk/src/rp2_common/pico_async_context/async_context_threadsafe_background.c.obj
 .text.async_context_threadsafe_background_wait_until
                0x10013850       0x1c CMakeFiles/PICO_MQTT.dir/C_/Program_Files/Raspberry_Pi/Pico_SDK_v1.5.1/pico-sdk/src/rp2_common/pico_async_context/async_context_threadsafe_background.c.obj
 .text.async_context_threadsafe_background_lock_check
                0x1001386c       0x28 CMakeFiles/PICO_MQTT.dir/C_/Program_Files/Raspberry_Pi/Pico_SDK_v1.5.1/pico-sdk/src/rp2_common/pico_async_context/async_context_threadsafe_background.c.obj
 .text.async_context_threadsafe_background_release_lock
                0x10013894       0x1c CMakeFiles/PICO_MQTT.dir/C_/Program_Files/Raspberry_Pi/Pico_SDK_v1.5.1/pico-sdk/src/rp2_common/pico_async_context/async_context_threadsafe_background.c.obj
 .text.async_context_threadsafe_background_when_pending_worker
                0x100138b0       0x34 CMakeFiles/PICO_MQTT.dir/C_/Program_Files/Raspberry_Pi/Pico_SDK_v1.5.1/pico-sdk/src/rp2_common/pico_async_context/async_context_threadsafe_background.c.obj
 .text.async_context_threadsafe_background_remove_at_time_worker
                0x100138e4       0x34 CMakeFiles/PICO_MQTT.dir/C_/Program_Files/Raspberry_Pi/Pico_SDK_v1.5.1/pico-sdk/src/rp2_common/pico_async_context/async_context_threadsafe_background.c.obj
 .text.async_context_threadsafe_background_add_when_pending_worker
                0x10013918       0x34 CMakeFiles/PICO_MQTT.dir/C_/Program_Files/Raspberry_Pi/Pico_SDK_v1.5.1/pico-sdk/src/rp2_common/pico_async_context/async_context_threadsafe_background.c.obj
 .text.async_context_threadsafe_background_add_at_time_worker
                0x1001394c       0x34 CMakeFiles/PICO_MQTT.dir/C_/Program_Files/Raspberry_Pi/Pico_SDK_v1.5.1/pico-sdk/src/rp2_common/pico_async_context/async_context_threadsafe_background.c.obj
 .text.async_context_threadsafe_background_default_config
                0x10013980        0xc CMakeFiles/PICO_MQTT.dir/C_/Program_Files/Raspberry_Pi/Pico_SDK_v1.5.1/pico-sdk/src/rp2_common/pico_async_context/async_context_threadsafe_background.c.obj
                0x10013980                async_context_threadsafe_background_default_config
 .text.async_context_threadsafe_background_init
                0x1001398c       0x8c CMakeFiles/PICO_MQTT.dir/C_/Program_Files/Raspberry_Pi/Pico_SDK_v1.5.1/pico-sdk/src/rp2_common/pico_async_context/async_context_threadsafe_background.c.obj
                0x1001398c                async_context_threadsafe_background_init
 .text.runtime_init
                0x10013a18       0xf0 CMakeFiles/PICO_MQTT.dir/C_/Program_Files/Raspberry_Pi/Pico_SDK_v1.5.1/pico-sdk/src/rp2_common/pico_runtime/runtime.c.obj
                0x10013a18                runtime_init
 .text._exit    0x10013b08        0x4 CMakeFiles/PICO_MQTT.dir/C_/Program_Files/Raspberry_Pi/Pico_SDK_v1.5.1/pico-sdk/src/rp2_common/pico_runtime/runtime.c.obj
                0x10013b08                _exit
 .text.exit     0x10013b0c        0x8 CMakeFiles/PICO_MQTT.dir/C_/Program_Files/Raspberry_Pi/Pico_SDK_v1.5.1/pico-sdk/src/rp2_common/pico_runtime/runtime.c.obj
                0x10013b0c                exit
 .text.panic    0x10013b14       0x30 CMakeFiles/PICO_MQTT.dir/C_/Program_Files/Raspberry_Pi/Pico_SDK_v1.5.1/pico-sdk/src/rp2_common/pico_runtime/runtime.c.obj
                0x10013b14                panic
 .text.hard_assertion_failure
                0x10013b44        0xc CMakeFiles/PICO_MQTT.dir/C_/Program_Files/Raspberry_Pi/Pico_SDK_v1.5.1/pico-sdk/src/rp2_common/pico_runtime/runtime.c.obj
                0x10013b44                hard_assertion_failure
 .text._out_buffer
                0x10013b50        0x8 CMakeFiles/PICO_MQTT.dir/C_/Program_Files/Raspberry_Pi/Pico_SDK_v1.5.1/pico-sdk/src/rp2_common/pico_printf/printf.c.obj
 .text._out_null
                0x10013b58        0x4 CMakeFiles/PICO_MQTT.dir/C_/Program_Files/Raspberry_Pi/Pico_SDK_v1.5.1/pico-sdk/src/rp2_common/pico_printf/printf.c.obj
 .text._out_rev